Component: ARM Compiler 6.16 Tool: armlink [5dfea300]

==============================================================================

Memory Map of the image

  Image Entry point : 0x08000199

  Load Region LR_IROM1 (Base: 0x08000000, Size: 0x0000ca68, Max: 0x00080000, ABSOLUTE, COMPRESSED[0x0000c94c])

    Execution Region ER_IROM1 (Base: 0x08000000, Size: 0x0000c6a4, Max: 0x00080000, ABSOLUTE)

    Base Addr    Size         Type   Attr      Idx    E Section Name        Object

    0x08000000   0x00000198   Data   RO        32058    RESET               BUILD/NUCLEO_F411RE/ARMC6/mbed-os/targets/TARGET_STM/TARGET_STM32F4/TARGET_STM32F411xE/TOOLCHAIN_ARM/startup_stm32f411xe.o
    0x08000198   0x00000008   Code   RO        32814  * !!!main             /Library/Application Support/Mbed Studio/mbed-studio-tools/ac6/bin/../lib/armlib/c_w.l(__main.o)
    0x080001a0   0x00000034   Code   RO        33365    !!!scatter          /Library/Application Support/Mbed Studio/mbed-studio-tools/ac6/bin/../lib/armlib/c_w.l(__scatter.o)
    0x080001d4   0x00000064   Code   RO        33363    !!dclz77c           /Library/Application Support/Mbed Studio/mbed-studio-tools/ac6/bin/../lib/armlib/c_w.l(__dclz77c.o)
    0x08000238   0x0000001c   Code   RO        33367    !!handler_zi        /Library/Application Support/Mbed Studio/mbed-studio-tools/ac6/bin/../lib/armlib/c_w.l(__scatter_zi.o)
    0x08000254   0x00000002   Code   RO        32813    .ARM.Collect$$libinit$$00000000  /Library/Application Support/Mbed Studio/mbed-studio-tools/ac6/bin/../lib/armlib/c_w.l(libinit.o)
    0x08000256   0x00000004   Code   RO        33020    .ARM.Collect$$libinit$$00000001  /Library/Application Support/Mbed Studio/mbed-studio-tools/ac6/bin/../lib/armlib/c_w.l(libinit2.o)
    0x0800025a   0x00000000   Code   RO        33023    .ARM.Collect$$libinit$$00000004  /Library/Application Support/Mbed Studio/mbed-studio-tools/ac6/bin/../lib/armlib/c_w.l(libinit2.o)
    0x0800025a   0x00000008   Code   RO        33024    .ARM.Collect$$libinit$$00000005  /Library/Application Support/Mbed Studio/mbed-studio-tools/ac6/bin/../lib/armlib/c_w.l(libinit2.o)
    0x08000262   0x00000000   Code   RO        33026    .ARM.Collect$$libinit$$0000000A  /Library/Application Support/Mbed Studio/mbed-studio-tools/ac6/bin/../lib/armlib/c_w.l(libinit2.o)
    0x08000262   0x00000000   Code   RO        33028    .ARM.Collect$$libinit$$0000000C  /Library/Application Support/Mbed Studio/mbed-studio-tools/ac6/bin/../lib/armlib/c_w.l(libinit2.o)
    0x08000262   0x00000000   Code   RO        33030    .ARM.Collect$$libinit$$0000000E  /Library/Application Support/Mbed Studio/mbed-studio-tools/ac6/bin/../lib/armlib/c_w.l(libinit2.o)
    0x08000262   0x00000000   Code   RO        33033    .ARM.Collect$$libinit$$00000011  /Library/Application Support/Mbed Studio/mbed-studio-tools/ac6/bin/../lib/armlib/c_w.l(libinit2.o)
    0x08000262   0x00000000   Code   RO        33035    .ARM.Collect$$libinit$$00000013  /Library/Application Support/Mbed Studio/mbed-studio-tools/ac6/bin/../lib/armlib/c_w.l(libinit2.o)
    0x08000262   0x00000000   Code   RO        33037    .ARM.Collect$$libinit$$00000015  /Library/Application Support/Mbed Studio/mbed-studio-tools/ac6/bin/../lib/armlib/c_w.l(libinit2.o)
    0x08000262   0x00000000   Code   RO        33039    .ARM.Collect$$libinit$$00000017  /Library/Application Support/Mbed Studio/mbed-studio-tools/ac6/bin/../lib/armlib/c_w.l(libinit2.o)
    0x08000262   0x00000000   Code   RO        33041    .ARM.Collect$$libinit$$00000019  /Library/Application Support/Mbed Studio/mbed-studio-tools/ac6/bin/../lib/armlib/c_w.l(libinit2.o)
    0x08000262   0x00000000   Code   RO        33043    .ARM.Collect$$libinit$$0000001B  /Library/Application Support/Mbed Studio/mbed-studio-tools/ac6/bin/../lib/armlib/c_w.l(libinit2.o)
    0x08000262   0x00000000   Code   RO        33045    .ARM.Collect$$libinit$$0000001D  /Library/Application Support/Mbed Studio/mbed-studio-tools/ac6/bin/../lib/armlib/c_w.l(libinit2.o)
    0x08000262   0x00000000   Code   RO        33047    .ARM.Collect$$libinit$$0000001F  /Library/Application Support/Mbed Studio/mbed-studio-tools/ac6/bin/../lib/armlib/c_w.l(libinit2.o)
    0x08000262   0x00000000   Code   RO        33049    .ARM.Collect$$libinit$$00000021  /Library/Application Support/Mbed Studio/mbed-studio-tools/ac6/bin/../lib/armlib/c_w.l(libinit2.o)
    0x08000262   0x00000000   Code   RO        33051    .ARM.Collect$$libinit$$00000023  /Library/Application Support/Mbed Studio/mbed-studio-tools/ac6/bin/../lib/armlib/c_w.l(libinit2.o)
    0x08000262   0x00000004   Code   RO        33052    .ARM.Collect$$libinit$$00000024  /Library/Application Support/Mbed Studio/mbed-studio-tools/ac6/bin/../lib/armlib/c_w.l(libinit2.o)
    0x08000266   0x00000000   Code   RO        33053    .ARM.Collect$$libinit$$00000025  /Library/Application Support/Mbed Studio/mbed-studio-tools/ac6/bin/../lib/armlib/c_w.l(libinit2.o)
[...]
    0x080035d2   0x0000000a   Code   RO        31019    .text.OUTLINED_FUNCTION_8  BUILD/NUCLEO_F411RE/ARMC6/mbed-os/targets/TARGET_STM/TARGET_STM32F4/STM32Cube_FW/STM32F4xx_HAL_Driver/stm32f4xx_hal_tim.o
    0x080035dc   0x0000000e   Code   RO        29538    .text.OUTLINED_FUNCTION_80  BUILD/NUCLEO_F411RE/ARMC6/mbed-os/targets/TARGET_STM/TARGET_STM32F4/STM32Cube_FW/STM32F4xx_HAL_Driver/stm32f4xx_hal_i2c.o
    0x080035ea   0x0000000e   Code   RO        29542    .text.OUTLINED_FUNCTION_82  BUILD/NUCLEO_F411RE/ARMC6/mbed-os/targets/TARGET_STM/TARGET_STM32F4/STM32Cube_FW/STM32F4xx_HAL_Driver/stm32f4xx_hal_i2c.o
    0x080035f8   0x00000008   Code   RO        29552    .text.OUTLINED_FUNCTION_87  BUILD/NUCLEO_F411RE/ARMC6/mbed-os/targets/TARGET_STM/TARGET_STM32F4/STM32Cube_FW/STM32F4xx_HAL_Driver/stm32f4xx_hal_i2c.o
    0x08003600   0x0000002e   Code   RO          876    .text.SemaphoreTokenIncrement  BUILD/NUCLEO_F411RE/ARMC6/mbed-os/cmsis/CMSIS_5/CMSIS/RTOS2/RTX/Source/rtx_semaphore.o
    0x0800362e   0x00000002   PAD
    0x08003630   0x0000002c   Code   RO        32062    .text.SetSysClock   BUILD/NUCLEO_F411RE/ARMC6/mbed-os/targets/TARGET_STM/TARGET_STM32F4/TARGET_STM32F411xE/system_clock.o
    0x0800365c   0x0000008c   Code   RO        32064    .text.SetSysClock_PLL_HSE  BUILD/NUCLEO_F411RE/ARMC6/mbed-os/targets/TARGET_STM/TARGET_STM32F4/TARGET_STM32F411xE/system_clock.o
    0x080036e8   0x0000007c   Code   RO        32066    .text.SetSysClock_PLL_HSI  BUILD/NUCLEO_F411RE/ARMC6/mbed-os/targets/TARGET_STM/TARGET_STM32F4/TARGET_STM32F411xE/system_clock.o
    0x08003764   0x00000100   Code   RO        32171    .text.Set_GPIO_Clock  BUILD/NUCLEO_F411RE/ARMC6/mbed-os/targets/TARGET_STM/gpio_api.o
    0x08003864   0x0000006c   Code   RO        32037    .text.SystemCoreClockUpdate  BUILD/NUCLEO_F411RE/ARMC6/mbed-os/targets/TARGET_STM/TARGET_STM32F4/STM32Cube_FW/system_stm32f4xx.o
    0x080038d0   0x0000001c   Code   RO        32035    .text.SystemInit    BUILD/NUCLEO_F411RE/ARMC6/mbed-os/targets/TARGET_STM/TARGET_STM32F4/STM32Cube_FW/system_stm32f4xx.o
    0x080038ec   0x0000008c   Code   RO        30775    .text.TIM_Base_SetConfig  BUILD/NUCLEO_F411RE/ARMC6/mbed-os/targets/TARGET_STM/TARGET_STM32F4/STM32Cube_FW/STM32F4xx_HAL_Driver/stm32f4xx_hal_tim.o
    0x08003978   0x0000001e   Code   RO        30809    .text.TIM_CCxChannelCmd  BUILD/NUCLEO_F411RE/ARMC6/mbed-os/targets/TARGET_STM/TARGET_STM32F4/STM32Cube_FW/STM32F4xx_HAL_Driver/stm32f4xx_hal_tim.o
    0x08003996   0x0000001e   Code   RO        31169    .text.TIM_CCxNChannelCmd  BUILD/NUCLEO_F411RE/ARMC6/mbed-os/targets/TARGET_STM/TARGET_STM32F4/STM32Cube_FW/STM32F4xx_HAL_Driver/stm32f4xx_hal_tim_ex.o
    0x080039b4   0x00000044   Code   RO        32384    .text.TIM_ChannelConvert_HAL2LL  BUILD/NUCLEO_F411RE/ARMC6/mbed-os/targets/TARGET_STM/pwmout_api.o
    0x080039f8   0x0000004c   Code   RO        30919    .text.TIM_OC1_SetConfig  BUILD/NUCLEO_F411RE/ARMC6/mbed-os/targets/TARGET_STM/TARGET_STM32F4/STM32Cube_FW/STM32F4xx_HAL_Driver/stm32f4xx_hal_tim.o
    0x08003a44   0x00000050   Code   RO        30921    .text.TIM_OC2_SetConfig  BUILD/NUCLEO_F411RE/ARMC6/mbed-os/targets/TARGET_STM/TARGET_STM32F4/STM32Cube_FW/STM32F4xx_HAL_Driver/stm32f4xx_hal_tim.o
    0x08003a94   0x00000050   Code   RO        30923    .text.TIM_OC3_SetConfig  BUILD/NUCLEO_F411RE/ARMC6/mbed-os/targets/TARGET_STM/TARGET_STM32F4/STM32Cube_FW/STM32F4xx_HAL_Driver/stm32f4xx_hal_tim.o
    0x08003ae4   0x00000044   Code   RO        30925    .text.TIM_OC4_SetConfig  BUILD/NUCLEO_F411RE/ARMC6/mbed-os/targets/TARGET_STM/TARGET_STM32F4/STM32Cube_FW/STM32F4xx_HAL_Driver/stm32f4xx_hal_tim.o
    0x08003b28   0x00000064   Code   RO          978    .text.ThreadFlagsCheck  BUILD/NUCLEO_F411RE/ARMC6/mbed-os/cmsis/CMSIS_5/CMSIS/RTOS2/RTX/Source/rtx_thread.o
    0x08003b8c   0x00000048   Code   RO         1062    .text.TimerInsert   BUILD/NUCLEO_F411RE/ARMC6/mbed-os/cmsis/CMSIS_5/CMSIS/RTOS2/RTX/Source/rtx_timer.o
    0x08003bd4   0x000000ac   Code   RO        31305    .text.UART_SetConfig  BUILD/NUCLEO_F411RE/ARMC6/mbed-os/targets/TARGET_STM/TARGET_STM32F4/STM32Cube_FW/STM32F4xx_HAL_Driver/stm32f4xx_hal_uart.o
    0x08003c80   0x0000004c   Code   RO          220    .text.VL53L0X_ClearInterruptMask  BUILD/NUCLEO_F411RE/ARMC6/VL53L0X/core/src/vl53l0x_api.o
    0x08003ccc   0x0000014c   Code   RO           94    .text.VL53L0X_DataInit  BUILD/NUCLEO_F411RE/ARMC6/VL53L0X/core/src/vl53l0x_api.o
    0x08003e18   0x00000004   Code   RO           58    .text.VL53L0X_GetDeviceInfo  BUILD/NUCLEO_F411RE/ARMC6/VL53L0X/core/src/vl53l0x_api.o
    0x08003e1c   0x0000007e   Code   RO           96    .text.VL53L0X_GetDeviceParameters  BUILD/NUCLEO_F411RE/ARMC6/VL53L0X/core/src/vl53l0x_api.o
    0x08003e9a   0x0000001a   Code   RO          108    .text.VL53L0X_GetFractionEnable  BUILD/NUCLEO_F411RE/ARMC6/VL53L0X/core/src/vl53l0x_api.o
    0x08003eb4   0x0000003a   Code   RO          132    .text.VL53L0X_GetInterMeasurementPeriodMilliSeconds  BUILD/NUCLEO_F411RE/ARMC6/VL53L0X/core/src/vl53l0x_api.o
    0x08003eee   0x00000024   Code   RO          208    .text.VL53L0X_GetInterruptMaskStatus  BUILD/NUCLEO_F411RE/ARMC6/VL53L0X/core/src/vl53l0x_api.o
    0x08003f12   0x0000003c   Code   RO          202    .text.VL53L0X_GetInterruptThresholds  BUILD/NUCLEO_F411RE/ARMC6/VL53L0X/core/src/vl53l0x_api.o
    0x08003f4e   0x00000018   Code   RO          138    .text.VL53L0X_GetLimitCheckEnable  BUILD/NUCLEO_F411RE/ARMC6/VL53L0X/core/src/vl53l0x_api.o
    0x08003f66   0x00000002   PAD
    0x08003f68   0x00000088   Code   RO          136    .text.VL53L0X_GetLimitCheckValue  BUILD/NUCLEO_F411RE/ARMC6/VL53L0X/core/src/vl53l0x_api.o
    0x08003ff0   0x0000003a   Code   RO          206    .text.VL53L0X_GetMeasurementDataReady  BUILD/NUCLEO_F411RE/ARMC6/VL53L0X/core/src/vl53l0x_api.o
    0x0800402a   0x00000106   Code   RO          212    .text.VL53L0X_GetRangingMeasurementData  BUILD/NUCLEO_F411RE/ARMC6/VL53L0X/core/src/vl53l0x_api.o
    0x08004130   0x00000034   Code   RO          156    .text.VL53L0X_GetSequenceStepEnables  BUILD/NUCLEO_F411RE/ARMC6/VL53L0X/core/src/vl53l0x_api.o
    0x08004164   0x00000004   Code   RO          112    .text.VL53L0X_GetVcselPulsePeriod  BUILD/NUCLEO_F411RE/ARMC6/VL53L0X/core/src/vl53l0x_api.o
    0x08004168   0x00000012   Code   RO           52    .text.VL53L0X_GetVersion  BUILD/NUCLEO_F411RE/ARMC6/VL53L0X/core/src/vl53l0x_api.o
    0x0800417a   0x00000026   Code   RO          140    .text.VL53L0X_GetWrapAroundCheckEnable  BUILD/NUCLEO_F411RE/ARMC6/VL53L0X/core/src/vl53l0x_api.o
    0x080041a0   0x00000006   Code   RO          168    .text.VL53L0X_GetXTalkCompensationEnable  BUILD/NUCLEO_F411RE/ARMC6/VL53L0X/core/src/vl53l0x_api.o
    0x080041a6   0x0000002e   Code   RO          134    .text.VL53L0X_GetXTalkCompensationRateMegaCps  BUILD/NUCLEO_F411RE/ARMC6/VL53L0X/core/src/vl53l0x_api.o
    0x080041d4   0x00000006   Code   RO          192    .text.VL53L0X_PerformRefCalibration  BUILD/NUCLEO_F411RE/ARMC6/VL53L0X/core/src/vl53l0x_api.o
    0x080041da   0x00000004   Code   RO          248    .text.VL53L0X_PerformRefSpadManagement  BUILD/NUCLEO_F411RE/ARMC6/VL53L0X/core/src/vl53l0x_api.o
    0x080041de   0x0000002e   Code   RO          186    .text.VL53L0X_PerformSingleMeasurement  BUILD/NUCLEO_F411RE/ARMC6/VL53L0X/core/src/vl53l0x_api.o
    0x0800420c   0x00000028   Code   RO          218    .text.VL53L0X_PerformSingleRangingMeasurement  BUILD/NUCLEO_F411RE/ARMC6/VL53L0X/core/src/vl53l0x_api.o
    0x08004234   0x0000001a   Code   RO          440    .text.VL53L0X_PollingDelay  BUILD/NUCLEO_F411RE/ARMC6/VL53L0X/platform/src/vl53l0x_platform.o
    0x0800424e   0x00000034   Code   RO          434    .text.VL53L0X_RdByte  BUILD/NUCLEO_F411RE/ARMC6/VL53L0X/platform/src/vl53l0x_platform.o
    0x08004282   0x00000034   Code   RO          438    .text.VL53L0X_RdDWord  BUILD/NUCLEO_F411RE/ARMC6/VL53L0X/platform/src/vl53l0x_platform.o
    0x080042b6   0x00000038   Code   RO          436    .text.VL53L0X_RdWord  BUILD/NUCLEO_F411RE/ARMC6/VL53L0X/platform/src/vl53l0x_platform.o
    0x080042ee   0x0000008a   Code   RO          424    .text.VL53L0X_ReadMulti  BUILD/NUCLEO_F411RE/ARMC6/VL53L0X/platform/src/vl53l0x_platform.o
    0x08004378   0x00000020   Code   RO          120    .text.VL53L0X_SetDeviceMode  BUILD/NUCLEO_F411RE/ARMC6/VL53L0X/core/src/vl53l0x_api.o
    0x08004398   0x000000e8   Code   RO          106    .text.VL53L0X_SetGpioConfig  BUILD/NUCLEO_F411RE/ARMC6/VL53L0X/core/src/vl53l0x_api.o
    0x08004480   0x00000082   Code   RO           98    .text.VL53L0X_SetLimitCheckEnable  BUILD/NUCLEO_F411RE/ARMC6/VL53L0X/core/src/vl53l0x_api.o
    0x08004502   0x00000002   PAD
    0x08004504   0x00000052   Code   RO          100    .text.VL53L0X_SetLimitCheckValue  BUILD/NUCLEO_F411RE/ARMC6/VL53L0X/core/src/vl53l0x_api.o
    0x08004556   0x00000002   PAD
    0x08004558   0x000000a2   Code   RO          110    .text.VL53L0X_SetSequenceStepEnable  BUILD/NUCLEO_F411RE/ARMC6/VL53L0X/core/src/vl53l0x_api.o
    0x080045fa   0x00000002   PAD
    0x080045fc   0x000000dc   Code   RO          188    .text.VL53L0X_StartMeasurement  BUILD/NUCLEO_F411RE/ARMC6/VL53L0X/core/src/vl53l0x_api.o
    0x080046d8   0x00000174   Code   RO           74    .text.VL53L0X_StaticInit  BUILD/NUCLEO_F411RE/ARMC6/VL53L0X/core/src/vl53l0x_api.o
    0x0800484c   0x0000006c   Code   RO          432    .text.VL53L0X_UpdateByte  BUILD/NUCLEO_F411RE/ARMC6/VL53L0X/platform/src/vl53l0x_platform.o
    0x080048b8   0x0000002a   Code   RO          426    .text.VL53L0X_WrByte  BUILD/NUCLEO_F411RE/ARMC6/VL53L0X/platform/src/vl53l0x_platform.o
    0x080048e2   0x00000030   Code   RO          428    .text.VL53L0X_WrWord  BUILD/NUCLEO_F411RE/ARMC6/VL53L0X/platform/src/vl53l0x_platform.o
    0x08004912   0x00000058   Code   RO          422    .text.VL53L0X_WriteMulti  BUILD/NUCLEO_F411RE/ARMC6/VL53L0X/platform/src/vl53l0x_platform.o
    0x0800496a   0x00000002   PAD
    0x0800496c   0x00000250   Code   RO          375    .text.VL53L0X_calc_sigma_estimate  BUILD/NUCLEO_F411RE/ARMC6/VL53L0X/core/src/vl53l0x_api_core.o
    0x08004bbc   0x00000020   Code   RO          347    .text.VL53L0X_encode_timeout  BUILD/NUCLEO_F411RE/ARMC6/VL53L0X/core/src/vl53l0x_api_core.o
    0x08004bdc   0x000000bc   Code   RO          400    .text.VL53L0X_get_device_info  BUILD/NUCLEO_F411RE/ARMC6/VL53L0X/core/src/vl53l0x_api_strings.o
    0x08004c98   0x00000508   Code   RO          343    .text.VL53L0X_get_info_from_device  BUILD/NUCLEO_F411RE/ARMC6/VL53L0X/core/src/vl53l0x_api_core.o
    0x080051a0   0x000000c2   Code   RO          365    .text.VL53L0X_get_measurement_timing_budget_micro_seconds  BUILD/NUCLEO_F411RE/ARMC6/VL53L0X/core/src/vl53l0x_api_core.o
    0x08005262   0x00000002   PAD
    0x08005264   0x00000038   Code   RO          278    .text.VL53L0X_get_offset_calibration_data_micro_meter  BUILD/NUCLEO_F411RE/ARMC6/VL53L0X/core/src/vl53l0x_api_calibration.o
    0x0800529c   0x00000202   Code   RO          377    .text.VL53L0X_get_pal_range_status  BUILD/NUCLEO_F411RE/ARMC6/VL53L0X/core/src/vl53l0x_api_core.o
    0x0800549e   0x0000001c   Code   RO          371    .text.VL53L0X_get_total_signal_rate  BUILD/NUCLEO_F411RE/ARMC6/VL53L0X/core/src/vl53l0x_api_core.o
    0x080054ba   0x0000002c   Code   RO          369    .text.VL53L0X_get_total_xtalk_rate  BUILD/NUCLEO_F411RE/ARMC6/VL53L0X/core/src/vl53l0x_api_core.o
    0x080054e6   0x00000030   Code   RO          361    .text.VL53L0X_get_vcsel_pulse_period  BUILD/NUCLEO_F411RE/ARMC6/VL53L0X/core/src/vl53l0x_api_core.o
    0x08005516   0x0000002a   Code   RO          337    .text.VL53L0X_isqrt  BUILD/NUCLEO_F411RE/ARMC6/VL53L0X/core/src/vl53l0x_api_core.o
    0x08005540   0x0000008c   Code   RO          367    .text.VL53L0X_load_tuning_settings  BUILD/NUCLEO_F411RE/ARMC6/VL53L0X/core/src/vl53l0x_api_core.o
    0x080055cc   0x0000003a   Code   RO          331    .text.VL53L0X_measurement_poll_for_completion  BUILD/NUCLEO_F411RE/ARMC6/VL53L0X/core/src/vl53l0x_api_core.o
    0x08005606   0x0000006e   Code   RO          312    .text.VL53L0X_perform_phase_calibration  BUILD/NUCLEO_F411RE/ARMC6/VL53L0X/core/src/vl53l0x_api_calibration.o
    0x08005674   0x00000038   Code   RO          300    .text.VL53L0X_perform_ref_calibration  BUILD/NUCLEO_F411RE/ARMC6/VL53L0X/core/src/vl53l0x_api_calibration.o
    0x080056ac   0x0000027c   Code   RO          298    .text.VL53L0X_perform_ref_spad_management  BUILD/NUCLEO_F411RE/ARMC6/VL53L0X/core/src/vl53l0x_api_calibration.o
    0x08005928   0x000000be   Code   RO          363    .text.VL53L0X_set_measurement_timing_budget_micro_seconds  BUILD/NUCLEO_F411RE/ARMC6/VL53L0X/core/src/vl53l0x_api_core.o
    0x080059e6   0x00000002   PAD
    0x080059e8   0x000000a8   Code   RO          302    .text.VL53L0X_set_reference_spads  BUILD/NUCLEO_F411RE/ARMC6/VL53L0X/core/src/vl53l0x_api_calibration.o
    0x08005a90   0x00000074   Code   RO          460    .text._GLOBAL__sub_I_main.cpp  BUILD/NUCLEO_F411RE/ARMC6/main.o
    0x08005b04   0x0000011c   Code   RO          454    .text._Z12takereadingsv  BUILD/NUCLEO_F411RE/ARMC6/main.o
    0x08005c20   0x000000b0   Code   RO          294    .text._Z16enable_ref_spadsP13VL53L0X_Dev_thPhS1_jjjjPj  BUILD/NUCLEO_F411RE/ARMC6/VL53L0X/core/src/vl53l0x_api_calibration.o
    0x08005cd0   0x0000000a   Code   RO          292    .text._Z16get_ref_spad_mapP13VL53L0X_Dev_tPh  BUILD/NUCLEO_F411RE/ARMC6/VL53L0X/core/src/vl53l0x_api_calibration.o
    0x08005cda   0x0000000a   Code   RO          290    .text._Z16set_ref_spad_mapP13VL53L0X_Dev_tPh  BUILD/NUCLEO_F411RE/ARMC6/VL53L0X/core/src/vl53l0x_api_calibration.o
    0x08005ce4   0x000000dc   Code   RO          373    .text._Z17VL53L0X_calc_dmaxP13VL53L0X_Dev_tjjjjjjPj  BUILD/NUCLEO_F411RE/ARMC6/VL53L0X/core/src/vl53l0x_api_core.o
    0x08005dc0   0x00000050   Code   RO          282    .text._Z18get_next_good_spadPhjjPi  BUILD/NUCLEO_F411RE/ARMC6/VL53L0X/core/src/vl53l0x_api_calibration.o
    0x08005e10   0x00000038   Code   RO          398    .text._Z23VL53L0X_check_part_usedP13VL53L0X_Dev_tPhP20VL53L0X_DeviceInfo_t  BUILD/NUCLEO_F411RE/ARMC6/VL53L0X/core/src/vl53l0x_api_strings.o
    0x08005e48   0x0000004e   Code   RO          341    .text._Z26VL53L0X_device_read_strobeP13VL53L0X_Dev_t  BUILD/NUCLEO_F411RE/ARMC6/VL53L0X/core/src/vl53l0x_api_core.o
    0x08005e96   0x00000002   PAD
    0x08005e98   0x000000b4   Code   RO          308    .text._Z26VL53L0X_ref_calibration_ioP13VL53L0X_Dev_thhhPhS1_hh  BUILD/NUCLEO_F411RE/ARMC6/VL53L0X/core/src/vl53l0x_api_calibration.o
    0x08005f4c   0x00000052   Code   RO          296    .text._Z30perform_ref_signal_measurementP13VL53L0X_Dev_tPt  BUILD/NUCLEO_F411RE/ARMC6/VL53L0X/core/src/vl53l0x_api_calibration.o
    0x08005f9e   0x0000006a   Code   RO          310    .text._Z31VL53L0X_perform_vhv_calibrationP13VL53L0X_Dev_tPhhh  BUILD/NUCLEO_F411RE/ARMC6/VL53L0X/core/src/vl53l0x_api_calibration.o
    0x08006008   0x00000074   Code   RO          200    .text._Z37VL53L0X_CheckAndLoadInterruptSettingsP13VL53L0X_Dev_th  BUILD/NUCLEO_F411RE/ARMC6/VL53L0X/core/src/vl53l0x_api.o
    0x0800607c   0x00000032   Code   RO          306    .text._Z38VL53L0X_perform_single_ref_calibrationP13VL53L0X_Dev_th  BUILD/NUCLEO_F411RE/ARMC6/VL53L0X/core/src/vl53l0x_api_calibration.o
    0x080060ae   0x00000002   Code   RO          456    .text._Z7comparev   BUILD/NUCLEO_F411RE/ARMC6/main.o
    0x080060b0   0x0000000e   Code   RO        26493    .text._ZL12convert_crlfi  BUILD/NUCLEO_F411RE/ARMC6/mbed-os/platform/source/mbed_retarget.o
    0x080060be   0x00000002   PAD
    0x080060c0   0x00000010   Code   RO        21776    .text._ZL14singleton_lockv  BUILD/NUCLEO_F411RE/ARMC6/mbed-os/connectivity/netsocket/source/nsapi_dns.o
    0x080060d0   0x00000010   Code   RO        26589    .text._ZL14singleton_lockv  BUILD/NUCLEO_F411RE/ARMC6/mbed-os/platform/source/mbed_retarget.o
    0x080060e0   0x0000000c   Code   RO        21778    .text._ZL16singleton_unlockv  BUILD/NUCLEO_F411RE/ARMC6/mbed-os/connectivity/netsocket/source/nsapi_dns.o
    0x080060ec   0x00000010   Code   RO        26591    .text._ZL16singleton_unlockv  BUILD/NUCLEO_F411RE/ARMC6/mbed-os/platform/source/mbed_retarget.o
    0x080060fc   0x0000001a   Code   RO         1173    .text._ZL17default_idle_hookv  BUILD/NUCLEO_F411RE/ARMC6/mbed-os/cmsis/device/rtos/source/mbed_rtx_idle.o
    0x08006116   0x00000002   PAD
    0x08006118   0x00000018   Code   RO        26485    .text._ZL18handle_open_errorsij  BUILD/NUCLEO_F411RE/ARMC6/mbed-os/platform/source/mbed_retarget.o
    0x08006130   0x00000048   Code   RO        26471    .text._ZL18reserve_filehandlev  BUILD/NUCLEO_F411RE/ARMC6/mbed-os/platform/source/mbed_retarget.o
    0x08006178   0x00000010   Code   RO        25761    .text._ZN10CThunkBase11cthunk_freeEPFvvE  BUILD/NUCLEO_F411RE/ARMC6/mbed-os/platform/source/CThunkBase.o
    0x08006188   0x00000018   Code   RO        26455    .text._ZN12DirectSerial4readEPvj  BUILD/NUCLEO_F411RE/ARMC6/mbed-os/platform/source/mbed_retarget.o
    0x080061a0   0x00000008   Code   RO        26645    .text._ZN12DirectSerial4seekEli  BUILD/NUCLEO_F411RE/ARMC6/mbed-os/platform/source/mbed_retarget.o
    0x080061a8   0x00000006   Code   RO        26651    .text._ZN12DirectSerial4sizeEv  BUILD/NUCLEO_F411RE/ARMC6/mbed-os/platform/source/mbed_retarget.o
    0x080061ae   0x00000004   Code   RO        26647    .text._ZN12DirectSerial5closeEv  BUILD/NUCLEO_F411RE/ARMC6/mbed-os/platform/source/mbed_retarget.o
    0x080061b2   0x00000002   PAD
    0x080061b4   0x00000020   Code   RO        26453    .text._ZN12DirectSerial5writeEPKvj  BUILD/NUCLEO_F411RE/ARMC6/mbed-os/platform/source/mbed_retarget.o
    0x080061d4   0x00000004   Code   RO        26649    .text._ZN12DirectSerial6isattyEv  BUILD/NUCLEO_F411RE/ARMC6/mbed-os/platform/source/mbed_retarget.o
    0x080061d8   0x00000034   Code   RO        26451    .text._ZN12DirectSerialC2ERK15serial_pinmap_ti  BUILD/NUCLEO_F411RE/ARMC6/mbed-os/platform/source/mbed_retarget.o
    0x0800620c   0x00000004   Code   RO        26643    .text._ZN12DirectSerialD0Ev  BUILD/NUCLEO_F411RE/ARMC6/mbed-os/platform/source/mbed_retarget.o
    0x08006210   0x00000018   Code   RO           25    .text._ZN4mbed10DigitalOutC2E7PinName  BUILD/NUCLEO_F411RE/ARMC6/HCSR04/HCSR04.o
    0x08006228   0x00000006   Code   RO        24270    .text._ZN4mbed10FileHandle12enable_inputEb  BUILD/NUCLEO_F411RE/ARMC6/mbed-os/drivers/usb/source/USBKeyboard.o
    0x0800622e   0x00000002   PAD
    0x08006230   0x00000010   Code   RO        23392    .text._ZN4mbed10FileHandle12set_blockingEb  BUILD/NUCLEO_F411RE/ARMC6/mbed-os/drivers/source/UnbufferedSerial.o
    0x08006240   0x00000006   Code   RO        24272    .text._ZN4mbed10FileHandle13enable_outputEb  BUILD/NUCLEO_F411RE/ARMC6/mbed-os/drivers/usb/source/USBKeyboard.o
    0x08006246   0x00000004   Code   RO        23386    .text._ZN4mbed10FileHandle4syncEv  BUILD/NUCLEO_F411RE/ARMC6/mbed-os/drivers/source/UnbufferedSerial.o
    0x0800624a   0x0000000a   Code   RO        22622    .text._ZN4mbed10FileHandle4tellEv  BUILD/NUCLEO_F411RE/ARMC6/mbed-os/drivers/source/BufferedSerial.o
    0x08006254   0x00000002   Code   RO        23396    .text._ZN4mbed10FileHandle5sigioENS_8CallbackIFvvEEE  BUILD/NUCLEO_F411RE/ARMC6/mbed-os/drivers/source/UnbufferedSerial.o
    0x08006256   0x0000000a   Code   RO        22624    .text._ZN4mbed10FileHandle6rewindEv  BUILD/NUCLEO_F411RE/ARMC6/mbed-os/drivers/source/BufferedSerial.o
    0x08006260   0x00000006   Code   RO        22626    .text._ZN4mbed10FileHandle8truncateEl  BUILD/NUCLEO_F411RE/ARMC6/mbed-os/drivers/source/BufferedSerial.o
    0x08006266   0x00000002   Code   RO        25835    .text._ZN4mbed10FileHandleD2Ev  BUILD/NUCLEO_F411RE/ARMC6/mbed-os/platform/source/FileHandle.o
    0x08006268   0x0000001a   Code   RO        22877    .text._ZN4mbed11InterruptIn12_irq_handlerEj14gpio_irq_event  BUILD/NUCLEO_F411RE/ARMC6/mbed-os/drivers/source/InterruptIn.o
    0x08006282   0x0000002c   Code   RO        22889    .text._ZN4mbed11InterruptIn4fallENS_8CallbackIFvvEEE  BUILD/NUCLEO_F411RE/ARMC6/mbed-os/drivers/source/InterruptIn.o
    0x080062ae   0x0000002c   Code   RO        22887    .text._ZN4mbed11InterruptIn4riseENS_8CallbackIFvvEEE  BUILD/NUCLEO_F411RE/ARMC6/mbed-os/drivers/source/InterruptIn.o
    0x080062da   0x00000002   PAD
    0x080062dc   0x00000010   Code   RO        22873    .text._ZN4mbed11InterruptIn8irq_initE7PinName  BUILD/NUCLEO_F411RE/ARMC6/mbed-os/drivers/source/InterruptIn.o
    0x080062ec   0x00000030   Code   RO        22871    .text._ZN4mbed11InterruptInC2E7PinName  BUILD/NUCLEO_F411RE/ARMC6/mbed-os/drivers/source/InterruptIn.o
    0x0800631c   0x0000000e   Code   RO        22881    .text._ZN4mbed11InterruptInD0Ev  BUILD/NUCLEO_F411RE/ARMC6/mbed-os/drivers/source/InterruptIn.o
    0x0800632a   0x00000002   PAD
    0x0800632c   0x0000001c   Code   RO        22879    .text._ZN4mbed11InterruptInD2Ev  BUILD/NUCLEO_F411RE/ARMC6/mbed-os/drivers/source/InterruptIn.o
    0x08006348   0x0000001a   Code   RO        22749    .text._ZN4mbed12DigitalInOut4modeE7PinMode  BUILD/NUCLEO_F411RE/ARMC6/mbed-os/drivers/source/DigitalInOut.o
    0x08006362   0x00000018   Code   RO        22747    .text._ZN4mbed12DigitalInOut5inputEv  BUILD/NUCLEO_F411RE/ARMC6/mbed-os/drivers/source/DigitalInOut.o
    0x0800637a   0x00000018   Code   RO        22745    .text._ZN4mbed12DigitalInOut6outputEv  BUILD/NUCLEO_F411RE/ARMC6/mbed-os/drivers/source/DigitalInOut.o
    0x08006392   0x00000024   Code   RO         2742    .text._ZN4mbed12DigitalInOutC2E7PinName12PinDirection7PinModei  BUILD/NUCLEO_F411RE/ARMC6/mbed-os/connectivity/drivers/cellular/Altair/ALT1250/PPP/ALT1250_PPP.o
    0x080063b6   0x00000002   PAD
    0x080063b8   0x00000070   Code   RO        26467    .text._ZN4mbed16mbed_file_handleEi  BUILD/NUCLEO_F411RE/ARMC6/mbed-os/platform/source/mbed_retarget.o
    0x08006428   0x0000000c   Code   RO        25783    .text._ZN4mbed19CriticalSectionLockC2Ev  BUILD/NUCLEO_F411RE/ARMC6/mbed-os/platform/source/CriticalSectionLock.o
    0x08006434   0x0000000c   Code   RO        25785    .text._ZN4mbed19CriticalSectionLockD2Ev  BUILD/NUCLEO_F411RE/ARMC6/mbed-os/platform/source/CriticalSectionLock.o
    0x08006440   0x00000010   Code   RO        22806    .text._ZN4mbed3I2C4lockEv  BUILD/NUCLEO_F411RE/ARMC6/mbed-os/drivers/source/I2C.o
    0x08006450   0x00000020   Code   RO        22798    .text._ZN4mbed3I2C4readEiPcib  BUILD/NUCLEO_F411RE/ARMC6/mbed-os/drivers/source/I2C.o
    0x08006470   0x00000020   Code   RO        22794    .text._ZN4mbed3I2C5writeEiPKcib  BUILD/NUCLEO_F411RE/ARMC6/mbed-os/drivers/source/I2C.o
    0x08006490   0x00000028   Code   RO        22792    .text._ZN4mbed3I2C6aquireEv  BUILD/NUCLEO_F411RE/ARMC6/mbed-os/drivers/source/I2C.o
    0x080064b8   0x00000014   Code   RO        22808    .text._ZN4mbed3I2C6unlockEv  BUILD/NUCLEO_F411RE/ARMC6/mbed-os/drivers/source/I2C.o
    0x080064cc   0x000000dc   Code   RO        22786    .text._ZN4mbed3I2C7recoverE7PinNameS1_  BUILD/NUCLEO_F411RE/ARMC6/mbed-os/drivers/source/I2C.o
    0x080065a8   0x0000005c   Code   RO        22784    .text._ZN4mbed3I2CC2E7PinNameS1_  BUILD/NUCLEO_F411RE/ARMC6/mbed-os/drivers/source/I2C.o
    0x08006604   0x0000000e   Code   RO        22844    .text._ZN4mbed3I2CD0Ev  BUILD/NUCLEO_F411RE/ARMC6/mbed-os/drivers/source/I2C.o
    0x08006612   0x00000002   PAD
    0x08006614   0x0000001c   Code   RO         2417    .text._ZN4mbed3I2CD2Ev  BUILD/NUCLEO_F411RE/ARMC6/mbed-os/connectivity/drivers/802.15.4_RF/atmel-rf-driver/source/NanostackRfPhyAtmel.o
    0x08006630   0x00000026   Code   RO        22913    .text._ZN4mbed4impl7MbedCRCILj79764919ELh32ELNS_7CrcModeE2EE20compute_partial_stopEPj  BUILD/NUCLEO_F411RE/ARMC6/mbed-os/drivers/source/MbedCRC.o
    0x08006656   0x00000020   Code   RO        22911    .text._ZN4mbed4impl7MbedCRCILj79764919ELh32ELNS_7CrcModeE2EE7computeEPKvjPj  BUILD/NUCLEO_F411RE/ARMC6/mbed-os/drivers/source/MbedCRC.o
    0x08006676   0x00000016   Code   RO        23299    .text._ZN4mbed5TimerC2Ev  BUILD/NUCLEO_F411RE/ARMC6/mbed-os/drivers/source/Timer.o
    0x0800668c   0x00000014   Code   RO        22973    .text._ZN4mbed6PwmOut15lock_deep_sleepEv  BUILD/NUCLEO_F411RE/ARMC6/mbed-os/drivers/source/PwmOut.o
    0x080066a0   0x00000026   Code   RO        22941    .text._ZN4mbed6PwmOut4initEv  BUILD/NUCLEO_F411RE/ARMC6/mbed-os/drivers/source/PwmOut.o
    0x080066c6   0x0000001c   Code   RO        22939    .text._ZN4mbed6PwmOutC2E7PinName  BUILD/NUCLEO_F411RE/ARMC6/mbed-os/drivers/source/PwmOut.o
    0x080066e2   0x00000004   Code   RO           27    .text._ZN4mbed8CallbackIFvvEE11target_callIZNS2_C1IP6HCSR04MS5_FvvELi0EEET_T0_EUlvE_EEvPKNS_6detail12CallbackBaseE  BUILD/NUCLEO_F411RE/ARMC6/HCSR04/HCSR04.o
    0x080066e6   0x00000004   Code   RO          483    .text._ZN4mbed8CallbackIFvvEE11target_callIZNS2_C1IPN6events10EventQueueEMS6_FvvELi0EEET_T0_EUlvE_EEvPKNS_6detail12CallbackBaseE  BUILD/NUCLEO_F411RE/ARMC6/main.o
    0x080066ea   0x00000002   PAD
    0x080066ec   0x0000007c   Code   RO        25817    .text._ZN4mbed8FileBase6lookupEPKcj  BUILD/NUCLEO_F411RE/ARMC6/mbed-os/platform/source/FileBase.o
    0x08006768   0x00000018   Code   RO        25848    .text._ZN4mbed8FilePath10fileSystemEv  BUILD/NUCLEO_F411RE/ARMC6/mbed-os/platform/source/FilePath.o
    0x08006780   0x00000018   Code   RO        25846    .text._ZN4mbed8FilePath12isFileSystemEv  BUILD/NUCLEO_F411RE/ARMC6/mbed-os/platform/source/FilePath.o
    0x08006798   0x00000018   Code   RO        25852    .text._ZN4mbed8FilePath4fileEv  BUILD/NUCLEO_F411RE/ARMC6/mbed-os/platform/source/FilePath.o
    0x080067b0   0x0000000a   Code   RO        25854    .text._ZN4mbed8FilePath6existsEv  BUILD/NUCLEO_F411RE/ARMC6/mbed-os/platform/source/FilePath.o
    0x080067ba   0x00000016   Code   RO        25850    .text._ZN4mbed8FilePath6isFileEv  BUILD/NUCLEO_F411RE/ARMC6/mbed-os/platform/source/FilePath.o
    0x080067d0   0x0000003c   Code   RO        25842    .text._ZN4mbed8FilePathC2EPKc  BUILD/NUCLEO_F411RE/ARMC6/mbed-os/platform/source/FilePath.o
    0x0800680c   0x00000032   Code   RO        23283    .text._ZN4mbed9TimerBase4stopEv  BUILD/NUCLEO_F411RE/ARMC6/mbed-os/drivers/source/Timer.o
    0x0800683e   0x00000022   Code   RO        23273    .text._ZN4mbed9TimerBase5resetEv  BUILD/NUCLEO_F411RE/ARMC6/mbed-os/drivers/source/Timer.o
    0x08006860   0x0000002c   Code   RO        23281    .text._ZN4mbed9TimerBase5startEv  BUILD/NUCLEO_F411RE/ARMC6/mbed-os/drivers/source/Timer.o
    0x0800688c   0x0000001e   Code   RO        23271    .text._ZN4mbed9TimerBaseC2EPK13ticker_data_tb  BUILD/NUCLEO_F411RE/ARMC6/mbed-os/drivers/source/Timer.o
    0x080068aa   0x00000012   Code   RO           33    .text._ZN4mstd4impl6INVOKEI6HCSR04FvvERKPS2_JEEENSt3__29enable_ifIXaaaasr3std11is_functionIT0_EE5valuentsr3std10is_base_ofIT_NS7_5decayIT1_E4typeEEE5valuentsr20is_reference_wrapperISE_EE5valueEDTcldsdeclsr3stdE7forwardISC_Efp0_Efp_spclsr3stdE7forwardIT2_Efp1_EEEE4typeEMSA_S9_OSC_DpOSF_  BUILD/NUCLEO_F411RE/ARMC6/HCSR04/HCSR04.o
    0x080068bc   0x00000012   Code   RO          489    .text._ZN4mstd4impl6INVOKEIN6events10EventQueueEFvvERKPS3_JEEENSt3__29enable_ifIXaaaasr3std11is_functionIT0_EE5valuentsr3std10is_base_ofIT_NS8_5decayIT1_E4typeEEE5valuentsr20is_reference_wrapperISF_EE5valueEDTcldsdeclsr3stdE7forwardISD_Efp0_Efp_spclsr3stdE7forwardIT2_Efp1_EEEE4typeEMSB_SA_OSD_DpOSG_  BUILD/NUCLEO_F411RE/ARMC6/main.o
    0x080068ce   0x0000000c   Code   RO           31    .text._ZN4mstd6invokeIRKM6HCSR04FvvEJRKPS1_EEENS_13invoke_resultIT_JDpT0_EE4typeEOSA_DpOSB_  BUILD/NUCLEO_F411RE/ARMC6/HCSR04/HCSR04.o
    0x080068da   0x0000000c   Code   RO          487    .text._ZN4mstd6invokeIRKMN6events10EventQueueEFvvEJRKPS2_EEENS_13invoke_resultIT_JDpT0_EE4typeEOSB_DpOSC_  BUILD/NUCLEO_F411RE/ARMC6/main.o
    0x080068e6   0x0000001c   Code   RO        26907    .text._ZN4rtos10EventFlags11constructorEPKc  BUILD/NUCLEO_F411RE/ARMC6/mbed-os/rtos/source/EventFlags.o
    0x08006902   0x00000010   Code   RO        26929    .text._ZN4rtos10EventFlags12wait_any_forEjNSt3__26chrono8durationIjNS1_5ratioILx1ELx1000EEEEEb  BUILD/NUCLEO_F411RE/ARMC6/mbed-os/rtos/source/EventFlags.o
    0x08006912   0x00000006   Code   RO        26911    .text._ZN4rtos10EventFlags3setEj  BUILD/NUCLEO_F411RE/ARMC6/mbed-os/rtos/source/EventFlags.o
    0x08006918   0x00000004   Code   RO        26927    .text._ZN4rtos10EventFlags8wait_anyEjjb  BUILD/NUCLEO_F411RE/ARMC6/mbed-os/rtos/source/EventFlags.o
    0x0800691c   0x00000016   Code   RO        26921    .text._ZN4rtos10EventFlags8wait_forEjjNSt3__26chrono8durationIjNS1_5ratioILx1ELx1000EEEEEb  BUILD/NUCLEO_F411RE/ARMC6/mbed-os/rtos/source/EventFlags.o
    0x08006932   0x0000000c   Code   RO        26909    .text._ZN4rtos10EventFlagsC2EPKc  BUILD/NUCLEO_F411RE/ARMC6/mbed-os/rtos/source/EventFlags.o
    0x0800693e   0x00000002   PAD
    0x08006940   0x00000044   Code   RO        26951    .text._ZN4rtos5Mutex11constructorEPKc  BUILD/NUCLEO_F411RE/ARMC6/mbed-os/rtos/source/Mutex.o
    0x08006984   0x00000030   Code   RO        26955    .text._ZN4rtos5Mutex4lockEv  BUILD/NUCLEO_F411RE/ARMC6/mbed-os/rtos/source/Mutex.o
    0x080069b4   0x0000002c   Code   RO        26967    .text._ZN4rtos5Mutex6unlockEv  BUILD/NUCLEO_F411RE/ARMC6/mbed-os/rtos/source/Mutex.o
    0x080069e0   0x0000000e   Code   RO        26949    .text._ZN4rtos5MutexC2Ev  BUILD/NUCLEO_F411RE/ARMC6/mbed-os/rtos/source/Mutex.o
    0x080069ee   0x0000000e   Code   RO        26971    .text._ZN4rtos5MutexD2Ev  BUILD/NUCLEO_F411RE/ARMC6/mbed-os/rtos/source/Mutex.o
    0x080069fc   0x0000002c   Code   RO        26939    .text._ZN4rtos6Kernel4impl14get_tick_countEv  BUILD/NUCLEO_F411RE/ARMC6/mbed-os/rtos/source/Kernel.o
    0x08006a28   0x00000016   Code   RO        27053    .text._ZN4rtos6Thread11constructorE12osPriority_tjPhPKc  BUILD/NUCLEO_F411RE/ARMC6/mbed-os/rtos/source/Thread.o
    0x08006a3e   0x00000002   PAD
    0x08006a40   0x0000007c   Code   RO        27051    .text._ZN4rtos6Thread11constructorEj12osPriority_tjPhPKc  BUILD/NUCLEO_F411RE/ARMC6/mbed-os/rtos/source/Thread.o
    0x08006abc   0x000000b0   Code   RO        27055    .text._ZN4rtos6Thread5startEN4mbed8CallbackIFvvEEE  BUILD/NUCLEO_F411RE/ARMC6/mbed-os/rtos/source/Thread.o
    0x08006b6c   0x00000028   Code   RO        27057    .text._ZN4rtos6Thread6_thunkEPv  BUILD/NUCLEO_F411RE/ARMC6/mbed-os/rtos/source/Thread.o
    0x08006b94   0x00000036   Code   RO        27059    .text._ZN4rtos6Thread9terminateEv  BUILD/NUCLEO_F411RE/ARMC6/mbed-os/rtos/source/Thread.o
    0x08006bca   0x00000002   PAD
    0x08006bcc   0x0000003c   Code   RO          477    .text._ZN4rtos6ThreadC2E12osPriority_tjPhPKc  BUILD/NUCLEO_F411RE/ARMC6/main.o
    0x08006c08   0x0000000e   Code   RO        27085    .text._ZN4rtos6ThreadD0Ev  BUILD/NUCLEO_F411RE/ARMC6/mbed-os/rtos/source/Thread.o
    0x08006c16   0x00000002   PAD
    0x08006c18   0x0000003c   Code   RO        27083    .text._ZN4rtos6ThreadD2Ev  BUILD/NUCLEO_F411RE/ARMC6/mbed-os/rtos/source/Thread.o
    0x08006c54   0x00000020   Code   RO        26979    .text._ZN4rtos9Semaphore11constructorEit  BUILD/NUCLEO_F411RE/ARMC6/mbed-os/rtos/source/Semaphore.o
    0x08006c74   0x00000006   Code   RO        26995    .text._ZN4rtos9Semaphore7releaseEv  BUILD/NUCLEO_F411RE/ARMC6/mbed-os/rtos/source/Semaphore.o
    0x08006c7a   0x00000010   Code   RO        26977    .text._ZN4rtos9SemaphoreC2Ei  BUILD/NUCLEO_F411RE/ARMC6/mbed-os/rtos/source/Semaphore.o
    0x08006c8a   0x0000000e   Code   RO        26997    .text._ZN4rtos9SemaphoreD2Ev  BUILD/NUCLEO_F411RE/ARMC6/mbed-os/rtos/source/Semaphore.o
    0x08006c98   0x00000028   Code   RO        22846    .text._ZN6CThunkIN4mbed3I2CEE10trampolineEP10CThunkBase  BUILD/NUCLEO_F411RE/ARMC6/mbed-os/drivers/source/I2C.o
    0x08006cc0   0x00000014   Code   RO         2419    .text._ZN6CThunkIN4mbed3I2CEED2Ev  BUILD/NUCLEO_F411RE/ARMC6/mbed-os/connectivity/drivers/802.15.4_RF/atmel-rf-driver/source/NanostackRfPhyAtmel.o
    0x08006cd4   0x00000048   Code   RO           11    .text._ZN6HCSR045startEv  BUILD/NUCLEO_F411RE/ARMC6/HCSR04/HCSR04.o
    0x08006d1c   0x0000002c   Code   RO           13    .text._ZN6HCSR048isr_fallEv  BUILD/NUCLEO_F411RE/ARMC6/HCSR04/HCSR04.o
    0x08006d48   0x00000004   Code   RO            9    .text._ZN6HCSR048isr_riseEv  BUILD/NUCLEO_F411RE/ARMC6/HCSR04/HCSR04.o
    0x08006d4c   0x00000036   Code   RO            5    .text._ZN6HCSR04C2E7PinNameS0_  BUILD/NUCLEO_F411RE/ARMC6/HCSR04/HCSR04.o
    0x08006d82   0x00000002   PAD
    0x08006d84   0x0000003c   Code   RO          479    .text._ZN6events10EventQueue10call_everyIPFvvEEEiNSt3__26chrono8durationIiNS4_5ratioILx1ELx1000EEEEET_  BUILD/NUCLEO_F411RE/ARMC6/main.o
    0x08006dc0   0x00000004   Code   RO          493    .text._ZN6events10EventQueue13function_callIPFvvEEEvPv  BUILD/NUCLEO_F411RE/ARMC6/main.o
    0x08006dc4   0x00000002   Code   RO          491    .text._ZN6events10EventQueue13function_dtorIPFvvEEEvPv  BUILD/NUCLEO_F411RE/ARMC6/main.o
    0x08006dc6   0x00000008   Code   RO        24666    .text._ZN6events10EventQueue16dispatch_foreverEv  BUILD/NUCLEO_F411RE/ARMC6/mbed-os/events/source/EventQueue.o
    0x08006dce   0x00000002   PAD
    0x08006dd0   0x0000003c   Code   RO          481    .text._ZN6events10EventQueue7call_inIPFvvEEEiNSt3__26chrono8durationIiNS4_5ratioILx1ELx1000EEEEET_  BUILD/NUCLEO_F411RE/ARMC6/main.o
    0x08006e0c   0x00000020   Code   RO        24658    .text._ZN6events10EventQueueC2EjPh  BUILD/NUCLEO_F411RE/ARMC6/mbed-os/events/source/EventQueue.o
    0x08006e2c   0x0000000a   Code   RO           46    .text._ZN7VL53L0X15startContinuousEv  BUILD/NUCLEO_F411RE/ARMC6/VL53L0X/VL53L0X.o
    0x08006e36   0x0000002e   Code   RO           44    .text._ZN7VL53L0X17setModeContinuousEv  BUILD/NUCLEO_F411RE/ARMC6/VL53L0X/VL53L0X.o
    0x08006e64   0x00000012   Code   RO           48    .text._ZN7VL53L0X19getRangeMillimetersEv  BUILD/NUCLEO_F411RE/ARMC6/VL53L0X/VL53L0X.o
    0x08006e76   0x00000022   Code   RO           42    .text._ZN7VL53L0X4initEv  BUILD/NUCLEO_F411RE/ARMC6/VL53L0X/VL53L0X.o
    0x08006e98   0x00000014   Code   RO           38    .text._ZN7VL53L0XC2EPN4mbed3I2CE  BUILD/NUCLEO_F411RE/ARMC6/VL53L0X/VL53L0X.o
    0x08006eac   0x00000034   Code   RO        26457    .text._ZNK12DirectSerial4pollEs  BUILD/NUCLEO_F411RE/ARMC6/mbed-os/platform/source/mbed_retarget.o
    0x08006ee0   0x00000022   Code   RO        21807    .text._ZNK12SingletonPtrIN4rtos5MutexEE3getEv  BUILD/NUCLEO_F411RE/ARMC6/mbed-os/connectivity/netsocket/source/nsapi_dns.o
    0x08006f02   0x00000004   Code   RO        23394    .text._ZNK4mbed10FileHandle11is_blockingEv  BUILD/NUCLEO_F411RE/ARMC6/mbed-os/drivers/source/UnbufferedSerial.o
    0x08006f06   0x00000002   PAD
    0x08006f08   0x00000058   Code   RO        22915    .text._ZNK4mbed4impl7MbedCRCILj79764919ELh32ELNS_7CrcModeE2EE18do_compute_partialILS2_2EEENSt3__29enable_ifIXeqT_LS2_2EEiE4typeEPKhjPj  BUILD/NUCLEO_F411RE/ARMC6/mbed-os/drivers/source/MbedCRC.o
    0x08006f60   0x00000026   Code   RO        23289    .text._ZNK4mbed9TimerBase12elapsed_timeEv  BUILD/NUCLEO_F411RE/ARMC6/mbed-os/drivers/source/Timer.o
    0x08006f86   0x00000030   Code   RO        23285    .text._ZNK4mbed9TimerBase9slicetimeEv  BUILD/NUCLEO_F411RE/ARMC6/mbed-os/drivers/source/Timer.o
    0x08006fb6   0x00000008   Code   RO           29    .text._ZZN4mbed8CallbackIFvvEEC1IP6HCSR04MS4_FvvELi0EEET_T0_ENKUlvE_clEv  BUILD/NUCLEO_F411RE/ARMC6/HCSR04/HCSR04.o
    0x08006fbe   0x00000008   Code   RO          485    .text._ZZN4mbed8CallbackIFvvEEC1IPN6events10EventQueueEMS5_FvvELi0EEET_T0_ENKUlvE_clEv  BUILD/NUCLEO_F411RE/ARMC6/main.o
    0x08006fc6   0x00000004   Code   RO        26605    .text._ZdaPv        BUILD/NUCLEO_F411RE/ARMC6/mbed-os/platform/source/mbed_retarget.o
    0x08006fca   0x00000004   Code   RO        26545    .text._ZdlPv        BUILD/NUCLEO_F411RE/ARMC6/mbed-os/platform/source/mbed_retarget.o
    0x08006fce   0x00000002   PAD
    0x08006fd0   0x00000020   Code   RO        26599    .text._Znaj         BUILD/NUCLEO_F411RE/ARMC6/mbed-os/platform/source/mbed_retarget.o
    0x08006ff0   0x0000001c   Code   RO        32230    .text.__NVIC_EnableIRQ  BUILD/NUCLEO_F411RE/ARMC6/mbed-os/targets/TARGET_STM/i2c_api.o
    0x0800700c   0x00000024   Code   RO        32228    .text.__NVIC_SetPriority  BUILD/NUCLEO_F411RE/ARMC6/mbed-os/targets/TARGET_STM/i2c_api.o
    0x08007030   0x00000024   Code   RO        26334    .text.__NVIC_SystemReset  BUILD/NUCLEO_F411RE/ARMC6/mbed-os/platform/source/mbed_error.o
    0x08007054   0x0000002e   Code   RO        26587    .text.__cxa_guard_acquire  BUILD/NUCLEO_F411RE/ARMC6/mbed-os/platform/source/mbed_retarget.o
    0x08007082   0x0000000e   Code   RO        26593    .text.__cxa_guard_release  BUILD/NUCLEO_F411RE/ARMC6/mbed-os/platform/source/mbed_retarget.o
    0x08007090   0x00000038   Code   RO         1105    .text.__rt_entry    BUILD/NUCLEO_F411RE/ARMC6/mbed-os/cmsis/device/rtos/TOOLCHAIN_ARM_STD/mbed_boot_arm_std.o
    0x080070c8   0x0000004c   Code   RO         1109    .text.__user_perthread_libspace  BUILD/NUCLEO_F411RE/ARMC6/mbed-os/cmsis/device/rtos/TOOLCHAIN_ARM_STD/mbed_boot_arm_std.o
    0x08007114   0x00000004   Code   RO        26523    .text.__user_setup_stackheap  BUILD/NUCLEO_F411RE/ARMC6/mbed-os/platform/source/mbed_retarget.o
    0x08007118   0x00000026   Code   RO        25436    .text._gpio_init_in  BUILD/NUCLEO_F411RE/ARMC6/mbed-os/hal/source/mbed_gpio.o
    0x0800713e   0x00000030   Code   RO        25442    .text._gpio_init_out  BUILD/NUCLEO_F411RE/ARMC6/mbed-os/hal/source/mbed_gpio.o
    0x0800716e   0x00000002   PAD
    0x08007170   0x0000002c   Code   RO        26519    .text._mbed_user_setup_stackheap  BUILD/NUCLEO_F411RE/ARMC6/mbed-os/platform/source/mbed_retarget.o
    0x0800719c   0x0000001a   Code   RO         1115    .text._mutex_acquire  BUILD/NUCLEO_F411RE/ARMC6/mbed-os/cmsis/device/rtos/TOOLCHAIN_ARM_STD/mbed_boot_arm_std.o
    0x080071b6   0x00000002   PAD
    0x080071b8   0x00000044   Code   RO         1119    .text._mutex_free   BUILD/NUCLEO_F411RE/ARMC6/mbed-os/cmsis/device/rtos/TOOLCHAIN_ARM_STD/mbed_boot_arm_std.o
    0x080071fc   0x0000009c   Code   RO         1113    .text._mutex_initialize  BUILD/NUCLEO_F411RE/ARMC6/mbed-os/cmsis/device/rtos/TOOLCHAIN_ARM_STD/mbed_boot_arm_std.o
    0x08007298   0x00000016   Code   RO         1117    .text._mutex_release  BUILD/NUCLEO_F411RE/ARMC6/mbed-os/cmsis/device/rtos/TOOLCHAIN_ARM_STD/mbed_boot_arm_std.o
    0x080072ae   0x00000004   Code   RO          692    .text._platform_post_stackheap_init  BUILD/NUCLEO_F411RE/ARMC6/mbed-os/cmsis/CMSIS_5/CMSIS/RTOS2/RTX/Source/rtx_lib.o
    0x080072b2   0x00000004   Code   RO        26487    .text._sys_close    BUILD/NUCLEO_F411RE/ARMC6/mbed-os/platform/source/mbed_retarget.o
    0x080072b6   0x00000002   Code   RO        26497    .text._sys_exit     BUILD/NUCLEO_F411RE/ARMC6/mbed-os/platform/source/mbed_retarget.o
    0x080072b8   0x00000026   Code   RO        26517    .text._sys_flen     BUILD/NUCLEO_F411RE/ARMC6/mbed-os/platform/source/mbed_retarget.o
    0x080072de   0x00000004   Code   RO        26505    .text._sys_istty    BUILD/NUCLEO_F411RE/ARMC6/mbed-os/platform/source/mbed_retarget.o
    0x080072e2   0x00000002   PAD
    0x080072e4   0x00000084   Code   RO        26481    .text._sys_open     BUILD/NUCLEO_F411RE/ARMC6/mbed-os/platform/source/mbed_retarget.o
    0x08007368   0x00000006   Code   RO        26507    .text._sys_seek     BUILD/NUCLEO_F411RE/ARMC6/mbed-os/platform/source/mbed_retarget.o
    0x0800736e   0x00000002   PAD
    0x08007370   0x000000c0   Code   RO        26491    .text._sys_write    BUILD/NUCLEO_F411RE/ARMC6/mbed-os/platform/source/mbed_retarget.o
    0x08007430   0x00000014   Code   RO        26499    .text._ttywrch      BUILD/NUCLEO_F411RE/ARMC6/mbed-os/platform/source/mbed_retarget.o
    0x08007444   0x00000014   Code   RO        26704    .text._wait_us_ticks  BUILD/NUCLEO_F411RE/ARMC6/mbed-os/platform/source/mbed_wait_api_no_rtos.o
    0x08007458   0x00000002   Code   RO        25589    .text.block_us_ticker_free  BUILD/NUCLEO_F411RE/ARMC6/mbed-os/hal/source/mbed_us_ticker_api.o
    0x0800745a   0x00000002   PAD
    0x0800745c   0x00000038   Code   RO        26489    .text.close         BUILD/NUCLEO_F411RE/ARMC6/mbed-os/platform/source/mbed_retarget.o
    0x08007494   0x0000000c   Code   RO        26279    .text.core_util_are_interrupts_enabled  BUILD/NUCLEO_F411RE/ARMC6/mbed-os/platform/source/mbed_critical.o
    0x080074a0   0x00000012   Code   RO        26182    .text.core_util_atomic_decr_u16  BUILD/NUCLEO_F411RE/ARMC6/mbed-os/platform/source/mbed_atomic_impl.o
    0x080074b2   0x00000010   Code   RO        26168    .text.core_util_atomic_exchange_u8  BUILD/NUCLEO_F411RE/ARMC6/mbed-os/platform/source/mbed_atomic_impl.o
    0x080074c2   0x00000014   Code   RO        26166    .text.core_util_atomic_flag_test_and_set  BUILD/NUCLEO_F411RE/ARMC6/mbed-os/platform/source/mbed_atomic_impl.o
    0x080074d6   0x00000012   Code   RO        26176    .text.core_util_atomic_incr_u16  BUILD/NUCLEO_F411RE/ARMC6/mbed-os/platform/source/mbed_atomic_impl.o
    0x080074e8   0x00000010   Code   RO        26285    .text.core_util_critical_section_enter  BUILD/NUCLEO_F411RE/ARMC6/mbed-os/platform/source/mbed_critical.o
    0x080074f8   0x00000018   Code   RO        26287    .text.core_util_critical_section_exit  BUILD/NUCLEO_F411RE/ARMC6/mbed-os/platform/source/mbed_critical.o
    0x08007510   0x0000000c   Code   RO        26281    .text.core_util_is_isr_active  BUILD/NUCLEO_F411RE/ARMC6/mbed-os/platform/source/mbed_critical.o
    0x0800751c   0x00000076   Code   RO        24692    .text.equeue_alloc  BUILD/NUCLEO_F411RE/ARMC6/mbed-os/events/source/equeue.o
    0x08007592   0x00000024   Code   RO        24686    .text.equeue_create  BUILD/NUCLEO_F411RE/ARMC6/mbed-os/events/source/equeue.o
    0x080075b6   0x00000072   Code   RO        24688    .text.equeue_create_inplace  BUILD/NUCLEO_F411RE/ARMC6/mbed-os/events/source/equeue.o
    0x08007628   0x0000006e   Code   RO        24694    .text.equeue_dealloc  BUILD/NUCLEO_F411RE/ARMC6/mbed-os/events/source/equeue.o
    0x08007696   0x00000174   Code   RO        24714    .text.equeue_dispatch  BUILD/NUCLEO_F411RE/ARMC6/mbed-os/events/source/equeue.o
    0x0800780a   0x0000009e   Code   RO        24696    .text.equeue_enqueue  BUILD/NUCLEO_F411RE/ARMC6/mbed-os/events/source/equeue.o
    0x080078a8   0x00000004   Code   RO        24754    .text.equeue_mutex_lock  BUILD/NUCLEO_F411RE/ARMC6/mbed-os/events/source/equeue_mbed.o
    0x080078ac   0x00000004   Code   RO        24756    .text.equeue_mutex_unlock  BUILD/NUCLEO_F411RE/ARMC6/mbed-os/events/source/equeue_mbed.o
    0x080078b0   0x00000042   Code   RO        24698    .text.equeue_post   BUILD/NUCLEO_F411RE/ARMC6/mbed-os/events/source/equeue.o
    0x080078f2   0x00000002   PAD
    0x080078f4   0x00000014   Code   RO        24758    .text.equeue_sema_create  BUILD/NUCLEO_F411RE/ARMC6/mbed-os/events/source/equeue_mbed.o
    0x08007908   0x00000006   Code   RO        24762    .text.equeue_sema_signal  BUILD/NUCLEO_F411RE/ARMC6/mbed-os/events/source/equeue_mbed.o
    0x0800790e   0x00000018   Code   RO        24764    .text.equeue_sema_wait  BUILD/NUCLEO_F411RE/ARMC6/mbed-os/events/source/equeue_mbed.o
    0x08007926   0x00000008   Code   RO        24748    .text.equeue_tick   BUILD/NUCLEO_F411RE/ARMC6/mbed-os/events/source/equeue_mbed.o
    0x0800792e   0x00000002   PAD
    0x08007930   0x00000024   Code   RO        26292    .text.error         BUILD/NUCLEO_F411RE/ARMC6/mbed-os/platform/source/mbed_error.o
    0x08007954   0x0000001c   Code   RO        25573    .text.exact_log2    BUILD/NUCLEO_F411RE/ARMC6/mbed-os/hal/source/mbed_ticker_api.o
    0x08007970   0x0000002c   Code   RO        26563    .text.exit          BUILD/NUCLEO_F411RE/ARMC6/mbed-os/platform/source/mbed_retarget.o
    0x0800799c   0x00000028   Code   RO        26515    .text.fsync         BUILD/NUCLEO_F411RE/ARMC6/mbed-os/platform/source/mbed_retarget.o
    0x080079c4   0x00000138   Code   RO          355    .text.get_sequence_step_timeout  BUILD/NUCLEO_F411RE/ARMC6/VL53L0X/core/src/vl53l0x_api_core.o
    0x08007afc   0x00000008   Code   RO        25583    .text.get_us_ticker_data  BUILD/NUCLEO_F411RE/ARMC6/mbed-os/hal/source/mbed_us_ticker_api.o
    0x08007b04   0x0000002a   Code   RO        32179    .text.gpio_dir      BUILD/NUCLEO_F411RE/ARMC6/mbed-os/targets/TARGET_STM/gpio_api.o
    0x08007b2e   0x00000002   PAD
    0x08007b30   0x00000044   Code   RO        32175    .text.gpio_init     BUILD/NUCLEO_F411RE/ARMC6/mbed-os/targets/TARGET_STM/gpio_api.o
    0x08007b74   0x00000006   Code   RO        25432    .text.gpio_init_in  BUILD/NUCLEO_F411RE/ARMC6/mbed-os/hal/source/mbed_gpio.o
    0x08007b7a   0x00000036   Code   RO        25444    .text.gpio_init_inout  BUILD/NUCLEO_F411RE/ARMC6/mbed-os/hal/source/mbed_gpio.o
    0x08007bb0   0x00000006   Code   RO        25438    .text.gpio_init_out  BUILD/NUCLEO_F411RE/ARMC6/mbed-os/hal/source/mbed_gpio.o
    0x08007bb6   0x00000008   Code   RO        25440    .text.gpio_init_out_ex  BUILD/NUCLEO_F411RE/ARMC6/mbed-os/hal/source/mbed_gpio.o
    0x08007bbe   0x00000006   Code   RO        32185    .text.gpio_irq0     BUILD/NUCLEO_F411RE/ARMC6/mbed-os/targets/TARGET_STM/gpio_irq_api.o
    0x08007bc4   0x00000006   Code   RO        32187    .text.gpio_irq1     BUILD/NUCLEO_F411RE/ARMC6/mbed-os/targets/TARGET_STM/gpio_irq_api.o
    0x08007bca   0x00000006   Code   RO        32189    .text.gpio_irq2     BUILD/NUCLEO_F411RE/ARMC6/mbed-os/targets/TARGET_STM/gpio_irq_api.o
    0x08007bd0   0x00000006   Code   RO        32191    .text.gpio_irq3     BUILD/NUCLEO_F411RE/ARMC6/mbed-os/targets/TARGET_STM/gpio_irq_api.o
    0x08007bd6   0x00000006   Code   RO        32193    .text.gpio_irq4     BUILD/NUCLEO_F411RE/ARMC6/mbed-os/targets/TARGET_STM/gpio_irq_api.o
    0x08007bdc   0x00000008   Code   RO        32195    .text.gpio_irq5     BUILD/NUCLEO_F411RE/ARMC6/mbed-os/targets/TARGET_STM/gpio_irq_api.o
    0x08007be4   0x00000008   Code   RO        32197    .text.gpio_irq6     BUILD/NUCLEO_F411RE/ARMC6/mbed-os/targets/TARGET_STM/gpio_irq_api.o
    0x08007bec   0x000000a4   Code   RO        32203    .text.gpio_irq_disable  BUILD/NUCLEO_F411RE/ARMC6/mbed-os/targets/TARGET_STM/gpio_irq_api.o
    0x08007c90   0x00000094   Code   RO        32199    .text.gpio_irq_enable  BUILD/NUCLEO_F411RE/ARMC6/mbed-os/targets/TARGET_STM/gpio_irq_api.o
    0x08007d24   0x00000064   Code   RO        32201    .text.gpio_irq_free  BUILD/NUCLEO_F411RE/ARMC6/mbed-os/targets/TARGET_STM/gpio_irq_api.o
    0x08007d88   0x00000190   Code   RO        32183    .text.gpio_irq_init  BUILD/NUCLEO_F411RE/ARMC6/mbed-os/targets/TARGET_STM/gpio_irq_api.o
    0x08007f18   0x00000064   Code   RO        32205    .text.gpio_irq_set  BUILD/NUCLEO_F411RE/ARMC6/mbed-os/targets/TARGET_STM/gpio_irq_api.o
    0x08007f7c   0x00000008   Code   RO        32177    .text.gpio_mode     BUILD/NUCLEO_F411RE/ARMC6/mbed-os/targets/TARGET_STM/gpio_api.o
    0x08007f84   0x00000018   Code   RO        32173    .text.gpio_set      BUILD/NUCLEO_F411RE/ARMC6/mbed-os/targets/TARGET_STM/gpio_api.o
    0x08007f9c   0x00000014   Code   RO        25430    .text.gpio_write    BUILD/NUCLEO_F411RE/ARMC6/mbed-os/hal/source/mbed_gpio.o
    0x08007fb0   0x0000001c   Code   RO        25417    .text.hal_critical_section_enter  BUILD/NUCLEO_F411RE/ARMC6/mbed-os/hal/source/mbed_critical_section_api.o
    0x08007fcc   0x00000014   Code   RO        25419    .text.hal_critical_section_exit  BUILD/NUCLEO_F411RE/ARMC6/mbed-os/hal/source/mbed_critical_section_api.o
    0x08007fe0   0x00000114   Code   RO        32492    .text.hal_deepsleep  BUILD/NUCLEO_F411RE/ARMC6/mbed-os/targets/TARGET_STM/sleep.o
    0x080080f4   0x00000020   Code   RO        32490    .text.hal_sleep     BUILD/NUCLEO_F411RE/ARMC6/mbed-os/targets/TARGET_STM/sleep.o
    0x08008114   0x00000090   Code   RO        26294    .text.handle_error  BUILD/NUCLEO_F411RE/ARMC6/mbed-os/platform/source/mbed_error.o
    0x080081a4   0x000000b4   Code   RO        32207    .text.handle_interrupt_in  BUILD/NUCLEO_F411RE/ARMC6/mbed-os/targets/TARGET_STM/gpio_irq_api.o
    0x08008258   0x00000018   Code   RO        32236    .text.i2c1_irq      BUILD/NUCLEO_F411RE/ARMC6/mbed-os/targets/TARGET_STM/i2c_api.o
    0x08008270   0x00000018   Code   RO        32238    .text.i2c2_irq      BUILD/NUCLEO_F411RE/ARMC6/mbed-os/targets/TARGET_STM/i2c_api.o
    0x08008288   0x00000018   Code   RO        32240    .text.i2c3_irq      BUILD/NUCLEO_F411RE/ARMC6/mbed-os/targets/TARGET_STM/i2c_api.o
    0x080082a0   0x00000018   Code   RO        32232    .text.i2c_ev_err_disable  BUILD/NUCLEO_F411RE/ARMC6/mbed-os/targets/TARGET_STM/i2c_api.o
    0x080082b8   0x0000004c   Code   RO        32226    .text.i2c_ev_err_enable  BUILD/NUCLEO_F411RE/ARMC6/mbed-os/targets/TARGET_STM/i2c_api.o
    0x08008304   0x00000050   Code   RO        32248    .text.i2c_frequency  BUILD/NUCLEO_F411RE/ARMC6/mbed-os/targets/TARGET_STM/i2c_api.o
    0x08008354   0x00000038   Code   RO        32234    .text.i2c_get_irq_handler  BUILD/NUCLEO_F411RE/ARMC6/mbed-os/targets/TARGET_STM/i2c_api.o
    0x0800838c   0x0000005c   Code   RO        32242    .text.i2c_hw_reset  BUILD/NUCLEO_F411RE/ARMC6/mbed-os/targets/TARGET_STM/i2c_api.o
    0x080083e8   0x00000068   Code   RO        32254    .text.i2c_init      BUILD/NUCLEO_F411RE/ARMC6/mbed-os/targets/TARGET_STM/i2c_api.o
    0x08008450   0x00000018   Code   RO        32252    .text.i2c_init_direct  BUILD/NUCLEO_F411RE/ARMC6/mbed-os/targets/TARGET_STM/i2c_api.o
    0x08008468   0x00000110   Code   RO        32246    .text.i2c_init_internal  BUILD/NUCLEO_F411RE/ARMC6/mbed-os/targets/TARGET_STM/i2c_api.o
    0x08008578   0x00000074   Code   RO        32270    .text.i2c_read      BUILD/NUCLEO_F411RE/ARMC6/mbed-os/targets/TARGET_STM/i2c_api.o
    0x080085ec   0x00000026   Code   RO        32280    .text.i2c_slave_address  BUILD/NUCLEO_F411RE/ARMC6/mbed-os/targets/TARGET_STM/i2c_api.o
    0x08008612   0x00000002   PAD
    0x08008614   0x00000078   Code   RO        32272    .text.i2c_write     BUILD/NUCLEO_F411RE/ARMC6/mbed-os/targets/TARGET_STM/i2c_api.o
    0x0800868c   0x000000a8   Code   RO        32563    .text.init_32bit_timer  BUILD/NUCLEO_F411RE/ARMC6/mbed-os/targets/TARGET_STM/us_ticker.o
    0x08008734   0x00000060   Code   RO        32456    .text.init_uart     BUILD/NUCLEO_F411RE/ARMC6/mbed-os/targets/TARGET_STM/serial_api.o
    0x08008794   0x000000e4   Code   RO        25545    .text.initialize    BUILD/NUCLEO_F411RE/ARMC6/mbed-os/hal/source/mbed_ticker_api.o
    0x08008878   0x00000028   Code   RO        26475    .text.isatty        BUILD/NUCLEO_F411RE/ARMC6/mbed-os/platform/source/mbed_retarget.o
    0x080088a0   0x0000002a   Code   RO        26509    .text.lseek         BUILD/NUCLEO_F411RE/ARMC6/mbed-os/platform/source/mbed_retarget.o
    0x080088ca   0x00000002   PAD
    0x080088cc   0x0000007c   Code   RO          458    .text.main          BUILD/NUCLEO_F411RE/ARMC6/main.o
    0x08008948   0x00000064   Code   RO        26268    .text.mbed_die      BUILD/NUCLEO_F411RE/ARMC6/mbed-os/platform/source/mbed_board.o
    0x080089ac   0x00000064   Code   RO        26314    .text.mbed_error    BUILD/NUCLEO_F411RE/ARMC6/mbed-os/platform/source/mbed_error.o
    0x08008a10   0x00000068   Code   RO        26302    .text.mbed_error_initialize  BUILD/NUCLEO_F411RE/ARMC6/mbed-os/platform/source/mbed_error.o
    0x08008a78   0x00000018   Code   RO        26270    .text.mbed_error_printf  BUILD/NUCLEO_F411RE/ARMC6/mbed-os/platform/source/mbed_board.o
    0x08008a90   0x0000004c   Code   RO        26274    .text.mbed_error_puts  BUILD/NUCLEO_F411RE/ARMC6/mbed-os/platform/source/mbed_board.o
    0x08008adc   0x00000034   Code   RO        26272    .text.mbed_error_vprintf  BUILD/NUCLEO_F411RE/ARMC6/mbed-os/platform/source/mbed_board.o
    0x08008b10   0x000000f4   Code   RO        26145    .text.mbed_fault_handler  BUILD/NUCLEO_F411RE/ARMC6/mbed-os/platform/source/TARGET_CORTEX_M/mbed_fault_handler.o
    0x08008c04   0x0000000c   Code   RO        26310    .text.mbed_get_error_in_progress  BUILD/NUCLEO_F411RE/ARMC6/mbed-os/platform/source/mbed_error.o
    0x08008c10   0x00000030   Code   RO        26296    .text.mbed_halt_system  BUILD/NUCLEO_F411RE/ARMC6/mbed-os/platform/source/mbed_error.o
    0x08008c40   0x0000003c   Code   RO         1127    .text.mbed_init     BUILD/NUCLEO_F411RE/ARMC6/mbed-os/cmsis/device/rtos/source/mbed_boot.o
    0x08008c7c   0x000002a6   Code   RO        26845    .text.mbed_minimal_formatted_string  BUILD/NUCLEO_F411RE/ARMC6/mbed-os/platform/source/minimal-printf/mbed_printf_implementation.o
    0x08008f22   0x00000002   PAD
    0x08008f24   0x0000012c   Code   RO        26849    .text.mbed_minimal_formatted_string_integer  BUILD/NUCLEO_F411RE/ARMC6/mbed-os/platform/source/minimal-printf/mbed_printf_implementation.o
    0x08009050   0x0000003c   Code   RO        26851    .text.mbed_minimal_putchar  BUILD/NUCLEO_F411RE/ARMC6/mbed-os/platform/source/minimal-printf/mbed_printf_implementation.o
    0x0800908c   0x0000005c   Code   RO        25597    .text.mbed_mpu_init  BUILD/NUCLEO_F411RE/ARMC6/mbed-os/hal/source/mpu/mbed_mpu_v7m.o
    0x080090e8   0x00000004   Code   RO         1143    .text.mbed_rtos_init  BUILD/NUCLEO_F411RE/ARMC6/mbed-os/cmsis/device/rtos/source/mbed_rtos_rtx.o
    0x080090ec   0x00000024   Code   RO         1147    .text.mbed_rtos_init_singleton_mutex  BUILD/NUCLEO_F411RE/ARMC6/mbed-os/cmsis/device/rtos/source/mbed_rtos_rtx.o
    0x08009110   0x00000068   Code   RO         1145    .text.mbed_rtos_start  BUILD/NUCLEO_F411RE/ARMC6/mbed-os/cmsis/device/rtos/source/mbed_rtos_rtx.o
    0x08009178   0x00000038   Code   RO        32355    .text.mbed_sdk_init  BUILD/NUCLEO_F411RE/ARMC6/mbed-os/targets/TARGET_STM/mbed_overrides.o
    0x080091b0   0x0000001e   Code   RO         1131    .text.mbed_start    BUILD/NUCLEO_F411RE/ARMC6/mbed-os/cmsis/device/rtos/source/mbed_boot.o
    0x080091ce   0x0000001e   Code   RO        22902    .text.mbed_tiny_compute_crc32  BUILD/NUCLEO_F411RE/ARMC6/mbed-os/drivers/source/MbedCRC.o
    0x080091ec   0x00000018   Code   RO         1107    .text.mbed_toolchain_init  BUILD/NUCLEO_F411RE/ARMC6/mbed-os/cmsis/device/rtos/TOOLCHAIN_ARM_STD/mbed_boot_arm_std.o
    0x08009204   0x00000084   Code   RO        26483    .text.open          BUILD/NUCLEO_F411RE/ARMC6/mbed-os/platform/source/mbed_retarget.o
    0x08009288   0x00000034   Code   RO          560    .text.osEventFlagsNew  BUILD/NUCLEO_F411RE/ARMC6/mbed-os/cmsis/CMSIS_5/CMSIS/RTOS2/RTX/Source/rtx_evflags.o
    0x080092bc   0x00000050   Code   RO          564    .text.osEventFlagsSet  BUILD/NUCLEO_F411RE/ARMC6/mbed-os/cmsis/CMSIS_5/CMSIS/RTOS2/RTX/Source/rtx_evflags.o
    0x0800930c   0x00000048   Code   RO          574    .text.osEventFlagsWait  BUILD/NUCLEO_F411RE/ARMC6/mbed-os/cmsis/CMSIS_5/CMSIS/RTOS2/RTX/Source/rtx_evflags.o
    0x08009354   0x0000002c   Code   RO          634    .text.osKernelGetState  BUILD/NUCLEO_F411RE/ARMC6/mbed-os/cmsis/CMSIS_5/CMSIS/RTOS2/RTX/Source/rtx_kernel.o
    0x08009380   0x00000028   Code   RO          650    .text.osKernelGetTickCount  BUILD/NUCLEO_F411RE/ARMC6/mbed-os/cmsis/CMSIS_5/CMSIS/RTOS2/RTX/Source/rtx_kernel.o
    0x080093a8   0x0000002c   Code   RO          628    .text.osKernelInitialize  BUILD/NUCLEO_F411RE/ARMC6/mbed-os/cmsis/CMSIS_5/CMSIS/RTOS2/RTX/Source/rtx_kernel.o
    0x080093d4   0x00000028   Code   RO          638    .text.osKernelStart  BUILD/NUCLEO_F411RE/ARMC6/mbed-os/cmsis/CMSIS_5/CMSIS/RTOS2/RTX/Source/rtx_kernel.o
    0x080093fc   0x00000070   Code   RO          770    .text.osMessageQueueGet  BUILD/NUCLEO_F411RE/ARMC6/mbed-os/cmsis/CMSIS_5/CMSIS/RTOS2/RTX/Source/rtx_msgqueue.o
    0x0800946c   0x00000034   Code   RO          764    .text.osMessageQueueNew  BUILD/NUCLEO_F411RE/ARMC6/mbed-os/cmsis/CMSIS_5/CMSIS/RTOS2/RTX/Source/rtx_msgqueue.o
    0x080094a0   0x0000007c   Code   RO          768    .text.osMessageQueuePut  BUILD/NUCLEO_F411RE/ARMC6/mbed-os/cmsis/CMSIS_5/CMSIS/RTOS2/RTX/Source/rtx_msgqueue.o
    0x0800951c   0x0000002c   Code   RO          826    .text.osMutexAcquire  BUILD/NUCLEO_F411RE/ARMC6/mbed-os/cmsis/CMSIS_5/CMSIS/RTOS2/RTX/Source/rtx_mutex.o
    0x08009548   0x0000002c   Code   RO          832    .text.osMutexDelete  BUILD/NUCLEO_F411RE/ARMC6/mbed-os/cmsis/CMSIS_5/CMSIS/RTOS2/RTX/Source/rtx_mutex.o
    0x08009574   0x00000034   Code   RO          822    .text.osMutexNew    BUILD/NUCLEO_F411RE/ARMC6/mbed-os/cmsis/CMSIS_5/CMSIS/RTOS2/RTX/Source/rtx_mutex.o
    0x080095a8   0x0000002c   Code   RO          828    .text.osMutexRelease  BUILD/NUCLEO_F411RE/ARMC6/mbed-os/cmsis/CMSIS_5/CMSIS/RTOS2/RTX/Source/rtx_mutex.o
    0x080095d4   0x00000050   Code   RO         1162    .text.osRtxErrorNotify  BUILD/NUCLEO_F411RE/ARMC6/mbed-os/cmsis/device/rtos/source/mbed_rtx_handlers.o
    0x08009624   0x00000032   Code   RO          580    .text.osRtxEventFlagsPostProcess  BUILD/NUCLEO_F411RE/ARMC6/mbed-os/cmsis/CMSIS_5/CMSIS/RTOS2/RTX/Source/rtx_evflags.o
    0x08009656   0x00000004   Code   RO         1160    .text.osRtxIdleThread  BUILD/NUCLEO_F411RE/ARMC6/mbed-os/cmsis/device/rtos/source/mbed_rtx_handlers.o
    0x0800965a   0x0000006c   Code   RO          710    .text.osRtxMemoryAlloc  BUILD/NUCLEO_F411RE/ARMC6/mbed-os/cmsis/CMSIS_5/CMSIS/RTOS2/RTX/Source/rtx_memory.o
    0x080096c6   0x00000042   Code   RO          712    .text.osRtxMemoryFree  BUILD/NUCLEO_F411RE/ARMC6/mbed-os/cmsis/CMSIS_5/CMSIS/RTOS2/RTX/Source/rtx_memory.o
    0x08009708   0x00000036   Code   RO          708    .text.osRtxMemoryInit  BUILD/NUCLEO_F411RE/ARMC6/mbed-os/cmsis/CMSIS_5/CMSIS/RTOS2/RTX/Source/rtx_memory.o
    0x0800973e   0x0000003a   Code   RO          718    .text.osRtxMemoryPoolAlloc  BUILD/NUCLEO_F411RE/ARMC6/mbed-os/cmsis/CMSIS_5/CMSIS/RTOS2/RTX/Source/rtx_mempool.o
    0x08009778   0x0000004a   Code   RO          720    .text.osRtxMemoryPoolFree  BUILD/NUCLEO_F411RE/ARMC6/mbed-os/cmsis/CMSIS_5/CMSIS/RTOS2/RTX/Source/rtx_mempool.o
    0x080097c2   0x00000038   Code   RO          716    .text.osRtxMemoryPoolInit  BUILD/NUCLEO_F411RE/ARMC6/mbed-os/cmsis/CMSIS_5/CMSIS/RTOS2/RTX/Source/rtx_mempool.o
    0x080097fa   0x000000aa   Code   RO          794    .text.osRtxMessageQueuePostProcess  BUILD/NUCLEO_F411RE/ARMC6/mbed-os/cmsis/CMSIS_5/CMSIS/RTOS2/RTX/Source/rtx_msgqueue.o
    0x080098a4   0x00000048   Code   RO          818    .text.osRtxMutexOwnerRelease  BUILD/NUCLEO_F411RE/ARMC6/mbed-os/cmsis/CMSIS_5/CMSIS/RTOS2/RTX/Source/rtx_mutex.o
    0x080098ec   0x00000042   Code   RO          820    .text.osRtxMutexOwnerRestore  BUILD/NUCLEO_F411RE/ARMC6/mbed-os/cmsis/CMSIS_5/CMSIS/RTOS2/RTX/Source/rtx_mutex.o
    0x0800992e   0x00000002   PAD
    0x08009930   0x00000088   Code   RO          890    .text.osRtxPendSV_Handler  BUILD/NUCLEO_F411RE/ARMC6/mbed-os/cmsis/CMSIS_5/CMSIS/RTOS2/RTX/Source/rtx_system.o
    0x080099b8   0x00000070   Code   RO          892    .text.osRtxPostProcess  BUILD/NUCLEO_F411RE/ARMC6/mbed-os/cmsis/CMSIS_5/CMSIS/RTOS2/RTX/Source/rtx_system.o
    0x08009a28   0x00000036   Code   RO          870    .text.osRtxSemaphorePostProcess  BUILD/NUCLEO_F411RE/ARMC6/mbed-os/cmsis/CMSIS_5/CMSIS/RTOS2/RTX/Source/rtx_semaphore.o
    0x08009a5e   0x00000002   PAD
    0x08009a60   0x00000034   Code   RO          918    .text.osRtxThreadBlock  BUILD/NUCLEO_F411RE/ARMC6/mbed-os/cmsis/CMSIS_5/CMSIS/RTOS2/RTX/Source/rtx_thread.o
    0x08009a94   0x0000007c   Code   RO          926    .text.osRtxThreadDelayInsert  BUILD/NUCLEO_F411RE/ARMC6/mbed-os/cmsis/CMSIS_5/CMSIS/RTOS2/RTX/Source/rtx_thread.o
    0x08009b10   0x00000038   Code   RO          922    .text.osRtxThreadDelayRemove  BUILD/NUCLEO_F411RE/ARMC6/mbed-os/cmsis/CMSIS_5/CMSIS/RTOS2/RTX/Source/rtx_thread.o
    0x08009b48   0x00000048   Code   RO          906    .text.osRtxThreadDelayTick  BUILD/NUCLEO_F411RE/ARMC6/mbed-os/cmsis/CMSIS_5/CMSIS/RTOS2/RTX/Source/rtx_thread.o
    0x08009b90   0x00000054   Code   RO          916    .text.osRtxThreadDispatch  BUILD/NUCLEO_F411RE/ARMC6/mbed-os/cmsis/CMSIS_5/CMSIS/RTOS2/RTX/Source/rtx_thread.o
    0x08009be4   0x00000054   Code   RO         1002    .text.osRtxThreadFree  BUILD/NUCLEO_F411RE/ARMC6/mbed-os/cmsis/CMSIS_5/CMSIS/RTOS2/RTX/Source/rtx_thread.o
    0x08009c38   0x00000012   Code   RO          898    .text.osRtxThreadListGet  BUILD/NUCLEO_F411RE/ARMC6/mbed-os/cmsis/CMSIS_5/CMSIS/RTOS2/RTX/Source/rtx_thread.o
    0x08009c4a   0x0000002c   Code   RO          896    .text.osRtxThreadListPut  BUILD/NUCLEO_F411RE/ARMC6/mbed-os/cmsis/CMSIS_5/CMSIS/RTOS2/RTX/Source/rtx_thread.o
    0x08009c76   0x00000014   Code   RO          902    .text.osRtxThreadListRemove  BUILD/NUCLEO_F411RE/ARMC6/mbed-os/cmsis/CMSIS_5/CMSIS/RTOS2/RTX/Source/rtx_thread.o
    0x08009c8a   0x0000000c   Code   RO          908    .text.osRtxThreadListRoot  BUILD/NUCLEO_F411RE/ARMC6/mbed-os/cmsis/CMSIS_5/CMSIS/RTOS2/RTX/Source/rtx_thread.o
    0x08009c96   0x00000026   Code   RO          900    .text.osRtxThreadListSort  BUILD/NUCLEO_F411RE/ARMC6/mbed-os/cmsis/CMSIS_5/CMSIS/RTOS2/RTX/Source/rtx_thread.o
    0x08009cbc   0x00000020   Code   RO          976    .text.osRtxThreadPostProcess  BUILD/NUCLEO_F411RE/ARMC6/mbed-os/cmsis/CMSIS_5/CMSIS/RTOS2/RTX/Source/rtx_thread.o
    0x08009cdc   0x00000014   Code   RO          904    .text.osRtxThreadReadyPut  BUILD/NUCLEO_F411RE/ARMC6/mbed-os/cmsis/CMSIS_5/CMSIS/RTOS2/RTX/Source/rtx_thread.o
    0x08009cf0   0x00000014   Code   RO          910    .text.osRtxThreadRegPtr  BUILD/NUCLEO_F411RE/ARMC6/mbed-os/cmsis/CMSIS_5/CMSIS/RTOS2/RTX/Source/rtx_thread.o
    0x08009d04   0x00000024   Code   RO          914    .text.osRtxThreadStackCheck  BUILD/NUCLEO_F411RE/ARMC6/mbed-os/cmsis/CMSIS_5/CMSIS/RTOS2/RTX/Source/rtx_thread.o
    0x08009d28   0x00000034   Code   RO          928    .text.osRtxThreadStartup  BUILD/NUCLEO_F411RE/ARMC6/mbed-os/cmsis/CMSIS_5/CMSIS/RTOS2/RTX/Source/rtx_thread.o
    0x08009d5c   0x00000010   Code   RO          912    .text.osRtxThreadSwitch  BUILD/NUCLEO_F411RE/ARMC6/mbed-os/cmsis/CMSIS_5/CMSIS/RTOS2/RTX/Source/rtx_thread.o
    0x08009d6c   0x0000003c   Code   RO          924    .text.osRtxThreadWaitEnter  BUILD/NUCLEO_F411RE/ARMC6/mbed-os/cmsis/CMSIS_5/CMSIS/RTOS2/RTX/Source/rtx_thread.o
    0x08009da8   0x00000030   Code   RO          920    .text.osRtxThreadWaitExit  BUILD/NUCLEO_F411RE/ARMC6/mbed-os/cmsis/CMSIS_5/CMSIS/RTOS2/RTX/Source/rtx_thread.o
    0x08009dd8   0x00000074   Code   RO          888    .text.osRtxTick_Handler  BUILD/NUCLEO_F411RE/ARMC6/mbed-os/cmsis/CMSIS_5/CMSIS/RTOS2/RTX/Source/rtx_system.o
    0x08009e4c   0x0000003c   Code   RO         1046    .text.osRtxTimerThread  BUILD/NUCLEO_F411RE/ARMC6/mbed-os/cmsis/CMSIS_5/CMSIS/RTOS2/RTX/Source/rtx_timer.o
    0x08009e88   0x00000054   Code   RO         1048    .text.osRtxTimerTick  BUILD/NUCLEO_F411RE/ARMC6/mbed-os/cmsis/CMSIS_5/CMSIS/RTOS2/RTX/Source/rtx_timer.o
    0x08009edc   0x00000030   Code   RO          866    .text.osSemaphoreDelete  BUILD/NUCLEO_F411RE/ARMC6/mbed-os/cmsis/CMSIS_5/CMSIS/RTOS2/RTX/Source/rtx_semaphore.o
    0x08009f0c   0x00000034   Code   RO          854    .text.osSemaphoreNew  BUILD/NUCLEO_F411RE/ARMC6/mbed-os/cmsis/CMSIS_5/CMSIS/RTOS2/RTX/Source/rtx_semaphore.o
    0x08009f40   0x00000050   Code   RO          860    .text.osSemaphoreRelease  BUILD/NUCLEO_F411RE/ARMC6/mbed-os/cmsis/CMSIS_5/CMSIS/RTOS2/RTX/Source/rtx_semaphore.o
    0x08009f90   0x0000001c   Code   RO          960    .text.osThreadExit  BUILD/NUCLEO_F411RE/ARMC6/mbed-os/cmsis/CMSIS_5/CMSIS/RTOS2/RTX/Source/rtx_thread.o
    0x08009fac   0x00000028   Code   RO          936    .text.osThreadGetId  BUILD/NUCLEO_F411RE/ARMC6/mbed-os/cmsis/CMSIS_5/CMSIS/RTOS2/RTX/Source/rtx_thread.o
    0x08009fd4   0x00000034   Code   RO          932    .text.osThreadNew   BUILD/NUCLEO_F411RE/ARMC6/mbed-os/cmsis/CMSIS_5/CMSIS/RTOS2/RTX/Source/rtx_thread.o
    0x0800a008   0x00000034   Code   RO          962    .text.osThreadTerminate  BUILD/NUCLEO_F411RE/ARMC6/mbed-os/cmsis/CMSIS_5/CMSIS/RTOS2/RTX/Source/rtx_thread.o
    0x0800a03c   0x00000020   Code   RO         1111    .text.os_kernel_is_active  BUILD/NUCLEO_F411RE/ARMC6/mbed-os/cmsis/device/rtos/TOOLCHAIN_ARM_STD/mbed_boot_arm_std.o
    0x0800a05c   0x00000024   Code   RO        26847    .text.parse_string_to_integer  BUILD/NUCLEO_F411RE/ARMC6/mbed-os/platform/source/minimal-printf/mbed_printf_implementation.o
    0x0800a080   0x000000e0   Code   RO        32361    .text.pin_function  BUILD/NUCLEO_F411RE/ARMC6/mbed-os/targets/TARGET_STM/pinmap.o
    0x0800a160   0x00000078   Code   RO        32365    .text.pin_mode      BUILD/NUCLEO_F411RE/ARMC6/mbed-os/targets/TARGET_STM/pinmap.o
    0x0800a1d8   0x00000022   Code   RO        25506    .text.pinmap_find_function  BUILD/NUCLEO_F411RE/ARMC6/mbed-os/hal/source/mbed_pinmap_common.o
    0x0800a1fa   0x00000022   Code   RO        25502    .text.pinmap_find_peripheral  BUILD/NUCLEO_F411RE/ARMC6/mbed-os/hal/source/mbed_pinmap_common.o
    0x0800a21c   0x00000024   Code   RO        25500    .text.pinmap_merge  BUILD/NUCLEO_F411RE/ARMC6/mbed-os/hal/source/mbed_pinmap_common.o
    0x0800a240   0x00000028   Code   RO        25504    .text.pinmap_peripheral  BUILD/NUCLEO_F411RE/ARMC6/mbed-os/hal/source/mbed_pinmap_common.o
    0x0800a268   0x0000015c   Code   RO        26147    .text.print_context_info  BUILD/NUCLEO_F411RE/ARMC6/mbed-os/platform/source/TARGET_CORTEX_M/mbed_fault_handler.o
    0x0800a3c4   0x00000030   Code   RO        32390    .text.pwmout_init   BUILD/NUCLEO_F411RE/ARMC6/mbed-os/targets/TARGET_STM/pwmout_api.o
    0x0800a3f4   0x0000013c   Code   RO        32386    .text.pwmout_init_direct  BUILD/NUCLEO_F411RE/ARMC6/mbed-os/targets/TARGET_STM/pwmout_api.o
    0x0800a530   0x00000128   Code   RO        32388    .text.pwmout_period_us  BUILD/NUCLEO_F411RE/ARMC6/mbed-os/targets/TARGET_STM/pwmout_api.o
    0x0800a658   0x00000038   Code   RO        32396    .text.pwmout_read   BUILD/NUCLEO_F411RE/ARMC6/mbed-os/targets/TARGET_STM/pwmout_api.o
    0x0800a690   0x0000011c   Code   RO        32394    .text.pwmout_write  BUILD/NUCLEO_F411RE/ARMC6/mbed-os/targets/TARGET_STM/pwmout_api.o
    0x0800a7ac   0x00000014   Code   RO        32579    .text.restore_timer_ctx  BUILD/NUCLEO_F411RE/ARMC6/mbed-os/targets/TARGET_STM/us_ticker.o
    0x0800a7c0   0x0000000c   Code   RO         1175    .text.rtos_idle_loop  BUILD/NUCLEO_F411RE/ARMC6/mbed-os/cmsis/device/rtos/source/mbed_rtx_idle.o
    0x0800a7cc   0x0000001c   Code   RO        32577    .text.save_timer_ctx  BUILD/NUCLEO_F411RE/ARMC6/mbed-os/targets/TARGET_STM/us_ticker.o
    0x0800a7e8   0x000000ca   Code   RO        25551    .text.schedule_interrupt  BUILD/NUCLEO_F411RE/ARMC6/mbed-os/hal/source/mbed_ticker_api.o
    0x0800a8b2   0x00000006   Code   RO        32462    .text.serial_baud   BUILD/NUCLEO_F411RE/ARMC6/mbed-os/targets/TARGET_STM/serial_api.o
    0x0800a8b8   0x0000003c   Code   RO        32120    .text.serial_getc   BUILD/NUCLEO_F411RE/ARMC6/mbed-os/targets/TARGET_STM/TARGET_STM32F4/serial_device.o
    0x0800a8f4   0x000000dc   Code   RO        32452    .text.serial_init_direct  BUILD/NUCLEO_F411RE/ARMC6/mbed-os/targets/TARGET_STM/serial_api.o
    0x0800a9d0   0x00000044   Code   RO        32482    .text.serial_is_tx_ongoing  BUILD/NUCLEO_F411RE/ARMC6/mbed-os/targets/TARGET_STM/serial_api.o
    0x0800aa14   0x00000024   Code   RO        32122    .text.serial_putc   BUILD/NUCLEO_F411RE/ARMC6/mbed-os/targets/TARGET_STM/TARGET_STM32F4/serial_device.o
    0x0800aa38   0x0000002c   Code   RO        32474    .text.serial_readable  BUILD/NUCLEO_F411RE/ARMC6/mbed-os/targets/TARGET_STM/serial_api.o
    0x0800aa64   0x00000018   Code   RO        32476    .text.serial_writable  BUILD/NUCLEO_F411RE/ARMC6/mbed-os/targets/TARGET_STM/serial_api.o
    0x0800aa7c   0x000000f8   Code   RO          357    .text.set_sequence_step_timeout  BUILD/NUCLEO_F411RE/ARMC6/VL53L0X/core/src/vl53l0x_api_core.o
    0x0800ab74   0x00000024   Code   RO        26432    .text.sleep_manager_lock_deep_sleep_internal  BUILD/NUCLEO_F411RE/ARMC6/mbed-os/platform/source/mbed_power_mgmt.o
    0x0800ab98   0x00000020   Code   RO        26440    .text.sleep_manager_sleep_auto  BUILD/NUCLEO_F411RE/ARMC6/mbed-os/platform/source/mbed_power_mgmt.o
    0x0800abb8   0x00000030   Code   RO        26434    .text.sleep_manager_unlock_deep_sleep_internal  BUILD/NUCLEO_F411RE/ARMC6/mbed-os/platform/source/mbed_power_mgmt.o
    0x0800abe8   0x0000003a   Code   RO        32363    .text.stm_pin_PullConfig  BUILD/NUCLEO_F411RE/ARMC6/mbed-os/targets/TARGET_STM/pinmap.o
    0x0800ac22   0x00000002   PAD
    0x0800ac24   0x00000074   Code   RO          578    .text.svcRtxEventFlagsNew  BUILD/NUCLEO_F411RE/ARMC6/mbed-os/cmsis/CMSIS_5/CMSIS/RTOS2/RTX/Source/rtx_evflags.o
    0x0800ac98   0x00000080   Code   RO          586    .text.svcRtxEventFlagsSet  BUILD/NUCLEO_F411RE/ARMC6/mbed-os/cmsis/CMSIS_5/CMSIS/RTOS2/RTX/Source/rtx_evflags.o
    0x0800ad18   0x0000005c   Code   RO          588    .text.svcRtxEventFlagsWait  BUILD/NUCLEO_F411RE/ARMC6/mbed-os/cmsis/CMSIS_5/CMSIS/RTOS2/RTX/Source/rtx_evflags.o
    0x0800ad74   0x00000008   Code   RO          636    .text.svcRtxKernelGetState  BUILD/NUCLEO_F411RE/ARMC6/mbed-os/cmsis/CMSIS_5/CMSIS/RTOS2/RTX/Source/rtx_kernel.o
    0x0800ad7c   0x00000008   Code   RO          652    .text.svcRtxKernelGetTickCount  BUILD/NUCLEO_F411RE/ARMC6/mbed-os/cmsis/CMSIS_5/CMSIS/RTOS2/RTX/Source/rtx_kernel.o
    0x0800ad84   0x00000104   Code   RO          666    .text.svcRtxKernelInitialize  BUILD/NUCLEO_F411RE/ARMC6/mbed-os/cmsis/CMSIS_5/CMSIS/RTOS2/RTX/Source/rtx_kernel.o
    0x0800ae88   0x00000094   Code   RO          668    .text.svcRtxKernelStart  BUILD/NUCLEO_F411RE/ARMC6/mbed-os/cmsis/CMSIS_5/CMSIS/RTOS2/RTX/Source/rtx_kernel.o
    0x0800af1c   0x000000d4   Code   RO          806    .text.svcRtxMessageQueueGet  BUILD/NUCLEO_F411RE/ARMC6/mbed-os/cmsis/CMSIS_5/CMSIS/RTOS2/RTX/Source/rtx_msgqueue.o
    0x0800aff0   0x0000013c   Code   RO          792    .text.svcRtxMessageQueueNew  BUILD/NUCLEO_F411RE/ARMC6/mbed-os/cmsis/CMSIS_5/CMSIS/RTOS2/RTX/Source/rtx_msgqueue.o
    0x0800b12c   0x000000c0   Code   RO          802    .text.svcRtxMessageQueuePut  BUILD/NUCLEO_F411RE/ARMC6/mbed-os/cmsis/CMSIS_5/CMSIS/RTOS2/RTX/Source/rtx_msgqueue.o
    0x0800b1ec   0x0000009c   Code   RO          838    .text.svcRtxMutexAcquire  BUILD/NUCLEO_F411RE/ARMC6/mbed-os/cmsis/CMSIS_5/CMSIS/RTOS2/RTX/Source/rtx_mutex.o
    0x0800b288   0x000000ac   Code   RO          844    .text.svcRtxMutexDelete  BUILD/NUCLEO_F411RE/ARMC6/mbed-os/cmsis/CMSIS_5/CMSIS/RTOS2/RTX/Source/rtx_mutex.o
    0x0800b334   0x00000078   Code   RO          834    .text.svcRtxMutexNew  BUILD/NUCLEO_F411RE/ARMC6/mbed-os/cmsis/CMSIS_5/CMSIS/RTOS2/RTX/Source/rtx_mutex.o
    0x0800b3ac   0x000000c4   Code   RO          840    .text.svcRtxMutexRelease  BUILD/NUCLEO_F411RE/ARMC6/mbed-os/cmsis/CMSIS_5/CMSIS/RTOS2/RTX/Source/rtx_mutex.o
    0x0800b470   0x00000060   Code   RO          880    .text.svcRtxSemaphoreDelete  BUILD/NUCLEO_F411RE/ARMC6/mbed-os/cmsis/CMSIS_5/CMSIS/RTOS2/RTX/Source/rtx_semaphore.o
    0x0800b4d0   0x00000098   Code   RO          868    .text.svcRtxSemaphoreNew  BUILD/NUCLEO_F411RE/ARMC6/mbed-os/cmsis/CMSIS_5/CMSIS/RTOS2/RTX/Source/rtx_semaphore.o
    0x0800b568   0x00000040   Code   RO          878    .text.svcRtxSemaphoreRelease  BUILD/NUCLEO_F411RE/ARMC6/mbed-os/cmsis/CMSIS_5/CMSIS/RTOS2/RTX/Source/rtx_semaphore.o
    0x0800b5a8   0x00000064   Code   RO         1006    .text.svcRtxThreadExit  BUILD/NUCLEO_F411RE/ARMC6/mbed-os/cmsis/CMSIS_5/CMSIS/RTOS2/RTX/Source/rtx_thread.o
    0x0800b60c   0x0000000c   Code   RO          938    .text.svcRtxThreadGetId  BUILD/NUCLEO_F411RE/ARMC6/mbed-os/cmsis/CMSIS_5/CMSIS/RTOS2/RTX/Source/rtx_thread.o
    0x0800b618   0x00000204   Code   RO          930    .text.svcRtxThreadNew  BUILD/NUCLEO_F411RE/ARMC6/mbed-os/cmsis/CMSIS_5/CMSIS/RTOS2/RTX/Source/rtx_thread.o
    0x0800b81c   0x000000b4   Code   RO         1008    .text.svcRtxThreadTerminate  BUILD/NUCLEO_F411RE/ARMC6/mbed-os/cmsis/CMSIS_5/CMSIS/RTOS2/RTX/Source/rtx_thread.o
    0x0800b8d0   0x00000004   Code   RO        26316    .text.system_reset  BUILD/NUCLEO_F411RE/ARMC6/mbed-os/platform/source/mbed_error.o
    0x0800b8d4   0x0000005e   Code   RO        25547    .text.ticker_irq_handler  BUILD/NUCLEO_F411RE/ARMC6/mbed-os/hal/source/mbed_ticker_api.o
    0x0800b932   0x00000020   Code   RO        25563    .text.ticker_read_us  BUILD/NUCLEO_F411RE/ARMC6/mbed-os/hal/source/mbed_ticker_api.o
    0x0800b952   0x00000002   PAD
    0x0800b954   0x00000024   Code   RO        32561    .text.timer_irq_handler  BUILD/NUCLEO_F411RE/ARMC6/mbed-os/targets/TARGET_STM/us_ticker.o
    0x0800b978   0x0000007c   Code   RO        25549    .text.update_present_time  BUILD/NUCLEO_F411RE/ARMC6/mbed-os/hal/source/mbed_ticker_api.o
    0x0800b9f4   0x0000000c   Code   RO        32575    .text.us_ticker_clear_interrupt  BUILD/NUCLEO_F411RE/ARMC6/mbed-os/targets/TARGET_STM/us_ticker.o
    0x0800ba00   0x00000010   Code   RO        32573    .text.us_ticker_disable_interrupt  BUILD/NUCLEO_F411RE/ARMC6/mbed-os/targets/TARGET_STM/us_ticker.o
    0x0800ba10   0x0000001c   Code   RO        32571    .text.us_ticker_fire_interrupt  BUILD/NUCLEO_F411RE/ARMC6/mbed-os/targets/TARGET_STM/us_ticker.o
    0x0800ba2c   0x00000008   Code   RO        32559    .text.us_ticker_get_info  BUILD/NUCLEO_F411RE/ARMC6/mbed-os/targets/TARGET_STM/us_ticker.o
    0x0800ba34   0x00000014   Code   RO        32565    .text.us_ticker_init  BUILD/NUCLEO_F411RE/ARMC6/mbed-os/targets/TARGET_STM/us_ticker.o
    0x0800ba48   0x00000014   Code   RO        25587    .text.us_ticker_irq_handler  BUILD/NUCLEO_F411RE/ARMC6/mbed-os/hal/source/mbed_us_ticker_api.o
    0x0800ba5c   0x0000000c   Code   RO        32567    .text.us_ticker_read  BUILD/NUCLEO_F411RE/ARMC6/mbed-os/targets/TARGET_STM/us_ticker.o
    0x0800ba68   0x0000001c   Code   RO        32569    .text.us_ticker_set_interrupt  BUILD/NUCLEO_F411RE/ARMC6/mbed-os/targets/TARGET_STM/us_ticker.o
    0x0800ba84   0x0000002a   Code   RO        26495    .text.write         BUILD/NUCLEO_F411RE/ARMC6/mbed-os/platform/source/mbed_retarget.o
    0x0800baae   0x0000001a   Code   RO        32711    i.fputc             /Library/Application Support/Mbed Studio/mbed-studio-tools/ac6/bin/../lib/armlib/c_w.l(fputc.o)
    0x0800bac8   0x00000150   Code   RO        32822    x$fpl$dadd          /Library/Application Support/Mbed Studio/mbed-studio-tools/ac6/bin/../lib/armlib/fz_wm.l(daddsub_clz.o)
    0x0800bc18   0x0000005a   Code   RO        32834    x$fpl$dfixu         /Library/Application Support/Mbed Studio/mbed-studio-tools/ac6/bin/../lib/armlib/fz_wm.l(dfixu.o)
    0x0800bc72   0x0000009c   Code   RO        33083    x$fpl$dnaninf       /Library/Application Support/Mbed Studio/mbed-studio-tools/ac6/bin/../lib/armlib/fz_wm.l(dnaninf.o)
    0x0800bd0e   0x0000000c   Code   RO        33085    x$fpl$dretinf       /Library/Application Support/Mbed Studio/mbed-studio-tools/ac6/bin/../lib/armlib/fz_wm.l(dretinf.o)
    0x0800bd1a   0x00000002   PAD
    0x0800bd1c   0x000001dc   Code   RO        32824    x$fpl$dsub          /Library/Application Support/Mbed Studio/mbed-studio-tools/ac6/bin/../lib/armlib/fz_wm.l(daddsub_clz.o)
    0x0800bef8   0x00000056   Code   RO        32846    x$fpl$f2d           /Library/Application Support/Mbed Studio/mbed-studio-tools/ac6/bin/../lib/armlib/fz_wm.l(f2d.o)
    0x0800bf4e   0x0000008c   Code   RO        33087    x$fpl$fnaninf       /Library/Application Support/Mbed Studio/mbed-studio-tools/ac6/bin/../lib/armlib/fz_wm.l(fnaninf.o)
    0x0800bfda   0x0000001a   Code   RO        33205    x$fpl$fpinit        /Library/Application Support/Mbed Studio/mbed-studio-tools/ac6/bin/../lib/armlib/fz_wm.l(fpinit.o)
    0x0800bff4   0x00000000   Code   RO        33091    x$fpl$usenofp       /Library/Application Support/Mbed Studio/mbed-studio-tools/ac6/bin/../lib/armlib/fz_wm.l(usenofp.o)
    0x0800bff4   0x000000a0   Data   RO          698    .rodata             BUILD/NUCLEO_F411RE/ARMC6/mbed-os/cmsis/CMSIS_5/CMSIS/RTOS2/RTX/Source/rtx_lib.o
    0x0800c094   0x00000010   Data   RO         1154    .rodata..L__const.mbed_rtos_init_singleton_mutex.singleton_mutex_attr  BUILD/NUCLEO_F411RE/ARMC6/mbed-os/cmsis/device/rtos/source/mbed_rtos_rtx.o
    0x0800c0a4   0x00000010   Data   RO        32040    .rodata.AHBPrescTable  BUILD/NUCLEO_F411RE/ARMC6/mbed-os/targets/TARGET_STM/TARGET_STM32F4/STM32Cube_FW/system_stm32f4xx.o
    0x0800c0b4   0x00000008   Data   RO        32041    .rodata.APBPrescTable  BUILD/NUCLEO_F411RE/ARMC6/mbed-os/targets/TARGET_STM/TARGET_STM32F4/STM32Cube_FW/system_stm32f4xx.o
    0x0800c0bc   0x00000030   Data   RO        32047    .rodata.PinMap_I2C_SCL  BUILD/NUCLEO_F411RE/ARMC6/mbed-os/targets/TARGET_STM/TARGET_STM32F4/TARGET_STM32F411xE/TARGET_NUCLEO_F411RE/PeripheralPins.o
    0x0800c0ec   0x00000060   Data   RO        32046    .rodata.PinMap_I2C_SDA  BUILD/NUCLEO_F411RE/ARMC6/mbed-os/targets/TARGET_STM/TARGET_STM32F4/TARGET_STM32F411xE/TARGET_NUCLEO_F411RE/PeripheralPins.o
    0x0800c14c   0x0000018c   Data   RO        32048    .rodata.PinMap_PWM  BUILD/NUCLEO_F411RE/ARMC6/mbed-os/targets/TARGET_STM/TARGET_STM32F4/TARGET_STM32F411xE/TARGET_NUCLEO_F411RE/PeripheralPins.o
    0x0800c2d8   0x00000050   Data   RO        26633    .rodata._ZTV12DirectSerial  BUILD/NUCLEO_F411RE/ARMC6/mbed-os/platform/source/mbed_retarget.o
    0x0800c328   0x00000010   Data   RO        22899    .rodata._ZTVN4mbed11InterruptInE  BUILD/NUCLEO_F411RE/ARMC6/mbed-os/drivers/source/InterruptIn.o
    0x0800c338   0x00000018   Data   RO        22840    .rodata._ZTVN4mbed3I2CE  BUILD/NUCLEO_F411RE/ARMC6/mbed-os/drivers/source/I2C.o
    0x0800c350   0x00000010   Data   RO        27095    .rodata._ZTVN4rtos6ThreadE  BUILD/NUCLEO_F411RE/ARMC6/mbed-os/rtos/source/Thread.o
    0x0800c360   0x00000018   Data   RO        26640    .rodata._ZZL15default_consolevE14console_pinmap  BUILD/NUCLEO_F411RE/ARMC6/mbed-os/platform/source/mbed_retarget.o
    0x0800c378   0x00000008   Data   RO        26629    .rodata.__stderr_name  BUILD/NUCLEO_F411RE/ARMC6/mbed-os/platform/source/mbed_retarget.o
    0x0800c380   0x00000007   Data   RO        26627    .rodata.__stdin_name  BUILD/NUCLEO_F411RE/ARMC6/mbed-os/platform/source/mbed_retarget.o
    0x0800c387   0x00000008   Data   RO        26628    .rodata.__stdout_name  BUILD/NUCLEO_F411RE/ARMC6/mbed-os/platform/source/mbed_retarget.o
    0x0800c38f   0x00000001   PAD
    0x0800c390   0x00000040   Data   RO        32367    .rodata.ll_pin_defines  BUILD/NUCLEO_F411RE/ARMC6/mbed-os/targets/TARGET_STM/pinmap.o
    0x0800c3d0   0x00000004   Data   RO          700    .rodata.osRtxUserSVC  BUILD/NUCLEO_F411RE/ARMC6/mbed-os/cmsis/CMSIS_5/CMSIS/RTOS2/RTX/Source/rtx_lib.o
    0x0800c3d4   0x00000024   Data   RO          695    .rodata.os_idle_thread_attr  BUILD/NUCLEO_F411RE/ARMC6/mbed-os/cmsis/CMSIS_5/CMSIS/RTOS2/RTX/Source/rtx_lib.o
    0x0800c3f8   0x00000018   Data   RO          697    .rodata.os_timer_mq_attr  BUILD/NUCLEO_F411RE/ARMC6/mbed-os/cmsis/CMSIS_5/CMSIS/RTOS2/RTX/Source/rtx_lib.o
    0x0800c410   0x00000024   Data   RO          696    .rodata.os_timer_thread_attr  BUILD/NUCLEO_F411RE/ARMC6/mbed-os/cmsis/CMSIS_5/CMSIS/RTOS2/RTX/Source/rtx_lib.o
    0x0800c434   0x000000c0   Data   RO        32106    .rodata.pin_lines_desc  BUILD/NUCLEO_F411RE/ARMC6/mbed-os/targets/TARGET_STM/TARGET_STM32F4/gpio_irq_device.o
    0x0800c4f4   0x00000048   Data   RO        32108    .rodata.pwm_apb_map_table  BUILD/NUCLEO_F411RE/ARMC6/mbed-os/targets/TARGET_STM/TARGET_STM32F4/pwmout_device.o
    0x0800c53c   0x00000013   Data   RO          701    .rodata.str1.1      BUILD/NUCLEO_F411RE/ARMC6/mbed-os/cmsis/CMSIS_5/CMSIS/RTOS2/RTX/Source/rtx_lib.o
    0x0800c54f   0x00000010   Data   RO         1152    .rodata.str1.1      BUILD/NUCLEO_F411RE/ARMC6/mbed-os/cmsis/device/rtos/source/mbed_rtos_rtx.o
    0x0800c55f   0x000000c8   Data   RO        26151    .rodata.str1.1      BUILD/NUCLEO_F411RE/ARMC6/mbed-os/platform/source/TARGET_CORTEX_M/mbed_fault_handler.o
    0x0800c627   0x00000017   Data   RO        32417    .rodata.str1.1      BUILD/NUCLEO_F411RE/ARMC6/mbed-os/targets/TARGET_STM/pwmout_api.o
    0x0800c63e   0x00000002   PAD
    0x0800c640   0x0000000b   Data   RO          688    .rodata.str1.4      BUILD/NUCLEO_F411RE/ARMC6/mbed-os/cmsis/CMSIS_5/CMSIS/RTOS2/RTX/Source/rtx_kernel.o
    0x0800c64b   0x00000001   PAD
    0x0800c64c   0x00000008   Data   RO        25591    .rodata.us_data     BUILD/NUCLEO_F411RE/ARMC6/mbed-os/hal/source/mbed_us_ticker_api.o
    0x0800c654   0x00000024   Data   RO        25593    .rodata.us_interface  BUILD/NUCLEO_F411RE/ARMC6/mbed-os/hal/source/mbed_us_ticker_api.o
    0x0800c678   0x00000008   Data   RO        32583    .rodata.us_ticker_get_info.info  BUILD/NUCLEO_F411RE/ARMC6/mbed-os/targets/TARGET_STM/us_ticker.o
    0x0800c680   0x00000020   Data   RO        33362    Region$$Table       anon$$obj.o
    0x0800c6a0   0x00000004   Data   RO          472    .init_array         BUILD/NUCLEO_F411RE/ARMC6/main.o
    0x0800c6a4   0x00000000   Data   RO        32817    .init_array         /Library/Application Support/Mbed Studio/mbed-studio-tools/ac6/bin/../lib/armlib/c_w.l(init_aeabi.o)


    Execution Region RW_m_crash_data (Base: 0x20000198, Size: 0x00000100, Max: 0x00000100, ABSOLUTE)

    Base Addr    Size         Type   Attr      Idx    E Section Name        Object

    0x20000198   0x00000100   Zero   RW            1    RW_m_crash_data.bss  anon$$obj.o


    Execution Region RW_IRAM1 (Base: 0x20000298, Size: 0x00002b1c, Max: 0x0001fd68, ABSOLUTE, COMPRESSED[0x000002a8])

    Base Addr    Size         Type   Attr      Idx    E Section Name        Object

    0x20000298   0x00000004   Data   RW        32735    .data               /Library/Application Support/Mbed Studio/mbed-studio-tools/ac6/bin/../lib/armlib/c_w.l(stdio_streams.o)
    0x2000029c   0x00000004   Data   RW        32736    .data               /Library/Application Support/Mbed Studio/mbed-studio-tools/ac6/bin/../lib/armlib/c_w.l(stdio_streams.o)
    0x200002a0   0x00000004   Data   RW        32737    .data               /Library/Application Support/Mbed Studio/mbed-studio-tools/ac6/bin/../lib/armlib/c_w.l(stdio_streams.o)
    0x200002a4   0x00000004   Data   RW        32998    .data               /Library/Application Support/Mbed Studio/mbed-studio-tools/ac6/bin/../lib/armlib/c_w.l(streamlock.o)
    0x200002a8   0x00000008   Data   RW        28854    .data..L_MergedGlobals  BUILD/NUCLEO_F411RE/ARMC6/mbed-os/targets/TARGET_STM/TARGET_STM32F4/STM32Cube_FW/STM32F4xx_HAL_Driver/stm32f4xx_hal.o
    0x200002b0   0x000000f3   Data   RW          268    .data.DefaultTuningSettings  BUILD/NUCLEO_F411RE/ARMC6/VL53L0X/core/src/vl53l0x_api.o
    0x200003a3   0x000001b6   Data   RW          269    .data.InterruptThresholdSettings  BUILD/NUCLEO_F411RE/ARMC6/VL53L0X/core/src/vl53l0x_api.o
    0x20000559   0x00000003   PAD
    0x2000055c   0x00000004   Data   RW        32039    .data.SystemCoreClock  BUILD/NUCLEO_F411RE/ARMC6/mbed-os/targets/TARGET_STM/TARGET_STM32F4/STM32Cube_FW/system_stm32f4xx.o
    0x20000560   0x00000040   Data   RW        26639    .data._ZL11filehandles  BUILD/NUCLEO_F411RE/ARMC6/mbed-os/platform/source/mbed_retarget.o
    0x200005a0   0x00000004   Data   RW         1177    .data._ZL14idle_hook_fptr  BUILD/NUCLEO_F411RE/ARMC6/mbed-os/cmsis/device/rtos/source/mbed_rtx_idle.o
    0x200005a4   0x00000004   Data   RW        25592    .data.irq_handler   BUILD/NUCLEO_F411RE/ARMC6/mbed-os/hal/source/mbed_us_ticker_api.o
    0x200005a8   0x000000a4   Data   RW          689    .data.os            BUILD/NUCLEO_F411RE/ARMC6/mbed-os/cmsis/CMSIS_5/CMSIS/RTOS2/RTX/Source/rtx_kernel.o
    0x2000064c   0x00000010   Data   RW          326    .data.refArrayQuadrants  BUILD/NUCLEO_F411RE/ARMC6/VL53L0X/core/src/vl53l0x_api_calibration.o
    0x2000065c   0x00000054   Zero   RW        32732    .bss                /Library/Application Support/Mbed Studio/mbed-studio-tools/ac6/bin/../lib/armlib/c_w.l(stdio_streams.o)
    0x200006b0   0x00000054   Zero   RW        32733    .bss                /Library/Application Support/Mbed Studio/mbed-studio-tools/ac6/bin/../lib/armlib/c_w.l(stdio_streams.o)
    0x20000704   0x00000054   Zero   RW        32734    .bss                /Library/Application Support/Mbed Studio/mbed-studio-tools/ac6/bin/../lib/armlib/c_w.l(stdio_streams.o)
    0x20000758   0x00000060   Zero   RW        32922    .bss                /Library/Application Support/Mbed Studio/mbed-studio-tools/ac6/bin/../lib/armlib/c_w.l(libspace.o)
    0x200007b8   0x00000048   Zero   RW          474    .bss..L_MergedGlobals  BUILD/NUCLEO_F411RE/ARMC6/main.o
    0x20000800   0x00000002   Zero   RW        25423    .bss..L_MergedGlobals  BUILD/NUCLEO_F411RE/ARMC6/mbed-os/hal/source/mbed_critical_section_api.o
    0x20000802   0x00000002   PAD
    0x20000804   0x00000024   Zero   RW        25764    .bss..L_MergedGlobals  BUILD/NUCLEO_F411RE/ARMC6/mbed-os/platform/source/CThunkBase.o
    0x20000828   0x00000030   Zero   RW        25828    .bss..L_MergedGlobals  BUILD/NUCLEO_F411RE/ARMC6/mbed-os/platform/source/FileBase.o
    0x20000858   0x0000004c   Zero   RW        26341    .bss..L_MergedGlobals  BUILD/NUCLEO_F411RE/ARMC6/mbed-os/platform/source/mbed_error.o
    0x200008a4   0x00000028   Zero   RW        26641    .bss..L_MergedGlobals  BUILD/NUCLEO_F411RE/ARMC6/mbed-os/platform/source/mbed_retarget.o
    0x200008cc   0x00000008   Zero   RW        26946    .bss..L_MergedGlobals  BUILD/NUCLEO_F411RE/ARMC6/mbed-os/rtos/source/Kernel.o
    0x200008d4   0x00000008   Zero   RW        32212    .bss..L_MergedGlobals  BUILD/NUCLEO_F411RE/ARMC6/mbed-os/targets/TARGET_STM/gpio_irq_api.o
    0x200008dc   0x0000000c   Zero   RW        32223    .bss..L_MergedGlobals  BUILD/NUCLEO_F411RE/ARMC6/mbed-os/targets/TARGET_STM/hal_tick_overrides.o
    0x200008e8   0x00000050   Zero   RW        32487    .bss..L_MergedGlobals  BUILD/NUCLEO_F411RE/ARMC6/mbed-os/targets/TARGET_STM/serial_api.o
    0x20000938   0x00000054   Zero   RW        32584    .bss..L_MergedGlobals  BUILD/NUCLEO_F411RE/ARMC6/mbed-os/targets/TARGET_STM/us_ticker.o
    0x2000098c   0x00000078   Zero   RW          475    .bss..L_MergedGlobals.11  BUILD/NUCLEO_F411RE/ARMC6/main.o
    0x20000a04   0x00000001   Zero   RW         1100    .bss.PendST         BUILD/NUCLEO_F411RE/ARMC6/mbed-os/cmsis/CMSIS_5/CMSIS/RTOS2/Source/os_systick.o
    0x20000a05   0x00000003   PAD
    0x20000a08   0x00000048   Zero   RW        32416    .bss.TimHandle      BUILD/NUCLEO_F411RE/ARMC6/mbed-os/targets/TARGET_STM/pwmout_api.o
    0x20000a50   0x00000028   Zero   RW        26632    .bss._ZL16filehandle_mutex  BUILD/NUCLEO_F411RE/ARMC6/mbed-os/platform/source/mbed_retarget.o
    0x20000a78   0x00000028   Zero   RW        22839    .bss._ZN4mbed3I2C6_mutexE  BUILD/NUCLEO_F411RE/ARMC6/mbed-os/drivers/source/I2C.o
    0x20000aa0   0x00000004   Zero   RW        22838    .bss._ZN4mbed3I2C6_ownerE  BUILD/NUCLEO_F411RE/ARMC6/mbed-os/drivers/source/I2C.o
    0x20000aa4   0x00000004   PAD
    0x20000aa8   0x00001000   Zero   RW         1149    .bss._main_stack    BUILD/NUCLEO_F411RE/ARMC6/mbed-os/cmsis/device/rtos/source/mbed_rtos_rtx.o
    0x20001aa8   0x00000024   Zero   RW         1150    .bss._main_thread_attr  BUILD/NUCLEO_F411RE/ARMC6/mbed-os/cmsis/device/rtos/source/mbed_rtos_rtx.o
    0x20001acc   0x00000020   Zero   RW         1122    .bss._static_mutexes  BUILD/NUCLEO_F411RE/ARMC6/mbed-os/cmsis/device/rtos/TOOLCHAIN_ARM_STD/mbed_boot_arm_std.o
    0x20001aec   0x000000e0   Zero   RW         1123    .bss._static_mutexes_mem  BUILD/NUCLEO_F411RE/ARMC6/mbed-os/cmsis/device/rtos/TOOLCHAIN_ARM_STD/mbed_boot_arm_std.o
    0x20001bcc   0x00000214   Zero   RW        32211    .bss.channels       BUILD/NUCLEO_F411RE/ARMC6/mbed-os/targets/TARGET_STM/gpio_irq_api.o
    0x20001de0   0x00000004   Zero   RW        26289    .bss.critical_section_reentrancy_counter  BUILD/NUCLEO_F411RE/ARMC6/mbed-os/platform/source/mbed_critical.o
    0x20001de4   0x00000002   Zero   RW        26444    .bss.deep_sleep_lock  BUILD/NUCLEO_F411RE/ARMC6/mbed-os/platform/source/mbed_power_mgmt.o
    0x20001de6   0x00000002   PAD
    0x20001de8   0x00000038   Zero   RW        25594    .bss.events         BUILD/NUCLEO_F411RE/ARMC6/mbed-os/hal/source/mbed_us_ticker_api.o
    0x20001e20   0x00000001   Zero   RW        26340    .bss.halt_in_progress  BUILD/NUCLEO_F411RE/ARMC6/mbed-os/platform/source/mbed_error.o
    0x20001e21   0x00000007   PAD
    0x20001e28   0x00000090   Zero   RW          466    .bss.hcsr04         BUILD/NUCLEO_F411RE/ARMC6/main.o
    0x20001eb8   0x000000e0   Zero   RW          464    .bss.i2c            BUILD/NUCLEO_F411RE/ARMC6/main.o
    0x20001f98   0x00000014   Zero   RW        32330    .bss.i2c_handles    BUILD/NUCLEO_F411RE/ARMC6/mbed-os/targets/TARGET_STM/i2c_api.o
    0x20001fac   0x00000001   Zero   RW        26338    .bss.is_reboot_error_valid  BUILD/NUCLEO_F411RE/ARMC6/mbed-os/platform/source/mbed_error.o
    0x20001fad   0x00000003   PAD
    0x20001fb0   0x00000040   Zero   RW        26339    .bss.last_error_ctx  BUILD/NUCLEO_F411RE/ARMC6/mbed-os/platform/source/mbed_error.o
    0x20001ff0   0x0000005c   Zero   RW          468    .bss.mainQueue      BUILD/NUCLEO_F411RE/ARMC6/main.o
    0x2000204c   0x00000004   Zero   RW        26631    .bss.mbed_heap_size  BUILD/NUCLEO_F411RE/ARMC6/mbed-os/platform/source/mbed_retarget.o
    0x20002050   0x00000004   Zero   RW        26630    .bss.mbed_heap_start  BUILD/NUCLEO_F411RE/ARMC6/mbed-os/platform/source/mbed_retarget.o
    0x20002054   0x00000004   Zero   RW        32357    .bss.mbed_sdk_inited  BUILD/NUCLEO_F411RE/ARMC6/mbed-os/targets/TARGET_STM/mbed_overrides.o
    0x20002058   0x00000004   Zero   RW         1140    .bss.mbed_stack_isr_size  BUILD/NUCLEO_F411RE/ARMC6/mbed-os/cmsis/device/rtos/source/mbed_boot.o
    0x2000205c   0x00000004   Zero   RW         1139    .bss.mbed_stack_isr_start  BUILD/NUCLEO_F411RE/ARMC6/mbed-os/cmsis/device/rtos/source/mbed_boot.o
    0x20002060   0x00000040   Zero   RW          694    .bss.os             BUILD/NUCLEO_F411RE/ARMC6/mbed-os/cmsis/CMSIS_5/CMSIS/RTOS2/RTX/Source/rtx_lib.o
    0x200020a0   0x000001f0   Zero   RW         1121    .bss.os.libspace    BUILD/NUCLEO_F411RE/ARMC6/mbed-os/cmsis/device/rtos/TOOLCHAIN_ARM_STD/mbed_boot_arm_std.o
    0x20002290   0x00000034   Zero   RW          704    .bss.os.msgqueue.cb  BUILD/NUCLEO_F411RE/ARMC6/mbed-os/cmsis/CMSIS_5/CMSIS/RTOS2/RTX/Source/rtx_lib.o
    0x200022c4   0x00000050   Zero   RW          705    .bss.os.msgqueue.mem  BUILD/NUCLEO_F411RE/ARMC6/mbed-os/cmsis/CMSIS_5/CMSIS/RTOS2/RTX/Source/rtx_lib.o
    0x20002314   0x00000088   Zero   RW          702    .bss.os.thread.cb   BUILD/NUCLEO_F411RE/ARMC6/mbed-os/cmsis/CMSIS_5/CMSIS/RTOS2/RTX/Source/rtx_lib.o
    0x2000239c   0x00000044   Zero   RW         1151    .bss.os.thread.cb   BUILD/NUCLEO_F411RE/ARMC6/mbed-os/cmsis/device/rtos/source/mbed_rtos_rtx.o
    0x200023e0   0x00000500   Zero   RW          703    .bss.os.thread.stack  BUILD/NUCLEO_F411RE/ARMC6/mbed-os/cmsis/CMSIS_5/CMSIS/RTOS2/RTX/Source/rtx_lib.o
    0x200028e0   0x00000001   Zero   RW         1124    .bss.os_kernel_is_active.os_kernel_active  BUILD/NUCLEO_F411RE/ARMC6/mbed-os/cmsis/device/rtos/TOOLCHAIN_ARM_STD/mbed_boot_arm_std.o
    0x200028e1   0x00000003   PAD
    0x200028e4   0x00000004   Zero   RW         1155    .bss.singleton_mutex_id  BUILD/NUCLEO_F411RE/ARMC6/mbed-os/cmsis/device/rtos/source/mbed_rtos_rtx.o
    0x200028e8   0x0000001c   Zero   RW         1153    .bss.singleton_mutex_obj  BUILD/NUCLEO_F411RE/ARMC6/mbed-os/cmsis/device/rtos/source/mbed_rtos_rtx.o
    0x20002904   0x000000bc   Zero   RW          470    .bss.t1             BUILD/NUCLEO_F411RE/ARMC6/main.o
    0x200029c0   0x000000bc   Zero   RW          471    .bss.t2             BUILD/NUCLEO_F411RE/ARMC6/main.o
    0x20002a7c   0x00000004   Zero   RW         1168    .bss.terminate_hook  BUILD/NUCLEO_F411RE/ARMC6/mbed-os/cmsis/device/rtos/source/mbed_rtx_handlers.o
    0x20002a80   0x000000cc   Zero   RW        32154    .bss.uart_handlers  BUILD/NUCLEO_F411RE/ARMC6/mbed-os/targets/TARGET_STM/TARGET_STM32F4/serial_device.o
    0x20002b4c   0x0000020c   Zero   RW          465    .bss.vl53l0x        BUILD/NUCLEO_F411RE/ARMC6/main.o
    0x20002d58   0x0000005c   Zero   RW          469    .bss.workerQueue    BUILD/NUCLEO_F411RE/ARMC6/main.o


    Execution Region ARM_LIB_HEAP (Base: 0x20002dc0, Size: 0x0001ce40, Max: 0x0001ce40, ABSOLUTE)

    Base Addr    Size         Type   Attr      Idx    E Section Name        Object

    0x20002dc0   0x0001ce40   Zero   RW            2    ARM_LIB_HEAP.bss    anon$$obj.o


    Execution Region ARM_LIB_STACK (Base: 0x2001fc00, Size: 0x00000400, Max: 0x00000400, ABSOLUTE)

    Base Addr    Size         Type   Attr      Idx    E Section Name        Object

    0x2001fc00   0x00000400   Zero   RW            3    ARM_LIB_STACK.bss   anon$$obj.o


==============================================================================

Image component sizes


      Code (inc. data)   RO Data    RW Data    ZI Data      Debug   

     43002       2380       2120        948     129340      47956   Object Totals
         0          0         32          0     119616          0   (incl. Generated)
        98          0          4          3         24          0   (incl. Padding)
      5730        234          0         16        348       5320   Library Totals
        20          0          0          0          0          0   (incl. Padding)

==============================================================================


      Code (inc. data)   RO Data    RW Data    ZI Data      Debug   

     48732       2614       2120        964     129688      48320   Grand Totals
     48732       2614       2120        680     129688      48320   ELF Image Totals (compressed)
     48732       2614       2120        680          0          0   ROM Totals

==============================================================================

    Total RO  Size (Code + RO Data)                50852 (  49.66kB)
    Total RW  Size (RW Data + ZI Data)            130652 ( 127.59kB)
    Total ROM Size (Code + RO Data + RW Data)      51532 (  50.32kB)

==============================================================================

