Component: ARM Compiler 6.16 Tool: armlink [5dfea300]

==============================================================================

Memory Map of the image

  Image Entry point : 0x08000199

  Load Region LR_IROM1 (Base: 0x08000000, Size: 0x0000ba60, Max: 0x00080000, ABSOLUTE, COMPRESSED[0x0000b944])

    Execution Region ER_IROM1 (Base: 0x08000000, Size: 0x0000b69c, Max: 0x00080000, ABSOLUTE)

    Base Addr    Size         Type   Attr      Idx    E Section Name        Object

    0x08000000   0x00000198   Data   RO        32042    RESET               BUILD/NUCLEO_F411RE/ARMC6/mbed-os/targets/TARGET_STM/TARGET_STM32F4/TARGET_STM32F411xE/TOOLCHAIN_ARM/startup_stm32f411xe.o
    0x08000198   0x00000008   Code   RO        32798  * !!!main             /Library/Application Support/Mbed Studio/mbed-studio-tools/ac6/bin/../lib/armlib/c_w.l(__main.o)
    0x080001a0   0x00000034   Code   RO        33349    !!!scatter          /Library/Application Support/Mbed Studio/mbed-studio-tools/ac6/bin/../lib/armlib/c_w.l(__scatter.o)
    0x080001d4   0x00000064   Code   RO        33347    !!dclz77c           /Library/Application Support/Mbed Studio/mbed-studio-tools/ac6/bin/../lib/armlib/c_w.l(__dclz77c.o)
    0x08000238   0x0000001c   Code   RO        33351    !!handler_zi        /Library/Application Support/Mbed Studio/mbed-studio-tools/ac6/bin/../lib/armlib/c_w.l(__scatter_zi.o)
    0x08000254   0x00000002   Code   RO        32797    .ARM.Collect$$libinit$$00000000  /Library/Application Support/Mbed Studio/mbed-studio-tools/ac6/bin/../lib/armlib/c_w.l(libinit.o)
    0x08000256   0x00000004   Code   RO        33004    .ARM.Collect$$libinit$$00000001  /Library/Application Support/Mbed Studio/mbed-studio-tools/ac6/bin/../lib/armlib/c_w.l(libinit2.o)
    0x0800025a   0x00000000   Code   RO        33007    .ARM.Collect$$libinit$$00000004  /Library/Application Support/Mbed Studio/mbed-studio-tools/ac6/bin/../lib/armlib/c_w.l(libinit2.o)
    0x0800025a   0x00000008   Code   RO        33008    .ARM.Collect$$libinit$$00000005  /Library/Application Support/Mbed Studio/mbed-studio-tools/ac6/bin/../lib/armlib/c_w.l(libinit2.o)
    0x08000262   0x00000000   Code   RO        33010    .ARM.Collect$$libinit$$0000000A  /Library/Application Support/Mbed Studio/mbed-studio-tools/ac6/bin/../lib/armlib/c_w.l(libinit2.o)
    0x08000262   0x00000000   Code   RO        33012    .ARM.Collect$$libinit$$0000000C  /Library/Application Support/Mbed Studio/mbed-studio-tools/ac6/bin/../lib/armlib/c_w.l(libinit2.o)
    0x08000262   0x00000000   Code   RO        33014    .ARM.Collect$$libinit$$0000000E  /Library/Application Support/Mbed Studio/mbed-studio-tools/ac6/bin/../lib/armlib/c_w.l(libinit2.o)
    0x08000262   0x00000000   Code   RO        33017    .ARM.Collect$$libinit$$00000011  /Library/Application Support/Mbed Studio/mbed-studio-tools/ac6/bin/../lib/armlib/c_w.l(libinit2.o)
    0x08000262   0x00000000   Code   RO        33019    .ARM.Collect$$libinit$$00000013  /Library/Application Support/Mbed Studio/mbed-studio-tools/ac6/bin/../lib/armlib/c_w.l(libinit2.o)
    0x08000262   0x00000000   Code   RO        33021    .ARM.Collect$$libinit$$00000015  /Library/Application Support/Mbed Studio/mbed-studio-tools/ac6/bin/../lib/armlib/c_w.l(libinit2.o)
    0x08000262   0x00000000   Code   RO        33023    .ARM.Collect$$libinit$$00000017  /Library/Application Support/Mbed Studio/mbed-studio-tools/ac6/bin/../lib/armlib/c_w.l(libinit2.o)
    0x08000262   0x00000000   Code   RO        33025    .ARM.Collect$$libinit$$00000019  /Library/Application Support/Mbed Studio/mbed-studio-tools/ac6/bin/../lib/armlib/c_w.l(libinit2.o)
    0x08000262   0x00000000   Code   RO        33027    .ARM.Collect$$libinit$$0000001B  /Library/Application Support/Mbed Studio/mbed-studio-tools/ac6/bin/../lib/armlib/c_w.l(libinit2.o)
    0x08000262   0x00000000   Code   RO        33029    .ARM.Collect$$libinit$$0000001D  /Library/Application Support/Mbed Studio/mbed-studio-tools/ac6/bin/../lib/armlib/c_w.l(libinit2.o)
    0x08000262   0x00000000   Code   RO        33031    .ARM.Collect$$libinit$$0000001F  /Library/Application Support/Mbed Studio/mbed-studio-tools/ac6/bin/../lib/armlib/c_w.l(libinit2.o)
    0x08000262   0x00000000   Code   RO        33033    .ARM.Collect$$libinit$$00000021  /Library/Application Support/Mbed Studio/mbed-studio-tools/ac6/bin/../lib/armlib/c_w.l(libinit2.o)
    0x08000262   0x00000000   Code   RO        33035    .ARM.Collect$$libinit$$00000023  /Library/Application Support/Mbed Studio/mbed-studio-tools/ac6/bin/../lib/armlib/c_w.l(libinit2.o)
    0x08000262   0x00000004   Code   RO        33036    .ARM.Collect$$libinit$$00000024  /Library/Application Support/Mbed Studio/mbed-studio-tools/ac6/bin/../lib/armlib/c_w.l(libinit2.o)
    0x08000266   0x00000000   Code   RO        33037    .ARM.Collect$$libinit$$00000025  /Library/Application Support/Mbed Studio/mbed-studio-tools/ac6/bin/../lib/armlib/c_w.l(libinit2.o)
[...]
    0x08003176   0x00000008   Code   RO          254    .text.OUTLINED_FUNCTION_2  BUILD/NUCLEO_F411RE/ARMC6/VL53L0X/core/src/vl53l0x_api.o
    0x0800317e   0x00000006   Code   RO          446    .text.OUTLINED_FUNCTION_2  BUILD/NUCLEO_F411RE/ARMC6/VL53L0X/platform/src/vl53l0x_platform.o
    0x08003184   0x00000008   Code   RO          653    .text.OUTLINED_FUNCTION_2  BUILD/NUCLEO_F411RE/ARMC6/mbed-os/cmsis/CMSIS_5/CMSIS/RTOS2/RTX/Source/rtx_kernel.o
    0x0800318c   0x0000000a   Code   RO          819    .text.OUTLINED_FUNCTION_2  BUILD/NUCLEO_F411RE/ARMC6/mbed-os/cmsis/CMSIS_5/CMSIS/RTOS2/RTX/Source/rtx_mutex.o
    0x08003196   0x00000016   Code   RO        22808    .text.OUTLINED_FUNCTION_2  BUILD/NUCLEO_F411RE/ARMC6/mbed-os/drivers/source/I2C.o
    0x080031ac   0x00000008   Code   RO        26605    .text.OUTLINED_FUNCTION_2  BUILD/NUCLEO_F411RE/ARMC6/mbed-os/platform/source/mbed_retarget.o
    0x080031b4   0x0000000a   Code   RO        30071    .text.OUTLINED_FUNCTION_2  BUILD/NUCLEO_F411RE/ARMC6/mbed-os/targets/TARGET_STM/TARGET_STM32F4/STM32Cube_FW/STM32F4xx_HAL_Driver/stm32f4xx_hal_rcc.o
    0x080031be   0x0000001a   Code   RO        31405    .text.OUTLINED_FUNCTION_2  BUILD/NUCLEO_F411RE/ARMC6/mbed-os/targets/TARGET_STM/TARGET_STM32F4/STM32Cube_FW/STM32F4xx_HAL_Driver/stm32f4xx_hal_uart.o
    0x080031d8   0x00000012   Code   RO        32304    .text.OUTLINED_FUNCTION_2  BUILD/NUCLEO_F411RE/ARMC6/mbed-os/targets/TARGET_STM/i2c_api.o
    0x080031ea   0x0000000a   Code   RO        29406    .text.OUTLINED_FUNCTION_22  BUILD/NUCLEO_F411RE/ARMC6/mbed-os/targets/TARGET_STM/TARGET_STM32F4/STM32Cube_FW/STM32F4xx_HAL_Driver/stm32f4xx_hal_i2c.o
    0x080031f4   0x0000000a   Code   RO        31037    .text.OUTLINED_FUNCTION_25  BUILD/NUCLEO_F411RE/ARMC6/mbed-os/targets/TARGET_STM/TARGET_STM32F4/STM32Cube_FW/STM32F4xx_HAL_Driver/stm32f4xx_hal_tim.o
    0x080031fe   0x00000006   Code   RO        31265    .text.OUTLINED_FUNCTION_25  BUILD/NUCLEO_F411RE/ARMC6/mbed-os/targets/TARGET_STM/TARGET_STM32F4/STM32Cube_FW/STM32F4xx_HAL_Driver/stm32f4xx_hal_tim_ex.o
    0x08003204   0x0000000a   Code   RO        29414    .text.OUTLINED_FUNCTION_26  BUILD/NUCLEO_F411RE/ARMC6/mbed-os/targets/TARGET_STM/TARGET_STM32F4/STM32Cube_FW/STM32F4xx_HAL_Driver/stm32f4xx_hal_i2c.o
    0x0800320e   0x0000000a   Code   RO        31039    .text.OUTLINED_FUNCTION_26  BUILD/NUCLEO_F411RE/ARMC6/mbed-os/targets/TARGET_STM/TARGET_STM32F4/STM32Cube_FW/STM32F4xx_HAL_Driver/stm32f4xx_hal_tim.o
    0x08003218   0x00000010   Code   RO        29416    .text.OUTLINED_FUNCTION_27  BUILD/NUCLEO_F411RE/ARMC6/mbed-os/targets/TARGET_STM/TARGET_STM32F4/STM32Cube_FW/STM32F4xx_HAL_Driver/stm32f4xx_hal_i2c.o
    0x08003228   0x00000010   Code   RO        29420    .text.OUTLINED_FUNCTION_29  BUILD/NUCLEO_F411RE/ARMC6/mbed-os/targets/TARGET_STM/TARGET_STM32F4/STM32Cube_FW/STM32F4xx_HAL_Driver/stm32f4xx_hal_i2c.o
    0x08003238   0x00000008   Code   RO          256    .text.OUTLINED_FUNCTION_3  BUILD/NUCLEO_F411RE/ARMC6/VL53L0X/core/src/vl53l0x_api.o
    0x08003240   0x0000000a   Code   RO          324    .text.OUTLINED_FUNCTION_3  BUILD/NUCLEO_F411RE/ARMC6/VL53L0X/core/src/vl53l0x_api_calibration.o
    0x0800324a   0x00000006   Code   RO          448    .text.OUTLINED_FUNCTION_3  BUILD/NUCLEO_F411RE/ARMC6/VL53L0X/platform/src/vl53l0x_platform.o
    0x08003250   0x00000006   Code   RO          655    .text.OUTLINED_FUNCTION_3  BUILD/NUCLEO_F411RE/ARMC6/mbed-os/cmsis/CMSIS_5/CMSIS/RTOS2/RTX/Source/rtx_kernel.o
    0x08003256   0x00000008   Code   RO        22810    .text.OUTLINED_FUNCTION_3  BUILD/NUCLEO_F411RE/ARMC6/mbed-os/drivers/source/I2C.o
    0x0800325e   0x0000000a   Code   RO        31221    .text.OUTLINED_FUNCTION_3  BUILD/NUCLEO_F411RE/ARMC6/mbed-os/targets/TARGET_STM/TARGET_STM32F4/STM32Cube_FW/STM32F4xx_HAL_Driver/stm32f4xx_hal_tim_ex.o
    0x08003268   0x0000001c   Code   RO        32306    .text.OUTLINED_FUNCTION_3  BUILD/NUCLEO_F411RE/ARMC6/mbed-os/targets/TARGET_STM/i2c_api.o
    0x08003284   0x0000000e   Code   RO        29434    .text.OUTLINED_FUNCTION_36  BUILD/NUCLEO_F411RE/ARMC6/mbed-os/targets/TARGET_STM/TARGET_STM32F4/STM32Cube_FW/STM32F4xx_HAL_Driver/stm32f4xx_hal_i2c.o
    0x08003292   0x00000006   Code   RO          258    .text.OUTLINED_FUNCTION_4  BUILD/NUCLEO_F411RE/ARMC6/VL53L0X/core/src/vl53l0x_api.o
    0x08003298   0x00000006   Code   RO          387    .text.OUTLINED_FUNCTION_4  BUILD/NUCLEO_F411RE/ARMC6/VL53L0X/core/src/vl53l0x_api_core.o
    0x0800329e   0x0000000a   Code   RO          450    .text.OUTLINED_FUNCTION_4  BUILD/NUCLEO_F411RE/ARMC6/VL53L0X/platform/src/vl53l0x_platform.o
    0x080032a8   0x00000014   Code   RO        22812    .text.OUTLINED_FUNCTION_4  BUILD/NUCLEO_F411RE/ARMC6/mbed-os/drivers/source/I2C.o
    0x080032bc   0x00000032   Code   RO        29370    .text.OUTLINED_FUNCTION_4  BUILD/NUCLEO_F411RE/ARMC6/mbed-os/targets/TARGET_STM/TARGET_STM32F4/STM32Cube_FW/STM32F4xx_HAL_Driver/stm32f4xx_hal_i2c.o
    0x080032ee   0x0000000a   Code   RO        31223    .text.OUTLINED_FUNCTION_4  BUILD/NUCLEO_F411RE/ARMC6/mbed-os/targets/TARGET_STM/TARGET_STM32F4/STM32Cube_FW/STM32F4xx_HAL_Driver/stm32f4xx_hal_tim_ex.o
    0x080032f8   0x00000006   Code   RO        32308    .text.OUTLINED_FUNCTION_4  BUILD/NUCLEO_F411RE/ARMC6/mbed-os/targets/TARGET_STM/i2c_api.o
    0x080032fe   0x0000000a   Code   RO        29444    .text.OUTLINED_FUNCTION_41  BUILD/NUCLEO_F411RE/ARMC6/mbed-os/targets/TARGET_STM/TARGET_STM32F4/STM32Cube_FW/STM32F4xx_HAL_Driver/stm32f4xx_hal_i2c.o
    0x08003308   0x00000014   Code   RO        29452    .text.OUTLINED_FUNCTION_45  BUILD/NUCLEO_F411RE/ARMC6/mbed-os/targets/TARGET_STM/TARGET_STM32F4/STM32Cube_FW/STM32F4xx_HAL_Driver/stm32f4xx_hal_i2c.o
    0x0800331c   0x0000000a   Code   RO        31079    .text.OUTLINED_FUNCTION_46  BUILD/NUCLEO_F411RE/ARMC6/mbed-os/targets/TARGET_STM/TARGET_STM32F4/STM32Cube_FW/STM32F4xx_HAL_Driver/stm32f4xx_hal_tim.o
    0x08003326   0x00000008   Code   RO        29456    .text.OUTLINED_FUNCTION_47  BUILD/NUCLEO_F411RE/ARMC6/mbed-os/targets/TARGET_STM/TARGET_STM32F4/STM32Cube_FW/STM32F4xx_HAL_Driver/stm32f4xx_hal_i2c.o
    0x0800332e   0x00000008   Code   RO          260    .text.OUTLINED_FUNCTION_5  BUILD/NUCLEO_F411RE/ARMC6/VL53L0X/core/src/vl53l0x_api.o
    0x08003336   0x00000010   Code   RO        22814    .text.OUTLINED_FUNCTION_5  BUILD/NUCLEO_F411RE/ARMC6/mbed-os/drivers/source/I2C.o
    0x08003346   0x0000000e   Code   RO        32310    .text.OUTLINED_FUNCTION_5  BUILD/NUCLEO_F411RE/ARMC6/mbed-os/targets/TARGET_STM/i2c_api.o
    0x08003354   0x00000006   Code   RO        29466    .text.OUTLINED_FUNCTION_52  BUILD/NUCLEO_F411RE/ARMC6/mbed-os/targets/TARGET_STM/TARGET_STM32F4/STM32Cube_FW/STM32F4xx_HAL_Driver/stm32f4xx_hal_i2c.o
    0x0800335a   0x0000000e   Code   RO        29470    .text.OUTLINED_FUNCTION_54  BUILD/NUCLEO_F411RE/ARMC6/mbed-os/targets/TARGET_STM/TARGET_STM32F4/STM32Cube_FW/STM32F4xx_HAL_Driver/stm32f4xx_hal_i2c.o
    0x08003368   0x0000000a   Code   RO        29472    .text.OUTLINED_FUNCTION_55  BUILD/NUCLEO_F411RE/ARMC6/mbed-os/targets/TARGET_STM/TARGET_STM32F4/STM32Cube_FW/STM32F4xx_HAL_Driver/stm32f4xx_hal_i2c.o
    0x08003372   0x0000000a   Code   RO        29474    .text.OUTLINED_FUNCTION_56  BUILD/NUCLEO_F411RE/ARMC6/mbed-os/targets/TARGET_STM/TARGET_STM32F4/STM32Cube_FW/STM32F4xx_HAL_Driver/stm32f4xx_hal_i2c.o
    0x0800337c   0x0000000e   Code   RO        31101    .text.OUTLINED_FUNCTION_57  BUILD/NUCLEO_F411RE/ARMC6/mbed-os/targets/TARGET_STM/TARGET_STM32F4/STM32Cube_FW/STM32F4xx_HAL_Driver/stm32f4xx_hal_tim.o
    0x0800338a   0x0000000c   Code   RO        29478    .text.OUTLINED_FUNCTION_58  BUILD/NUCLEO_F411RE/ARMC6/mbed-os/targets/TARGET_STM/TARGET_STM32F4/STM32Cube_FW/STM32F4xx_HAL_Driver/stm32f4xx_hal_i2c.o
    0x08003396   0x00000008   Code   RO          262    .text.OUTLINED_FUNCTION_6  BUILD/NUCLEO_F411RE/ARMC6/VL53L0X/core/src/vl53l0x_api.o
    0x0800339e   0x0000000c   Code   RO         1003    .text.OUTLINED_FUNCTION_6  BUILD/NUCLEO_F411RE/ARMC6/mbed-os/cmsis/CMSIS_5/CMSIS/RTOS2/RTX/Source/rtx_thread.o
    0x080033aa   0x0000000a   Code   RO        22816    .text.OUTLINED_FUNCTION_6  BUILD/NUCLEO_F411RE/ARMC6/mbed-os/drivers/source/I2C.o
    0x080033b4   0x00000006   Code   RO        32312    .text.OUTLINED_FUNCTION_6  BUILD/NUCLEO_F411RE/ARMC6/mbed-os/targets/TARGET_STM/i2c_api.o
    0x080033ba   0x0000000a   Code   RO        29484    .text.OUTLINED_FUNCTION_61  BUILD/NUCLEO_F411RE/ARMC6/mbed-os/targets/TARGET_STM/TARGET_STM32F4/STM32Cube_FW/STM32F4xx_HAL_Driver/stm32f4xx_hal_i2c.o
    0x080033c4   0x0000000a   Code   RO        29486    .text.OUTLINED_FUNCTION_62  BUILD/NUCLEO_F411RE/ARMC6/mbed-os/targets/TARGET_STM/TARGET_STM32F4/STM32Cube_FW/STM32F4xx_HAL_Driver/stm32f4xx_hal_i2c.o
    0x080033ce   0x00000012   Code   RO        29490    .text.OUTLINED_FUNCTION_64  BUILD/NUCLEO_F411RE/ARMC6/mbed-os/targets/TARGET_STM/TARGET_STM32F4/STM32Cube_FW/STM32F4xx_HAL_Driver/stm32f4xx_hal_i2c.o
    0x080033e0   0x00000012   Code   RO        29494    .text.OUTLINED_FUNCTION_66  BUILD/NUCLEO_F411RE/ARMC6/mbed-os/targets/TARGET_STM/TARGET_STM32F4/STM32Cube_FW/STM32F4xx_HAL_Driver/stm32f4xx_hal_i2c.o
    0x080033f2   0x0000000e   Code   RO        31123    .text.OUTLINED_FUNCTION_68  BUILD/NUCLEO_F411RE/ARMC6/mbed-os/targets/TARGET_STM/TARGET_STM32F4/STM32Cube_FW/STM32F4xx_HAL_Driver/stm32f4xx_hal_tim.o
    0x08003400   0x0000000a   Code   RO          393    .text.OUTLINED_FUNCTION_7  BUILD/NUCLEO_F411RE/ARMC6/VL53L0X/core/src/vl53l0x_api_core.o
    0x0800340a   0x0000000a   Code   RO        22818    .text.OUTLINED_FUNCTION_7  BUILD/NUCLEO_F411RE/ARMC6/mbed-os/drivers/source/I2C.o
    0x08003414   0x0000000e   Code   RO        31001    .text.OUTLINED_FUNCTION_7  BUILD/NUCLEO_F411RE/ARMC6/mbed-os/targets/TARGET_STM/TARGET_STM32F4/STM32Cube_FW/STM32F4xx_HAL_Driver/stm32f4xx_hal_tim.o
    0x08003422   0x0000000c   Code   RO        29502    .text.OUTLINED_FUNCTION_70  BUILD/NUCLEO_F411RE/ARMC6/mbed-os/targets/TARGET_STM/TARGET_STM32F4/STM32Cube_FW/STM32F4xx_HAL_Driver/stm32f4xx_hal_i2c.o
    0x0800342e   0x0000000a   Code   RO        31127    .text.OUTLINED_FUNCTION_70  BUILD/NUCLEO_F411RE/ARMC6/mbed-os/targets/TARGET_STM/TARGET_STM32F4/STM32Cube_FW/STM32F4xx_HAL_Driver/stm32f4xx_hal_tim.o
    0x08003438   0x0000000e   Code   RO        29510    .text.OUTLINED_FUNCTION_74  BUILD/NUCLEO_F411RE/ARMC6/mbed-os/targets/TARGET_STM/TARGET_STM32F4/STM32Cube_FW/STM32F4xx_HAL_Driver/stm32f4xx_hal_i2c.o
    0x08003446   0x0000000e   Code   RO        29514    .text.OUTLINED_FUNCTION_76  BUILD/NUCLEO_F411RE/ARMC6/mbed-os/targets/TARGET_STM/TARGET_STM32F4/STM32Cube_FW/STM32F4xx_HAL_Driver/stm32f4xx_hal_i2c.o
    0x08003454   0x0000000e   Code   RO        29516    .text.OUTLINED_FUNCTION_77  BUILD/NUCLEO_F411RE/ARMC6/mbed-os/targets/TARGET_STM/TARGET_STM32F4/STM32Cube_FW/STM32F4xx_HAL_Driver/stm32f4xx_hal_i2c.o
    0x08003462   0x0000000e   Code   RO        29518    .text.OUTLINED_FUNCTION_78  BUILD/NUCLEO_F411RE/ARMC6/mbed-os/targets/TARGET_STM/TARGET_STM32F4/STM32Cube_FW/STM32F4xx_HAL_Driver/stm32f4xx_hal_i2c.o
    0x08003470   0x0000000a   Code   RO          266    .text.OUTLINED_FUNCTION_8  BUILD/NUCLEO_F411RE/ARMC6/VL53L0X/core/src/vl53l0x_api.o
    0x0800347a   0x0000000a   Code   RO        31003    .text.OUTLINED_FUNCTION_8  BUILD/NUCLEO_F411RE/ARMC6/mbed-os/targets/TARGET_STM/TARGET_STM32F4/STM32Cube_FW/STM32F4xx_HAL_Driver/stm32f4xx_hal_tim.o
    0x08003484   0x0000000e   Code   RO        29522    .text.OUTLINED_FUNCTION_80  BUILD/NUCLEO_F411RE/ARMC6/mbed-os/targets/TARGET_STM/TARGET_STM32F4/STM32Cube_FW/STM32F4xx_HAL_Driver/stm32f4xx_hal_i2c.o
    0x08003492   0x0000000e   Code   RO        29526    .text.OUTLINED_FUNCTION_82  BUILD/NUCLEO_F411RE/ARMC6/mbed-os/targets/TARGET_STM/TARGET_STM32F4/STM32Cube_FW/STM32F4xx_HAL_Driver/stm32f4xx_hal_i2c.o
    0x080034a0   0x00000008   Code   RO        29536    .text.OUTLINED_FUNCTION_87  BUILD/NUCLEO_F411RE/ARMC6/mbed-os/targets/TARGET_STM/TARGET_STM32F4/STM32Cube_FW/STM32F4xx_HAL_Driver/stm32f4xx_hal_i2c.o
    0x080034a8   0x0000002c   Code   RO        32046    .text.SetSysClock   BUILD/NUCLEO_F411RE/ARMC6/mbed-os/targets/TARGET_STM/TARGET_STM32F4/TARGET_STM32F411xE/system_clock.o
    0x080034d4   0x0000008c   Code   RO        32048    .text.SetSysClock_PLL_HSE  BUILD/NUCLEO_F411RE/ARMC6/mbed-os/targets/TARGET_STM/TARGET_STM32F4/TARGET_STM32F411xE/system_clock.o
    0x08003560   0x0000007c   Code   RO        32050    .text.SetSysClock_PLL_HSI  BUILD/NUCLEO_F411RE/ARMC6/mbed-os/targets/TARGET_STM/TARGET_STM32F4/TARGET_STM32F411xE/system_clock.o
    0x080035dc   0x00000100   Code   RO        32155    .text.Set_GPIO_Clock  BUILD/NUCLEO_F411RE/ARMC6/mbed-os/targets/TARGET_STM/gpio_api.o
    0x080036dc   0x0000006c   Code   RO        32021    .text.SystemCoreClockUpdate  BUILD/NUCLEO_F411RE/ARMC6/mbed-os/targets/TARGET_STM/TARGET_STM32F4/STM32Cube_FW/system_stm32f4xx.o
    0x08003748   0x0000001c   Code   RO        32019    .text.SystemInit    BUILD/NUCLEO_F411RE/ARMC6/mbed-os/targets/TARGET_STM/TARGET_STM32F4/STM32Cube_FW/system_stm32f4xx.o
    0x08003764   0x0000008c   Code   RO        30759    .text.TIM_Base_SetConfig  BUILD/NUCLEO_F411RE/ARMC6/mbed-os/targets/TARGET_STM/TARGET_STM32F4/STM32Cube_FW/STM32F4xx_HAL_Driver/stm32f4xx_hal_tim.o
    0x080037f0   0x0000001e   Code   RO        30793    .text.TIM_CCxChannelCmd  BUILD/NUCLEO_F411RE/ARMC6/mbed-os/targets/TARGET_STM/TARGET_STM32F4/STM32Cube_FW/STM32F4xx_HAL_Driver/stm32f4xx_hal_tim.o
    0x0800380e   0x0000001e   Code   RO        31153    .text.TIM_CCxNChannelCmd  BUILD/NUCLEO_F411RE/ARMC6/mbed-os/targets/TARGET_STM/TARGET_STM32F4/STM32Cube_FW/STM32F4xx_HAL_Driver/stm32f4xx_hal_tim_ex.o
    0x0800382c   0x00000044   Code   RO        32368    .text.TIM_ChannelConvert_HAL2LL  BUILD/NUCLEO_F411RE/ARMC6/mbed-os/targets/TARGET_STM/pwmout_api.o
    0x08003870   0x0000004c   Code   RO        30903    .text.TIM_OC1_SetConfig  BUILD/NUCLEO_F411RE/ARMC6/mbed-os/targets/TARGET_STM/TARGET_STM32F4/STM32Cube_FW/STM32F4xx_HAL_Driver/stm32f4xx_hal_tim.o
    0x080038bc   0x00000050   Code   RO        30905    .text.TIM_OC2_SetConfig  BUILD/NUCLEO_F411RE/ARMC6/mbed-os/targets/TARGET_STM/TARGET_STM32F4/STM32Cube_FW/STM32F4xx_HAL_Driver/stm32f4xx_hal_tim.o
    0x0800390c   0x00000050   Code   RO        30907    .text.TIM_OC3_SetConfig  BUILD/NUCLEO_F411RE/ARMC6/mbed-os/targets/TARGET_STM/TARGET_STM32F4/STM32Cube_FW/STM32F4xx_HAL_Driver/stm32f4xx_hal_tim.o
    0x0800395c   0x00000044   Code   RO        30909    .text.TIM_OC4_SetConfig  BUILD/NUCLEO_F411RE/ARMC6/mbed-os/targets/TARGET_STM/TARGET_STM32F4/STM32Cube_FW/STM32F4xx_HAL_Driver/stm32f4xx_hal_tim.o
    0x080039a0   0x00000064   Code   RO          947    .text.ThreadFlagsCheck  BUILD/NUCLEO_F411RE/ARMC6/mbed-os/cmsis/CMSIS_5/CMSIS/RTOS2/RTX/Source/rtx_thread.o
    0x08003a04   0x00000048   Code   RO         1031    .text.TimerInsert   BUILD/NUCLEO_F411RE/ARMC6/mbed-os/cmsis/CMSIS_5/CMSIS/RTOS2/RTX/Source/rtx_timer.o
    0x08003a4c   0x000000ac   Code   RO        31289    .text.UART_SetConfig  BUILD/NUCLEO_F411RE/ARMC6/mbed-os/targets/TARGET_STM/TARGET_STM32F4/STM32Cube_FW/STM32F4xx_HAL_Driver/stm32f4xx_hal_uart.o
    0x08003af8   0x0000004c   Code   RO          220    .text.VL53L0X_ClearInterruptMask  BUILD/NUCLEO_F411RE/ARMC6/VL53L0X/core/src/vl53l0x_api.o
    0x08003b44   0x0000014c   Code   RO           94    .text.VL53L0X_DataInit  BUILD/NUCLEO_F411RE/ARMC6/VL53L0X/core/src/vl53l0x_api.o
    0x08003c90   0x00000004   Code   RO           58    .text.VL53L0X_GetDeviceInfo  BUILD/NUCLEO_F411RE/ARMC6/VL53L0X/core/src/vl53l0x_api.o
    0x08003c94   0x0000007e   Code   RO           96    .text.VL53L0X_GetDeviceParameters  BUILD/NUCLEO_F411RE/ARMC6/VL53L0X/core/src/vl53l0x_api.o
    0x08003d12   0x0000001a   Code   RO          108    .text.VL53L0X_GetFractionEnable  BUILD/NUCLEO_F411RE/ARMC6/VL53L0X/core/src/vl53l0x_api.o
    0x08003d2c   0x0000003a   Code   RO          132    .text.VL53L0X_GetInterMeasurementPeriodMilliSeconds  BUILD/NUCLEO_F411RE/ARMC6/VL53L0X/core/src/vl53l0x_api.o
    0x08003d66   0x00000024   Code   RO          208    .text.VL53L0X_GetInterruptMaskStatus  BUILD/NUCLEO_F411RE/ARMC6/VL53L0X/core/src/vl53l0x_api.o
    0x08003d8a   0x0000003c   Code   RO          202    .text.VL53L0X_GetInterruptThresholds  BUILD/NUCLEO_F411RE/ARMC6/VL53L0X/core/src/vl53l0x_api.o
    0x08003dc6   0x00000018   Code   RO          138    .text.VL53L0X_GetLimitCheckEnable  BUILD/NUCLEO_F411RE/ARMC6/VL53L0X/core/src/vl53l0x_api.o
    0x08003dde   0x00000002   PAD
    0x08003de0   0x00000088   Code   RO          136    .text.VL53L0X_GetLimitCheckValue  BUILD/NUCLEO_F411RE/ARMC6/VL53L0X/core/src/vl53l0x_api.o
    0x08003e68   0x0000003a   Code   RO          206    .text.VL53L0X_GetMeasurementDataReady  BUILD/NUCLEO_F411RE/ARMC6/VL53L0X/core/src/vl53l0x_api.o
    0x08003ea2   0x00000106   Code   RO          212    .text.VL53L0X_GetRangingMeasurementData  BUILD/NUCLEO_F411RE/ARMC6/VL53L0X/core/src/vl53l0x_api.o
    0x08003fa8   0x00000034   Code   RO          156    .text.VL53L0X_GetSequenceStepEnables  BUILD/NUCLEO_F411RE/ARMC6/VL53L0X/core/src/vl53l0x_api.o
    0x08003fdc   0x00000004   Code   RO          112    .text.VL53L0X_GetVcselPulsePeriod  BUILD/NUCLEO_F411RE/ARMC6/VL53L0X/core/src/vl53l0x_api.o
    0x08003fe0   0x00000012   Code   RO           52    .text.VL53L0X_GetVersion  BUILD/NUCLEO_F411RE/ARMC6/VL53L0X/core/src/vl53l0x_api.o
    0x08003ff2   0x00000026   Code   RO          140    .text.VL53L0X_GetWrapAroundCheckEnable  BUILD/NUCLEO_F411RE/ARMC6/VL53L0X/core/src/vl53l0x_api.o
    0x08004018   0x00000006   Code   RO          168    .text.VL53L0X_GetXTalkCompensationEnable  BUILD/NUCLEO_F411RE/ARMC6/VL53L0X/core/src/vl53l0x_api.o
    0x0800401e   0x0000002e   Code   RO          134    .text.VL53L0X_GetXTalkCompensationRateMegaCps  BUILD/NUCLEO_F411RE/ARMC6/VL53L0X/core/src/vl53l0x_api.o
    0x0800404c   0x00000006   Code   RO          192    .text.VL53L0X_PerformRefCalibration  BUILD/NUCLEO_F411RE/ARMC6/VL53L0X/core/src/vl53l0x_api.o
    0x08004052   0x00000004   Code   RO          248    .text.VL53L0X_PerformRefSpadManagement  BUILD/NUCLEO_F411RE/ARMC6/VL53L0X/core/src/vl53l0x_api.o
    0x08004056   0x0000002e   Code   RO          186    .text.VL53L0X_PerformSingleMeasurement  BUILD/NUCLEO_F411RE/ARMC6/VL53L0X/core/src/vl53l0x_api.o
    0x08004084   0x00000028   Code   RO          218    .text.VL53L0X_PerformSingleRangingMeasurement  BUILD/NUCLEO_F411RE/ARMC6/VL53L0X/core/src/vl53l0x_api.o
    0x080040ac   0x0000001a   Code   RO          440    .text.VL53L0X_PollingDelay  BUILD/NUCLEO_F411RE/ARMC6/VL53L0X/platform/src/vl53l0x_platform.o
    0x080040c6   0x00000034   Code   RO          434    .text.VL53L0X_RdByte  BUILD/NUCLEO_F411RE/ARMC6/VL53L0X/platform/src/vl53l0x_platform.o
    0x080040fa   0x00000034   Code   RO          438    .text.VL53L0X_RdDWord  BUILD/NUCLEO_F411RE/ARMC6/VL53L0X/platform/src/vl53l0x_platform.o
    0x0800412e   0x00000038   Code   RO          436    .text.VL53L0X_RdWord  BUILD/NUCLEO_F411RE/ARMC6/VL53L0X/platform/src/vl53l0x_platform.o
    0x08004166   0x0000008a   Code   RO          424    .text.VL53L0X_ReadMulti  BUILD/NUCLEO_F411RE/ARMC6/VL53L0X/platform/src/vl53l0x_platform.o
    0x080041f0   0x00000020   Code   RO          120    .text.VL53L0X_SetDeviceMode  BUILD/NUCLEO_F411RE/ARMC6/VL53L0X/core/src/vl53l0x_api.o
    0x08004210   0x000000e8   Code   RO          106    .text.VL53L0X_SetGpioConfig  BUILD/NUCLEO_F411RE/ARMC6/VL53L0X/core/src/vl53l0x_api.o
    0x080042f8   0x00000082   Code   RO           98    .text.VL53L0X_SetLimitCheckEnable  BUILD/NUCLEO_F411RE/ARMC6/VL53L0X/core/src/vl53l0x_api.o
    0x0800437a   0x00000002   PAD
    0x0800437c   0x00000052   Code   RO          100    .text.VL53L0X_SetLimitCheckValue  BUILD/NUCLEO_F411RE/ARMC6/VL53L0X/core/src/vl53l0x_api.o
    0x080043ce   0x00000002   PAD
    0x080043d0   0x000000a2   Code   RO          110    .text.VL53L0X_SetSequenceStepEnable  BUILD/NUCLEO_F411RE/ARMC6/VL53L0X/core/src/vl53l0x_api.o
    0x08004472   0x00000002   PAD
    0x08004474   0x000000dc   Code   RO          188    .text.VL53L0X_StartMeasurement  BUILD/NUCLEO_F411RE/ARMC6/VL53L0X/core/src/vl53l0x_api.o
    0x08004550   0x00000174   Code   RO           74    .text.VL53L0X_StaticInit  BUILD/NUCLEO_F411RE/ARMC6/VL53L0X/core/src/vl53l0x_api.o
    0x080046c4   0x0000006c   Code   RO          432    .text.VL53L0X_UpdateByte  BUILD/NUCLEO_F411RE/ARMC6/VL53L0X/platform/src/vl53l0x_platform.o
    0x08004730   0x0000002a   Code   RO          426    .text.VL53L0X_WrByte  BUILD/NUCLEO_F411RE/ARMC6/VL53L0X/platform/src/vl53l0x_platform.o
    0x0800475a   0x00000030   Code   RO          428    .text.VL53L0X_WrWord  BUILD/NUCLEO_F411RE/ARMC6/VL53L0X/platform/src/vl53l0x_platform.o
    0x0800478a   0x00000058   Code   RO          422    .text.VL53L0X_WriteMulti  BUILD/NUCLEO_F411RE/ARMC6/VL53L0X/platform/src/vl53l0x_platform.o
    0x080047e2   0x00000002   PAD
    0x080047e4   0x00000250   Code   RO          375    .text.VL53L0X_calc_sigma_estimate  BUILD/NUCLEO_F411RE/ARMC6/VL53L0X/core/src/vl53l0x_api_core.o
    0x08004a34   0x00000020   Code   RO          347    .text.VL53L0X_encode_timeout  BUILD/NUCLEO_F411RE/ARMC6/VL53L0X/core/src/vl53l0x_api_core.o
    0x08004a54   0x000000bc   Code   RO          400    .text.VL53L0X_get_device_info  BUILD/NUCLEO_F411RE/ARMC6/VL53L0X/core/src/vl53l0x_api_strings.o
    0x08004b10   0x00000508   Code   RO          343    .text.VL53L0X_get_info_from_device  BUILD/NUCLEO_F411RE/ARMC6/VL53L0X/core/src/vl53l0x_api_core.o
    0x08005018   0x000000c2   Code   RO          365    .text.VL53L0X_get_measurement_timing_budget_micro_seconds  BUILD/NUCLEO_F411RE/ARMC6/VL53L0X/core/src/vl53l0x_api_core.o
    0x080050da   0x00000002   PAD
    0x080050dc   0x00000038   Code   RO          278    .text.VL53L0X_get_offset_calibration_data_micro_meter  BUILD/NUCLEO_F411RE/ARMC6/VL53L0X/core/src/vl53l0x_api_calibration.o
    0x08005114   0x00000202   Code   RO          377    .text.VL53L0X_get_pal_range_status  BUILD/NUCLEO_F411RE/ARMC6/VL53L0X/core/src/vl53l0x_api_core.o
    0x08005316   0x0000001c   Code   RO          371    .text.VL53L0X_get_total_signal_rate  BUILD/NUCLEO_F411RE/ARMC6/VL53L0X/core/src/vl53l0x_api_core.o
    0x08005332   0x0000002c   Code   RO          369    .text.VL53L0X_get_total_xtalk_rate  BUILD/NUCLEO_F411RE/ARMC6/VL53L0X/core/src/vl53l0x_api_core.o
    0x0800535e   0x00000030   Code   RO          361    .text.VL53L0X_get_vcsel_pulse_period  BUILD/NUCLEO_F411RE/ARMC6/VL53L0X/core/src/vl53l0x_api_core.o
    0x0800538e   0x0000002a   Code   RO          337    .text.VL53L0X_isqrt  BUILD/NUCLEO_F411RE/ARMC6/VL53L0X/core/src/vl53l0x_api_core.o
    0x080053b8   0x0000008c   Code   RO          367    .text.VL53L0X_load_tuning_settings  BUILD/NUCLEO_F411RE/ARMC6/VL53L0X/core/src/vl53l0x_api_core.o
    0x08005444   0x0000003a   Code   RO          331    .text.VL53L0X_measurement_poll_for_completion  BUILD/NUCLEO_F411RE/ARMC6/VL53L0X/core/src/vl53l0x_api_core.o
    0x0800547e   0x0000006e   Code   RO          312    .text.VL53L0X_perform_phase_calibration  BUILD/NUCLEO_F411RE/ARMC6/VL53L0X/core/src/vl53l0x_api_calibration.o
    0x080054ec   0x00000038   Code   RO          300    .text.VL53L0X_perform_ref_calibration  BUILD/NUCLEO_F411RE/ARMC6/VL53L0X/core/src/vl53l0x_api_calibration.o
    0x08005524   0x0000027c   Code   RO          298    .text.VL53L0X_perform_ref_spad_management  BUILD/NUCLEO_F411RE/ARMC6/VL53L0X/core/src/vl53l0x_api_calibration.o
    0x080057a0   0x000000be   Code   RO          363    .text.VL53L0X_set_measurement_timing_budget_micro_seconds  BUILD/NUCLEO_F411RE/ARMC6/VL53L0X/core/src/vl53l0x_api_core.o
    0x0800585e   0x00000002   PAD
    0x08005860   0x000000a4   Code   RO          302    .text.VL53L0X_set_reference_spads  BUILD/NUCLEO_F411RE/ARMC6/VL53L0X/core/src/vl53l0x_api_calibration.o
    0x08005904   0x0000003c   Code   RO          456    .text._GLOBAL__sub_I_main.cpp  BUILD/NUCLEO_F411RE/ARMC6/main.o
    0x08005940   0x000000b0   Code   RO          294    .text._Z16enable_ref_spadsP13VL53L0X_Dev_thPhS1_jjjjPj  BUILD/NUCLEO_F411RE/ARMC6/VL53L0X/core/src/vl53l0x_api_calibration.o
    0x080059f0   0x0000000a   Code   RO          292    .text._Z16get_ref_spad_mapP13VL53L0X_Dev_tPh  BUILD/NUCLEO_F411RE/ARMC6/VL53L0X/core/src/vl53l0x_api_calibration.o
    0x080059fa   0x0000000a   Code   RO          290    .text._Z16set_ref_spad_mapP13VL53L0X_Dev_tPh  BUILD/NUCLEO_F411RE/ARMC6/VL53L0X/core/src/vl53l0x_api_calibration.o
    0x08005a04   0x000000dc   Code   RO          373    .text._Z17VL53L0X_calc_dmaxP13VL53L0X_Dev_tjjjjjjPj  BUILD/NUCLEO_F411RE/ARMC6/VL53L0X/core/src/vl53l0x_api_core.o
    0x08005ae0   0x00000050   Code   RO          282    .text._Z18get_next_good_spadPhjjPi  BUILD/NUCLEO_F411RE/ARMC6/VL53L0X/core/src/vl53l0x_api_calibration.o
    0x08005b30   0x00000038   Code   RO          398    .text._Z23VL53L0X_check_part_usedP13VL53L0X_Dev_tPhP20VL53L0X_DeviceInfo_t  BUILD/NUCLEO_F411RE/ARMC6/VL53L0X/core/src/vl53l0x_api_strings.o
    0x08005b68   0x0000004e   Code   RO          341    .text._Z26VL53L0X_device_read_strobeP13VL53L0X_Dev_t  BUILD/NUCLEO_F411RE/ARMC6/VL53L0X/core/src/vl53l0x_api_core.o
    0x08005bb6   0x00000002   PAD
    0x08005bb8   0x000000b4   Code   RO          308    .text._Z26VL53L0X_ref_calibration_ioP13VL53L0X_Dev_thhhPhS1_hh  BUILD/NUCLEO_F411RE/ARMC6/VL53L0X/core/src/vl53l0x_api_calibration.o
    0x08005c6c   0x00000052   Code   RO          296    .text._Z30perform_ref_signal_measurementP13VL53L0X_Dev_tPt  BUILD/NUCLEO_F411RE/ARMC6/VL53L0X/core/src/vl53l0x_api_calibration.o
    0x08005cbe   0x0000006a   Code   RO          310    .text._Z31VL53L0X_perform_vhv_calibrationP13VL53L0X_Dev_tPhhh  BUILD/NUCLEO_F411RE/ARMC6/VL53L0X/core/src/vl53l0x_api_calibration.o
    0x08005d28   0x00000074   Code   RO          200    .text._Z37VL53L0X_CheckAndLoadInterruptSettingsP13VL53L0X_Dev_th  BUILD/NUCLEO_F411RE/ARMC6/VL53L0X/core/src/vl53l0x_api.o
    0x08005d9c   0x00000032   Code   RO          306    .text._Z38VL53L0X_perform_single_ref_calibrationP13VL53L0X_Dev_th  BUILD/NUCLEO_F411RE/ARMC6/VL53L0X/core/src/vl53l0x_api_calibration.o
    0x08005dce   0x0000000e   Code   RO        26477    .text._ZL12convert_crlfi  BUILD/NUCLEO_F411RE/ARMC6/mbed-os/platform/source/mbed_retarget.o
    0x08005ddc   0x00000010   Code   RO        21760    .text._ZL14singleton_lockv  BUILD/NUCLEO_F411RE/ARMC6/mbed-os/connectivity/netsocket/source/nsapi_dns.o
    0x08005dec   0x00000010   Code   RO        26573    .text._ZL14singleton_lockv  BUILD/NUCLEO_F411RE/ARMC6/mbed-os/platform/source/mbed_retarget.o
    0x08005dfc   0x0000000c   Code   RO        21762    .text._ZL16singleton_unlockv  BUILD/NUCLEO_F411RE/ARMC6/mbed-os/connectivity/netsocket/source/nsapi_dns.o
    0x08005e08   0x00000010   Code   RO        26575    .text._ZL16singleton_unlockv  BUILD/NUCLEO_F411RE/ARMC6/mbed-os/platform/source/mbed_retarget.o
    0x08005e18   0x0000001a   Code   RO         1142    .text._ZL17default_idle_hookv  BUILD/NUCLEO_F411RE/ARMC6/mbed-os/cmsis/device/rtos/source/mbed_rtx_idle.o
    0x08005e32   0x00000002   PAD
    0x08005e34   0x00000018   Code   RO        26469    .text._ZL18handle_open_errorsij  BUILD/NUCLEO_F411RE/ARMC6/mbed-os/platform/source/mbed_retarget.o
    0x08005e4c   0x00000048   Code   RO        26455    .text._ZL18reserve_filehandlev  BUILD/NUCLEO_F411RE/ARMC6/mbed-os/platform/source/mbed_retarget.o
    0x08005e94   0x00000010   Code   RO        25745    .text._ZN10CThunkBase11cthunk_freeEPFvvE  BUILD/NUCLEO_F411RE/ARMC6/mbed-os/platform/source/CThunkBase.o
    0x08005ea4   0x00000018   Code   RO        26439    .text._ZN12DirectSerial4readEPvj  BUILD/NUCLEO_F411RE/ARMC6/mbed-os/platform/source/mbed_retarget.o
    0x08005ebc   0x00000008   Code   RO        26629    .text._ZN12DirectSerial4seekEli  BUILD/NUCLEO_F411RE/ARMC6/mbed-os/platform/source/mbed_retarget.o
    0x08005ec4   0x00000006   Code   RO        26635    .text._ZN12DirectSerial4sizeEv  BUILD/NUCLEO_F411RE/ARMC6/mbed-os/platform/source/mbed_retarget.o
    0x08005eca   0x00000004   Code   RO        26631    .text._ZN12DirectSerial5closeEv  BUILD/NUCLEO_F411RE/ARMC6/mbed-os/platform/source/mbed_retarget.o
    0x08005ece   0x00000002   PAD
    0x08005ed0   0x00000020   Code   RO        26437    .text._ZN12DirectSerial5writeEPKvj  BUILD/NUCLEO_F411RE/ARMC6/mbed-os/platform/source/mbed_retarget.o
    0x08005ef0   0x00000004   Code   RO        26633    .text._ZN12DirectSerial6isattyEv  BUILD/NUCLEO_F411RE/ARMC6/mbed-os/platform/source/mbed_retarget.o
    0x08005ef4   0x00000034   Code   RO        26435    .text._ZN12DirectSerialC2ERK15serial_pinmap_ti  BUILD/NUCLEO_F411RE/ARMC6/mbed-os/platform/source/mbed_retarget.o
    0x08005f28   0x00000004   Code   RO        26627    .text._ZN12DirectSerialD0Ev  BUILD/NUCLEO_F411RE/ARMC6/mbed-os/platform/source/mbed_retarget.o
    0x08005f2c   0x00000018   Code   RO           25    .text._ZN4mbed10DigitalOutC2E7PinName  BUILD/NUCLEO_F411RE/ARMC6/HCSR04/HCSR04.o
    0x08005f44   0x00000006   Code   RO        24254    .text._ZN4mbed10FileHandle12enable_inputEb  BUILD/NUCLEO_F411RE/ARMC6/mbed-os/drivers/usb/source/USBKeyboard.o
    0x08005f4a   0x00000002   PAD
    0x08005f4c   0x00000010   Code   RO        23376    .text._ZN4mbed10FileHandle12set_blockingEb  BUILD/NUCLEO_F411RE/ARMC6/mbed-os/drivers/source/UnbufferedSerial.o
    0x08005f5c   0x00000006   Code   RO        24256    .text._ZN4mbed10FileHandle13enable_outputEb  BUILD/NUCLEO_F411RE/ARMC6/mbed-os/drivers/usb/source/USBKeyboard.o
    0x08005f62   0x00000004   Code   RO        23370    .text._ZN4mbed10FileHandle4syncEv  BUILD/NUCLEO_F411RE/ARMC6/mbed-os/drivers/source/UnbufferedSerial.o
    0x08005f66   0x0000000a   Code   RO        22606    .text._ZN4mbed10FileHandle4tellEv  BUILD/NUCLEO_F411RE/ARMC6/mbed-os/drivers/source/BufferedSerial.o
    0x08005f70   0x00000002   Code   RO        23380    .text._ZN4mbed10FileHandle5sigioENS_8CallbackIFvvEEE  BUILD/NUCLEO_F411RE/ARMC6/mbed-os/drivers/source/UnbufferedSerial.o
    0x08005f72   0x0000000a   Code   RO        22608    .text._ZN4mbed10FileHandle6rewindEv  BUILD/NUCLEO_F411RE/ARMC6/mbed-os/drivers/source/BufferedSerial.o
    0x08005f7c   0x00000006   Code   RO        22610    .text._ZN4mbed10FileHandle8truncateEl  BUILD/NUCLEO_F411RE/ARMC6/mbed-os/drivers/source/BufferedSerial.o
    0x08005f82   0x00000002   Code   RO        25819    .text._ZN4mbed10FileHandleD2Ev  BUILD/NUCLEO_F411RE/ARMC6/mbed-os/platform/source/FileHandle.o
    0x08005f84   0x0000001a   Code   RO        22861    .text._ZN4mbed11InterruptIn12_irq_handlerEj14gpio_irq_event  BUILD/NUCLEO_F411RE/ARMC6/mbed-os/drivers/source/InterruptIn.o
    0x08005f9e   0x0000002c   Code   RO        22873    .text._ZN4mbed11InterruptIn4fallENS_8CallbackIFvvEEE  BUILD/NUCLEO_F411RE/ARMC6/mbed-os/drivers/source/InterruptIn.o
    0x08005fca   0x0000002c   Code   RO        22871    .text._ZN4mbed11InterruptIn4riseENS_8CallbackIFvvEEE  BUILD/NUCLEO_F411RE/ARMC6/mbed-os/drivers/source/InterruptIn.o
    0x08005ff6   0x00000002   PAD
    0x08005ff8   0x00000010   Code   RO        22857    .text._ZN4mbed11InterruptIn8irq_initE7PinName  BUILD/NUCLEO_F411RE/ARMC6/mbed-os/drivers/source/InterruptIn.o
    0x08006008   0x00000030   Code   RO        22855    .text._ZN4mbed11InterruptInC2E7PinName  BUILD/NUCLEO_F411RE/ARMC6/mbed-os/drivers/source/InterruptIn.o
    0x08006038   0x0000000e   Code   RO        22865    .text._ZN4mbed11InterruptInD0Ev  BUILD/NUCLEO_F411RE/ARMC6/mbed-os/drivers/source/InterruptIn.o
    0x08006046   0x00000002   PAD
    0x08006048   0x0000001c   Code   RO        22863    .text._ZN4mbed11InterruptInD2Ev  BUILD/NUCLEO_F411RE/ARMC6/mbed-os/drivers/source/InterruptIn.o
    0x08006064   0x0000001a   Code   RO        22733    .text._ZN4mbed12DigitalInOut4modeE7PinMode  BUILD/NUCLEO_F411RE/ARMC6/mbed-os/drivers/source/DigitalInOut.o
    0x0800607e   0x00000018   Code   RO        22731    .text._ZN4mbed12DigitalInOut5inputEv  BUILD/NUCLEO_F411RE/ARMC6/mbed-os/drivers/source/DigitalInOut.o
    0x08006096   0x00000018   Code   RO        22729    .text._ZN4mbed12DigitalInOut6outputEv  BUILD/NUCLEO_F411RE/ARMC6/mbed-os/drivers/source/DigitalInOut.o
    0x080060ae   0x00000024   Code   RO         2722    .text._ZN4mbed12DigitalInOutC2E7PinName12PinDirection7PinModei  BUILD/NUCLEO_F411RE/ARMC6/mbed-os/connectivity/drivers/cellular/Altair/ALT1250/PPP/ALT1250_PPP.o
    0x080060d2   0x00000002   PAD
    0x080060d4   0x00000070   Code   RO        26451    .text._ZN4mbed16mbed_file_handleEi  BUILD/NUCLEO_F411RE/ARMC6/mbed-os/platform/source/mbed_retarget.o
    0x08006144   0x0000000c   Code   RO        25767    .text._ZN4mbed19CriticalSectionLockC2Ev  BUILD/NUCLEO_F411RE/ARMC6/mbed-os/platform/source/CriticalSectionLock.o
    0x08006150   0x0000000c   Code   RO        25769    .text._ZN4mbed19CriticalSectionLockD2Ev  BUILD/NUCLEO_F411RE/ARMC6/mbed-os/platform/source/CriticalSectionLock.o
    0x0800615c   0x00000010   Code   RO        22790    .text._ZN4mbed3I2C4lockEv  BUILD/NUCLEO_F411RE/ARMC6/mbed-os/drivers/source/I2C.o
    0x0800616c   0x00000020   Code   RO        22782    .text._ZN4mbed3I2C4readEiPcib  BUILD/NUCLEO_F411RE/ARMC6/mbed-os/drivers/source/I2C.o
    0x0800618c   0x00000020   Code   RO        22778    .text._ZN4mbed3I2C5writeEiPKcib  BUILD/NUCLEO_F411RE/ARMC6/mbed-os/drivers/source/I2C.o
    0x080061ac   0x00000028   Code   RO        22776    .text._ZN4mbed3I2C6aquireEv  BUILD/NUCLEO_F411RE/ARMC6/mbed-os/drivers/source/I2C.o
    0x080061d4   0x00000014   Code   RO        22792    .text._ZN4mbed3I2C6unlockEv  BUILD/NUCLEO_F411RE/ARMC6/mbed-os/drivers/source/I2C.o
    0x080061e8   0x000000dc   Code   RO        22770    .text._ZN4mbed3I2C7recoverE7PinNameS1_  BUILD/NUCLEO_F411RE/ARMC6/mbed-os/drivers/source/I2C.o
    0x080062c4   0x0000005c   Code   RO        22768    .text._ZN4mbed3I2CC2E7PinNameS1_  BUILD/NUCLEO_F411RE/ARMC6/mbed-os/drivers/source/I2C.o
    0x08006320   0x0000000e   Code   RO        22828    .text._ZN4mbed3I2CD0Ev  BUILD/NUCLEO_F411RE/ARMC6/mbed-os/drivers/source/I2C.o
    0x0800632e   0x00000002   PAD
    0x08006330   0x0000001c   Code   RO         2397    .text._ZN4mbed3I2CD2Ev  BUILD/NUCLEO_F411RE/ARMC6/mbed-os/connectivity/drivers/802.15.4_RF/atmel-rf-driver/source/NanostackRfPhyAtmel.o
    0x0800634c   0x00000026   Code   RO        22897    .text._ZN4mbed4impl7MbedCRCILj79764919ELh32ELNS_7CrcModeE2EE20compute_partial_stopEPj  BUILD/NUCLEO_F411RE/ARMC6/mbed-os/drivers/source/MbedCRC.o
    0x08006372   0x00000020   Code   RO        22895    .text._ZN4mbed4impl7MbedCRCILj79764919ELh32ELNS_7CrcModeE2EE7computeEPKvjPj  BUILD/NUCLEO_F411RE/ARMC6/mbed-os/drivers/source/MbedCRC.o
    0x08006392   0x00000016   Code   RO        23283    .text._ZN4mbed5TimerC2Ev  BUILD/NUCLEO_F411RE/ARMC6/mbed-os/drivers/source/Timer.o
    0x080063a8   0x00000014   Code   RO        22957    .text._ZN4mbed6PwmOut15lock_deep_sleepEv  BUILD/NUCLEO_F411RE/ARMC6/mbed-os/drivers/source/PwmOut.o
    0x080063bc   0x00000026   Code   RO        22925    .text._ZN4mbed6PwmOut4initEv  BUILD/NUCLEO_F411RE/ARMC6/mbed-os/drivers/source/PwmOut.o
    0x080063e2   0x00000024   Code   RO        22933    .text._ZN4mbed6PwmOut5writeEf  BUILD/NUCLEO_F411RE/ARMC6/mbed-os/drivers/source/PwmOut.o
    0x08006406   0x00000024   Code   RO        22937    .text._ZN4mbed6PwmOut6periodEf  BUILD/NUCLEO_F411RE/ARMC6/mbed-os/drivers/source/PwmOut.o
    0x0800642a   0x0000001c   Code   RO        22923    .text._ZN4mbed6PwmOutC2E7PinName  BUILD/NUCLEO_F411RE/ARMC6/mbed-os/drivers/source/PwmOut.o
    0x08006446   0x00000004   Code   RO           27    .text._ZN4mbed8CallbackIFvvEE11target_callIZNS2_C1IP6HCSR04MS5_FvvELi0EEET_T0_EUlvE_EEvPKNS_6detail12CallbackBaseE  BUILD/NUCLEO_F411RE/ARMC6/HCSR04/HCSR04.o
    0x0800644a   0x00000002   PAD
    0x0800644c   0x0000007c   Code   RO        25801    .text._ZN4mbed8FileBase6lookupEPKcj  BUILD/NUCLEO_F411RE/ARMC6/mbed-os/platform/source/FileBase.o
    0x080064c8   0x00000018   Code   RO        25832    .text._ZN4mbed8FilePath10fileSystemEv  BUILD/NUCLEO_F411RE/ARMC6/mbed-os/platform/source/FilePath.o
    0x080064e0   0x00000018   Code   RO        25830    .text._ZN4mbed8FilePath12isFileSystemEv  BUILD/NUCLEO_F411RE/ARMC6/mbed-os/platform/source/FilePath.o
    0x080064f8   0x00000018   Code   RO        25836    .text._ZN4mbed8FilePath4fileEv  BUILD/NUCLEO_F411RE/ARMC6/mbed-os/platform/source/FilePath.o
    0x08006510   0x0000000a   Code   RO        25838    .text._ZN4mbed8FilePath6existsEv  BUILD/NUCLEO_F411RE/ARMC6/mbed-os/platform/source/FilePath.o
    0x0800651a   0x00000016   Code   RO        25834    .text._ZN4mbed8FilePath6isFileEv  BUILD/NUCLEO_F411RE/ARMC6/mbed-os/platform/source/FilePath.o
    0x08006530   0x0000003c   Code   RO        25826    .text._ZN4mbed8FilePathC2EPKc  BUILD/NUCLEO_F411RE/ARMC6/mbed-os/platform/source/FilePath.o
    0x0800656c   0x00000032   Code   RO        23267    .text._ZN4mbed9TimerBase4stopEv  BUILD/NUCLEO_F411RE/ARMC6/mbed-os/drivers/source/Timer.o
    0x0800659e   0x00000022   Code   RO        23257    .text._ZN4mbed9TimerBase5resetEv  BUILD/NUCLEO_F411RE/ARMC6/mbed-os/drivers/source/Timer.o
    0x080065c0   0x0000002c   Code   RO        23265    .text._ZN4mbed9TimerBase5startEv  BUILD/NUCLEO_F411RE/ARMC6/mbed-os/drivers/source/Timer.o
    0x080065ec   0x0000001e   Code   RO        23255    .text._ZN4mbed9TimerBaseC2EPK13ticker_data_tb  BUILD/NUCLEO_F411RE/ARMC6/mbed-os/drivers/source/Timer.o
    0x0800660a   0x00000012   Code   RO           33    .text._ZN4mstd4impl6INVOKEI6HCSR04FvvERKPS2_JEEENSt3__29enable_ifIXaaaasr3std11is_functionIT0_EE5valuentsr3std10is_base_ofIT_NS7_5decayIT1_E4typeEEE5valuentsr20is_reference_wrapperISE_EE5valueEDTcldsdeclsr3stdE7forwardISC_Efp0_Efp_spclsr3stdE7forwardIT2_Efp1_EEEE4typeEMSA_S9_OSC_DpOSF_  BUILD/NUCLEO_F411RE/ARMC6/HCSR04/HCSR04.o
    0x0800661c   0x0000000c   Code   RO           31    .text._ZN4mstd6invokeIRKM6HCSR04FvvEJRKPS1_EEENS_13invoke_resultIT_JDpT0_EE4typeEOSA_DpOSB_  BUILD/NUCLEO_F411RE/ARMC6/HCSR04/HCSR04.o
    0x08006628   0x00000044   Code   RO        26935    .text._ZN4rtos5Mutex11constructorEPKc  BUILD/NUCLEO_F411RE/ARMC6/mbed-os/rtos/source/Mutex.o
    0x0800666c   0x00000030   Code   RO        26939    .text._ZN4rtos5Mutex4lockEv  BUILD/NUCLEO_F411RE/ARMC6/mbed-os/rtos/source/Mutex.o
    0x0800669c   0x0000002c   Code   RO        26951    .text._ZN4rtos5Mutex6unlockEv  BUILD/NUCLEO_F411RE/ARMC6/mbed-os/rtos/source/Mutex.o
    0x080066c8   0x0000000e   Code   RO        26933    .text._ZN4rtos5MutexC2Ev  BUILD/NUCLEO_F411RE/ARMC6/mbed-os/rtos/source/Mutex.o
    0x080066d6   0x00000028   Code   RO        22830    .text._ZN6CThunkIN4mbed3I2CEE10trampolineEP10CThunkBase  BUILD/NUCLEO_F411RE/ARMC6/mbed-os/drivers/source/I2C.o
    0x080066fe   0x00000014   Code   RO         2399    .text._ZN6CThunkIN4mbed3I2CEED2Ev  BUILD/NUCLEO_F411RE/ARMC6/mbed-os/connectivity/drivers/802.15.4_RF/atmel-rf-driver/source/NanostackRfPhyAtmel.o
    0x08006712   0x00000002   PAD
    0x08006714   0x00000048   Code   RO           11    .text._ZN6HCSR045startEv  BUILD/NUCLEO_F411RE/ARMC6/HCSR04/HCSR04.o
    0x0800675c   0x0000002c   Code   RO           13    .text._ZN6HCSR048isr_fallEv  BUILD/NUCLEO_F411RE/ARMC6/HCSR04/HCSR04.o
    0x08006788   0x00000004   Code   RO            9    .text._ZN6HCSR048isr_riseEv  BUILD/NUCLEO_F411RE/ARMC6/HCSR04/HCSR04.o
    0x0800678c   0x00000036   Code   RO            5    .text._ZN6HCSR04C2E7PinNameS0_  BUILD/NUCLEO_F411RE/ARMC6/HCSR04/HCSR04.o
    0x080067c2   0x0000000a   Code   RO           46    .text._ZN7VL53L0X15startContinuousEv  BUILD/NUCLEO_F411RE/ARMC6/VL53L0X/VL53L0X.o
    0x080067cc   0x0000002e   Code   RO           44    .text._ZN7VL53L0X17setModeContinuousEv  BUILD/NUCLEO_F411RE/ARMC6/VL53L0X/VL53L0X.o
    0x080067fa   0x00000012   Code   RO           48    .text._ZN7VL53L0X19getRangeMillimetersEv  BUILD/NUCLEO_F411RE/ARMC6/VL53L0X/VL53L0X.o
    0x0800680c   0x00000022   Code   RO           42    .text._ZN7VL53L0X4initEv  BUILD/NUCLEO_F411RE/ARMC6/VL53L0X/VL53L0X.o
    0x0800682e   0x00000002   PAD
    0x08006830   0x00000014   Code   RO           38    .text._ZN7VL53L0XC2EPN4mbed3I2CE  BUILD/NUCLEO_F411RE/ARMC6/VL53L0X/VL53L0X.o
    0x08006844   0x00000034   Code   RO        26441    .text._ZNK12DirectSerial4pollEs  BUILD/NUCLEO_F411RE/ARMC6/mbed-os/platform/source/mbed_retarget.o
    0x08006878   0x00000022   Code   RO        21791    .text._ZNK12SingletonPtrIN4rtos5MutexEE3getEv  BUILD/NUCLEO_F411RE/ARMC6/mbed-os/connectivity/netsocket/source/nsapi_dns.o
    0x0800689a   0x00000004   Code   RO        23378    .text._ZNK4mbed10FileHandle11is_blockingEv  BUILD/NUCLEO_F411RE/ARMC6/mbed-os/drivers/source/UnbufferedSerial.o
    0x0800689e   0x00000002   PAD
    0x080068a0   0x00000058   Code   RO        22899    .text._ZNK4mbed4impl7MbedCRCILj79764919ELh32ELNS_7CrcModeE2EE18do_compute_partialILS2_2EEENSt3__29enable_ifIXeqT_LS2_2EEiE4typeEPKhjPj  BUILD/NUCLEO_F411RE/ARMC6/mbed-os/drivers/source/MbedCRC.o
    0x080068f8   0x00000026   Code   RO        23273    .text._ZNK4mbed9TimerBase12elapsed_timeEv  BUILD/NUCLEO_F411RE/ARMC6/mbed-os/drivers/source/Timer.o
    0x0800691e   0x00000030   Code   RO        23269    .text._ZNK4mbed9TimerBase9slicetimeEv  BUILD/NUCLEO_F411RE/ARMC6/mbed-os/drivers/source/Timer.o
    0x0800694e   0x00000008   Code   RO           29    .text._ZZN4mbed8CallbackIFvvEEC1IP6HCSR04MS4_FvvELi0EEET_T0_ENKUlvE_clEv  BUILD/NUCLEO_F411RE/ARMC6/HCSR04/HCSR04.o
    0x08006956   0x00000004   Code   RO        26529    .text._ZdlPv        BUILD/NUCLEO_F411RE/ARMC6/mbed-os/platform/source/mbed_retarget.o
    0x0800695a   0x00000002   PAD
    0x0800695c   0x0000001c   Code   RO        32214    .text.__NVIC_EnableIRQ  BUILD/NUCLEO_F411RE/ARMC6/mbed-os/targets/TARGET_STM/i2c_api.o
    0x08006978   0x00000024   Code   RO        32212    .text.__NVIC_SetPriority  BUILD/NUCLEO_F411RE/ARMC6/mbed-os/targets/TARGET_STM/i2c_api.o
    0x0800699c   0x00000024   Code   RO        26318    .text.__NVIC_SystemReset  BUILD/NUCLEO_F411RE/ARMC6/mbed-os/platform/source/mbed_error.o
    0x080069c0   0x0000002e   Code   RO        26571    .text.__cxa_guard_acquire  BUILD/NUCLEO_F411RE/ARMC6/mbed-os/platform/source/mbed_retarget.o
    0x080069ee   0x0000000e   Code   RO        26577    .text.__cxa_guard_release  BUILD/NUCLEO_F411RE/ARMC6/mbed-os/platform/source/mbed_retarget.o
    0x080069fc   0x00000038   Code   RO         1074    .text.__rt_entry    BUILD/NUCLEO_F411RE/ARMC6/mbed-os/cmsis/device/rtos/TOOLCHAIN_ARM_STD/mbed_boot_arm_std.o
    0x08006a34   0x0000004c   Code   RO         1078    .text.__user_perthread_libspace  BUILD/NUCLEO_F411RE/ARMC6/mbed-os/cmsis/device/rtos/TOOLCHAIN_ARM_STD/mbed_boot_arm_std.o
    0x08006a80   0x00000004   Code   RO        26507    .text.__user_setup_stackheap  BUILD/NUCLEO_F411RE/ARMC6/mbed-os/platform/source/mbed_retarget.o
    0x08006a84   0x00000026   Code   RO        25420    .text._gpio_init_in  BUILD/NUCLEO_F411RE/ARMC6/mbed-os/hal/source/mbed_gpio.o
    0x08006aaa   0x00000030   Code   RO        25426    .text._gpio_init_out  BUILD/NUCLEO_F411RE/ARMC6/mbed-os/hal/source/mbed_gpio.o
    0x08006ada   0x00000002   PAD
    0x08006adc   0x0000002c   Code   RO        26503    .text._mbed_user_setup_stackheap  BUILD/NUCLEO_F411RE/ARMC6/mbed-os/platform/source/mbed_retarget.o
    0x08006b08   0x0000001a   Code   RO         1084    .text._mutex_acquire  BUILD/NUCLEO_F411RE/ARMC6/mbed-os/cmsis/device/rtos/TOOLCHAIN_ARM_STD/mbed_boot_arm_std.o
    0x08006b22   0x00000002   PAD
    0x08006b24   0x00000044   Code   RO         1088    .text._mutex_free   BUILD/NUCLEO_F411RE/ARMC6/mbed-os/cmsis/device/rtos/TOOLCHAIN_ARM_STD/mbed_boot_arm_std.o
    0x08006b68   0x0000009c   Code   RO         1082    .text._mutex_initialize  BUILD/NUCLEO_F411RE/ARMC6/mbed-os/cmsis/device/rtos/TOOLCHAIN_ARM_STD/mbed_boot_arm_std.o
    0x08006c04   0x00000016   Code   RO         1086    .text._mutex_release  BUILD/NUCLEO_F411RE/ARMC6/mbed-os/cmsis/device/rtos/TOOLCHAIN_ARM_STD/mbed_boot_arm_std.o
    0x08006c1a   0x00000004   Code   RO          661    .text._platform_post_stackheap_init  BUILD/NUCLEO_F411RE/ARMC6/mbed-os/cmsis/CMSIS_5/CMSIS/RTOS2/RTX/Source/rtx_lib.o
    0x08006c1e   0x00000004   Code   RO        26471    .text._sys_close    BUILD/NUCLEO_F411RE/ARMC6/mbed-os/platform/source/mbed_retarget.o
    0x08006c22   0x00000002   Code   RO        26481    .text._sys_exit     BUILD/NUCLEO_F411RE/ARMC6/mbed-os/platform/source/mbed_retarget.o
    0x08006c24   0x00000026   Code   RO        26501    .text._sys_flen     BUILD/NUCLEO_F411RE/ARMC6/mbed-os/platform/source/mbed_retarget.o
    0x08006c4a   0x00000004   Code   RO        26489    .text._sys_istty    BUILD/NUCLEO_F411RE/ARMC6/mbed-os/platform/source/mbed_retarget.o
    0x08006c4e   0x00000002   PAD
    0x08006c50   0x00000084   Code   RO        26465    .text._sys_open     BUILD/NUCLEO_F411RE/ARMC6/mbed-os/platform/source/mbed_retarget.o
    0x08006cd4   0x00000006   Code   RO        26491    .text._sys_seek     BUILD/NUCLEO_F411RE/ARMC6/mbed-os/platform/source/mbed_retarget.o
    0x08006cda   0x00000002   PAD
    0x08006cdc   0x000000c0   Code   RO        26475    .text._sys_write    BUILD/NUCLEO_F411RE/ARMC6/mbed-os/platform/source/mbed_retarget.o
    0x08006d9c   0x00000014   Code   RO        26483    .text._ttywrch      BUILD/NUCLEO_F411RE/ARMC6/mbed-os/platform/source/mbed_retarget.o
    0x08006db0   0x00000014   Code   RO        26688    .text._wait_us_ticks  BUILD/NUCLEO_F411RE/ARMC6/mbed-os/platform/source/mbed_wait_api_no_rtos.o
    0x08006dc4   0x00000002   Code   RO        25573    .text.block_us_ticker_free  BUILD/NUCLEO_F411RE/ARMC6/mbed-os/hal/source/mbed_us_ticker_api.o
    0x08006dc6   0x00000002   PAD
    0x08006dc8   0x00000038   Code   RO        26473    .text.close         BUILD/NUCLEO_F411RE/ARMC6/mbed-os/platform/source/mbed_retarget.o
    0x08006e00   0x0000000c   Code   RO        26263    .text.core_util_are_interrupts_enabled  BUILD/NUCLEO_F411RE/ARMC6/mbed-os/platform/source/mbed_critical.o
    0x08006e0c   0x00000012   Code   RO        26166    .text.core_util_atomic_decr_u16  BUILD/NUCLEO_F411RE/ARMC6/mbed-os/platform/source/mbed_atomic_impl.o
    0x08006e1e   0x00000010   Code   RO        26152    .text.core_util_atomic_exchange_u8  BUILD/NUCLEO_F411RE/ARMC6/mbed-os/platform/source/mbed_atomic_impl.o
    0x08006e2e   0x00000014   Code   RO        26150    .text.core_util_atomic_flag_test_and_set  BUILD/NUCLEO_F411RE/ARMC6/mbed-os/platform/source/mbed_atomic_impl.o
    0x08006e42   0x00000012   Code   RO        26160    .text.core_util_atomic_incr_u16  BUILD/NUCLEO_F411RE/ARMC6/mbed-os/platform/source/mbed_atomic_impl.o
    0x08006e54   0x00000010   Code   RO        26269    .text.core_util_critical_section_enter  BUILD/NUCLEO_F411RE/ARMC6/mbed-os/platform/source/mbed_critical.o
    0x08006e64   0x00000018   Code   RO        26271    .text.core_util_critical_section_exit  BUILD/NUCLEO_F411RE/ARMC6/mbed-os/platform/source/mbed_critical.o
    0x08006e7c   0x0000000c   Code   RO        26265    .text.core_util_is_isr_active  BUILD/NUCLEO_F411RE/ARMC6/mbed-os/platform/source/mbed_critical.o
    0x08006e88   0x00000024   Code   RO        26276    .text.error         BUILD/NUCLEO_F411RE/ARMC6/mbed-os/platform/source/mbed_error.o
    0x08006eac   0x0000001c   Code   RO        25557    .text.exact_log2    BUILD/NUCLEO_F411RE/ARMC6/mbed-os/hal/source/mbed_ticker_api.o
    0x08006ec8   0x0000002c   Code   RO        26547    .text.exit          BUILD/NUCLEO_F411RE/ARMC6/mbed-os/platform/source/mbed_retarget.o
    0x08006ef4   0x00000028   Code   RO        26499    .text.fsync         BUILD/NUCLEO_F411RE/ARMC6/mbed-os/platform/source/mbed_retarget.o
    0x08006f1c   0x00000138   Code   RO          355    .text.get_sequence_step_timeout  BUILD/NUCLEO_F411RE/ARMC6/VL53L0X/core/src/vl53l0x_api_core.o
    0x08007054   0x00000008   Code   RO        25567    .text.get_us_ticker_data  BUILD/NUCLEO_F411RE/ARMC6/mbed-os/hal/source/mbed_us_ticker_api.o
    0x0800705c   0x0000002a   Code   RO        32163    .text.gpio_dir      BUILD/NUCLEO_F411RE/ARMC6/mbed-os/targets/TARGET_STM/gpio_api.o
    0x08007086   0x00000002   PAD
    0x08007088   0x00000044   Code   RO        32159    .text.gpio_init     BUILD/NUCLEO_F411RE/ARMC6/mbed-os/targets/TARGET_STM/gpio_api.o
    0x080070cc   0x00000006   Code   RO        25416    .text.gpio_init_in  BUILD/NUCLEO_F411RE/ARMC6/mbed-os/hal/source/mbed_gpio.o
    0x080070d2   0x00000036   Code   RO        25428    .text.gpio_init_inout  BUILD/NUCLEO_F411RE/ARMC6/mbed-os/hal/source/mbed_gpio.o
    0x08007108   0x00000006   Code   RO        25422    .text.gpio_init_out  BUILD/NUCLEO_F411RE/ARMC6/mbed-os/hal/source/mbed_gpio.o
    0x0800710e   0x00000008   Code   RO        25424    .text.gpio_init_out_ex  BUILD/NUCLEO_F411RE/ARMC6/mbed-os/hal/source/mbed_gpio.o
    0x08007116   0x00000006   Code   RO        32169    .text.gpio_irq0     BUILD/NUCLEO_F411RE/ARMC6/mbed-os/targets/TARGET_STM/gpio_irq_api.o
    0x0800711c   0x00000006   Code   RO        32171    .text.gpio_irq1     BUILD/NUCLEO_F411RE/ARMC6/mbed-os/targets/TARGET_STM/gpio_irq_api.o
    0x08007122   0x00000006   Code   RO        32173    .text.gpio_irq2     BUILD/NUCLEO_F411RE/ARMC6/mbed-os/targets/TARGET_STM/gpio_irq_api.o
    0x08007128   0x00000006   Code   RO        32175    .text.gpio_irq3     BUILD/NUCLEO_F411RE/ARMC6/mbed-os/targets/TARGET_STM/gpio_irq_api.o
    0x0800712e   0x00000006   Code   RO        32177    .text.gpio_irq4     BUILD/NUCLEO_F411RE/ARMC6/mbed-os/targets/TARGET_STM/gpio_irq_api.o
    0x08007134   0x00000008   Code   RO        32179    .text.gpio_irq5     BUILD/NUCLEO_F411RE/ARMC6/mbed-os/targets/TARGET_STM/gpio_irq_api.o
    0x0800713c   0x00000008   Code   RO        32181    .text.gpio_irq6     BUILD/NUCLEO_F411RE/ARMC6/mbed-os/targets/TARGET_STM/gpio_irq_api.o
    0x08007144   0x000000a4   Code   RO        32187    .text.gpio_irq_disable  BUILD/NUCLEO_F411RE/ARMC6/mbed-os/targets/TARGET_STM/gpio_irq_api.o
    0x080071e8   0x00000094   Code   RO        32183    .text.gpio_irq_enable  BUILD/NUCLEO_F411RE/ARMC6/mbed-os/targets/TARGET_STM/gpio_irq_api.o
    0x0800727c   0x00000064   Code   RO        32185    .text.gpio_irq_free  BUILD/NUCLEO_F411RE/ARMC6/mbed-os/targets/TARGET_STM/gpio_irq_api.o
    0x080072e0   0x00000190   Code   RO        32167    .text.gpio_irq_init  BUILD/NUCLEO_F411RE/ARMC6/mbed-os/targets/TARGET_STM/gpio_irq_api.o
    0x08007470   0x00000064   Code   RO        32189    .text.gpio_irq_set  BUILD/NUCLEO_F411RE/ARMC6/mbed-os/targets/TARGET_STM/gpio_irq_api.o
    0x080074d4   0x00000008   Code   RO        32161    .text.gpio_mode     BUILD/NUCLEO_F411RE/ARMC6/mbed-os/targets/TARGET_STM/gpio_api.o
    0x080074dc   0x00000018   Code   RO        32157    .text.gpio_set      BUILD/NUCLEO_F411RE/ARMC6/mbed-os/targets/TARGET_STM/gpio_api.o
    0x080074f4   0x00000014   Code   RO        25414    .text.gpio_write    BUILD/NUCLEO_F411RE/ARMC6/mbed-os/hal/source/mbed_gpio.o
    0x08007508   0x0000001c   Code   RO        25401    .text.hal_critical_section_enter  BUILD/NUCLEO_F411RE/ARMC6/mbed-os/hal/source/mbed_critical_section_api.o
    0x08007524   0x00000014   Code   RO        25403    .text.hal_critical_section_exit  BUILD/NUCLEO_F411RE/ARMC6/mbed-os/hal/source/mbed_critical_section_api.o
    0x08007538   0x00000114   Code   RO        32476    .text.hal_deepsleep  BUILD/NUCLEO_F411RE/ARMC6/mbed-os/targets/TARGET_STM/sleep.o
    0x0800764c   0x00000020   Code   RO        32474    .text.hal_sleep     BUILD/NUCLEO_F411RE/ARMC6/mbed-os/targets/TARGET_STM/sleep.o
    0x0800766c   0x00000090   Code   RO        26278    .text.handle_error  BUILD/NUCLEO_F411RE/ARMC6/mbed-os/platform/source/mbed_error.o
    0x080076fc   0x000000b4   Code   RO        32191    .text.handle_interrupt_in  BUILD/NUCLEO_F411RE/ARMC6/mbed-os/targets/TARGET_STM/gpio_irq_api.o
    0x080077b0   0x00000018   Code   RO        32220    .text.i2c1_irq      BUILD/NUCLEO_F411RE/ARMC6/mbed-os/targets/TARGET_STM/i2c_api.o
    0x080077c8   0x00000018   Code   RO        32222    .text.i2c2_irq      BUILD/NUCLEO_F411RE/ARMC6/mbed-os/targets/TARGET_STM/i2c_api.o
    0x080077e0   0x00000018   Code   RO        32224    .text.i2c3_irq      BUILD/NUCLEO_F411RE/ARMC6/mbed-os/targets/TARGET_STM/i2c_api.o
    0x080077f8   0x00000018   Code   RO        32216    .text.i2c_ev_err_disable  BUILD/NUCLEO_F411RE/ARMC6/mbed-os/targets/TARGET_STM/i2c_api.o
    0x08007810   0x0000004c   Code   RO        32210    .text.i2c_ev_err_enable  BUILD/NUCLEO_F411RE/ARMC6/mbed-os/targets/TARGET_STM/i2c_api.o
    0x0800785c   0x00000050   Code   RO        32232    .text.i2c_frequency  BUILD/NUCLEO_F411RE/ARMC6/mbed-os/targets/TARGET_STM/i2c_api.o
    0x080078ac   0x00000038   Code   RO        32218    .text.i2c_get_irq_handler  BUILD/NUCLEO_F411RE/ARMC6/mbed-os/targets/TARGET_STM/i2c_api.o
    0x080078e4   0x0000005c   Code   RO        32226    .text.i2c_hw_reset  BUILD/NUCLEO_F411RE/ARMC6/mbed-os/targets/TARGET_STM/i2c_api.o
    0x08007940   0x00000068   Code   RO        32238    .text.i2c_init      BUILD/NUCLEO_F411RE/ARMC6/mbed-os/targets/TARGET_STM/i2c_api.o
    0x080079a8   0x00000018   Code   RO        32236    .text.i2c_init_direct  BUILD/NUCLEO_F411RE/ARMC6/mbed-os/targets/TARGET_STM/i2c_api.o
    0x080079c0   0x00000110   Code   RO        32230    .text.i2c_init_internal  BUILD/NUCLEO_F411RE/ARMC6/mbed-os/targets/TARGET_STM/i2c_api.o
    0x08007ad0   0x00000074   Code   RO        32254    .text.i2c_read      BUILD/NUCLEO_F411RE/ARMC6/mbed-os/targets/TARGET_STM/i2c_api.o
    0x08007b44   0x00000026   Code   RO        32264    .text.i2c_slave_address  BUILD/NUCLEO_F411RE/ARMC6/mbed-os/targets/TARGET_STM/i2c_api.o
    0x08007b6a   0x00000002   PAD
    0x08007b6c   0x00000078   Code   RO        32256    .text.i2c_write     BUILD/NUCLEO_F411RE/ARMC6/mbed-os/targets/TARGET_STM/i2c_api.o
    0x08007be4   0x000000a8   Code   RO        32547    .text.init_32bit_timer  BUILD/NUCLEO_F411RE/ARMC6/mbed-os/targets/TARGET_STM/us_ticker.o
    0x08007c8c   0x00000060   Code   RO        32440    .text.init_uart     BUILD/NUCLEO_F411RE/ARMC6/mbed-os/targets/TARGET_STM/serial_api.o
    0x08007cec   0x000000e4   Code   RO        25529    .text.initialize    BUILD/NUCLEO_F411RE/ARMC6/mbed-os/hal/source/mbed_ticker_api.o
    0x08007dd0   0x00000028   Code   RO        26459    .text.isatty        BUILD/NUCLEO_F411RE/ARMC6/mbed-os/platform/source/mbed_retarget.o
    0x08007df8   0x0000002a   Code   RO        26493    .text.lseek         BUILD/NUCLEO_F411RE/ARMC6/mbed-os/platform/source/mbed_retarget.o
    0x08007e22   0x00000002   PAD
    0x08007e24   0x000000a4   Code   RO          454    .text.main          BUILD/NUCLEO_F411RE/ARMC6/main.o
    0x08007ec8   0x00000064   Code   RO        26252    .text.mbed_die      BUILD/NUCLEO_F411RE/ARMC6/mbed-os/platform/source/mbed_board.o
    0x08007f2c   0x00000064   Code   RO        26298    .text.mbed_error    BUILD/NUCLEO_F411RE/ARMC6/mbed-os/platform/source/mbed_error.o
    0x08007f90   0x00000068   Code   RO        26286    .text.mbed_error_initialize  BUILD/NUCLEO_F411RE/ARMC6/mbed-os/platform/source/mbed_error.o
    0x08007ff8   0x00000018   Code   RO        26254    .text.mbed_error_printf  BUILD/NUCLEO_F411RE/ARMC6/mbed-os/platform/source/mbed_board.o
    0x08008010   0x0000004c   Code   RO        26258    .text.mbed_error_puts  BUILD/NUCLEO_F411RE/ARMC6/mbed-os/platform/source/mbed_board.o
    0x0800805c   0x00000034   Code   RO        26256    .text.mbed_error_vprintf  BUILD/NUCLEO_F411RE/ARMC6/mbed-os/platform/source/mbed_board.o
    0x08008090   0x000000f4   Code   RO        26129    .text.mbed_fault_handler  BUILD/NUCLEO_F411RE/ARMC6/mbed-os/platform/source/TARGET_CORTEX_M/mbed_fault_handler.o
    0x08008184   0x0000000c   Code   RO        26294    .text.mbed_get_error_in_progress  BUILD/NUCLEO_F411RE/ARMC6/mbed-os/platform/source/mbed_error.o
    0x08008190   0x00000030   Code   RO        26280    .text.mbed_halt_system  BUILD/NUCLEO_F411RE/ARMC6/mbed-os/platform/source/mbed_error.o
    0x080081c0   0x0000003c   Code   RO         1096    .text.mbed_init     BUILD/NUCLEO_F411RE/ARMC6/mbed-os/cmsis/device/rtos/source/mbed_boot.o
    0x080081fc   0x000002a6   Code   RO        26829    .text.mbed_minimal_formatted_string  BUILD/NUCLEO_F411RE/ARMC6/mbed-os/platform/source/minimal-printf/mbed_printf_implementation.o
    0x080084a2   0x00000002   PAD
    0x080084a4   0x0000012c   Code   RO        26833    .text.mbed_minimal_formatted_string_integer  BUILD/NUCLEO_F411RE/ARMC6/mbed-os/platform/source/minimal-printf/mbed_printf_implementation.o
    0x080085d0   0x0000003c   Code   RO        26835    .text.mbed_minimal_putchar  BUILD/NUCLEO_F411RE/ARMC6/mbed-os/platform/source/minimal-printf/mbed_printf_implementation.o
    0x0800860c   0x0000005c   Code   RO        25581    .text.mbed_mpu_init  BUILD/NUCLEO_F411RE/ARMC6/mbed-os/hal/source/mpu/mbed_mpu_v7m.o
    0x08008668   0x00000004   Code   RO         1112    .text.mbed_rtos_init  BUILD/NUCLEO_F411RE/ARMC6/mbed-os/cmsis/device/rtos/source/mbed_rtos_rtx.o
    0x0800866c   0x00000024   Code   RO         1116    .text.mbed_rtos_init_singleton_mutex  BUILD/NUCLEO_F411RE/ARMC6/mbed-os/cmsis/device/rtos/source/mbed_rtos_rtx.o
    0x08008690   0x00000068   Code   RO         1114    .text.mbed_rtos_start  BUILD/NUCLEO_F411RE/ARMC6/mbed-os/cmsis/device/rtos/source/mbed_rtos_rtx.o
    0x080086f8   0x00000038   Code   RO        32339    .text.mbed_sdk_init  BUILD/NUCLEO_F411RE/ARMC6/mbed-os/targets/TARGET_STM/mbed_overrides.o
    0x08008730   0x0000001e   Code   RO         1100    .text.mbed_start    BUILD/NUCLEO_F411RE/ARMC6/mbed-os/cmsis/device/rtos/source/mbed_boot.o
    0x0800874e   0x0000001e   Code   RO        22886    .text.mbed_tiny_compute_crc32  BUILD/NUCLEO_F411RE/ARMC6/mbed-os/drivers/source/MbedCRC.o
    0x0800876c   0x00000018   Code   RO         1076    .text.mbed_toolchain_init  BUILD/NUCLEO_F411RE/ARMC6/mbed-os/cmsis/device/rtos/TOOLCHAIN_ARM_STD/mbed_boot_arm_std.o
    0x08008784   0x00000084   Code   RO        26467    .text.open          BUILD/NUCLEO_F411RE/ARMC6/mbed-os/platform/source/mbed_retarget.o
    0x08008808   0x00000030   Code   RO          603    .text.osKernelGetState  BUILD/NUCLEO_F411RE/ARMC6/mbed-os/cmsis/CMSIS_5/CMSIS/RTOS2/RTX/Source/rtx_kernel.o
    0x08008838   0x0000002c   Code   RO          597    .text.osKernelInitialize  BUILD/NUCLEO_F411RE/ARMC6/mbed-os/cmsis/CMSIS_5/CMSIS/RTOS2/RTX/Source/rtx_kernel.o
    0x08008864   0x00000028   Code   RO          607    .text.osKernelStart  BUILD/NUCLEO_F411RE/ARMC6/mbed-os/cmsis/CMSIS_5/CMSIS/RTOS2/RTX/Source/rtx_kernel.o
    0x0800888c   0x00000070   Code   RO          739    .text.osMessageQueueGet  BUILD/NUCLEO_F411RE/ARMC6/mbed-os/cmsis/CMSIS_5/CMSIS/RTOS2/RTX/Source/rtx_msgqueue.o
    0x080088fc   0x00000034   Code   RO          733    .text.osMessageQueueNew  BUILD/NUCLEO_F411RE/ARMC6/mbed-os/cmsis/CMSIS_5/CMSIS/RTOS2/RTX/Source/rtx_msgqueue.o
    0x08008930   0x0000007c   Code   RO          737    .text.osMessageQueuePut  BUILD/NUCLEO_F411RE/ARMC6/mbed-os/cmsis/CMSIS_5/CMSIS/RTOS2/RTX/Source/rtx_msgqueue.o
    0x080089ac   0x0000002c   Code   RO          795    .text.osMutexAcquire  BUILD/NUCLEO_F411RE/ARMC6/mbed-os/cmsis/CMSIS_5/CMSIS/RTOS2/RTX/Source/rtx_mutex.o
    0x080089d8   0x0000002c   Code   RO          801    .text.osMutexDelete  BUILD/NUCLEO_F411RE/ARMC6/mbed-os/cmsis/CMSIS_5/CMSIS/RTOS2/RTX/Source/rtx_mutex.o
    0x08008a04   0x00000034   Code   RO          791    .text.osMutexNew    BUILD/NUCLEO_F411RE/ARMC6/mbed-os/cmsis/CMSIS_5/CMSIS/RTOS2/RTX/Source/rtx_mutex.o
    0x08008a38   0x0000002c   Code   RO          797    .text.osMutexRelease  BUILD/NUCLEO_F411RE/ARMC6/mbed-os/cmsis/CMSIS_5/CMSIS/RTOS2/RTX/Source/rtx_mutex.o
    0x08008a64   0x00000050   Code   RO         1131    .text.osRtxErrorNotify  BUILD/NUCLEO_F411RE/ARMC6/mbed-os/cmsis/device/rtos/source/mbed_rtx_handlers.o
    0x08008ab4   0x00000004   Code   RO         1129    .text.osRtxIdleThread  BUILD/NUCLEO_F411RE/ARMC6/mbed-os/cmsis/device/rtos/source/mbed_rtx_handlers.o
    0x08008ab8   0x0000006c   Code   RO          679    .text.osRtxMemoryAlloc  BUILD/NUCLEO_F411RE/ARMC6/mbed-os/cmsis/CMSIS_5/CMSIS/RTOS2/RTX/Source/rtx_memory.o
    0x08008b24   0x00000042   Code   RO          681    .text.osRtxMemoryFree  BUILD/NUCLEO_F411RE/ARMC6/mbed-os/cmsis/CMSIS_5/CMSIS/RTOS2/RTX/Source/rtx_memory.o
    0x08008b66   0x00000036   Code   RO          677    .text.osRtxMemoryInit  BUILD/NUCLEO_F411RE/ARMC6/mbed-os/cmsis/CMSIS_5/CMSIS/RTOS2/RTX/Source/rtx_memory.o
    0x08008b9c   0x0000003a   Code   RO          687    .text.osRtxMemoryPoolAlloc  BUILD/NUCLEO_F411RE/ARMC6/mbed-os/cmsis/CMSIS_5/CMSIS/RTOS2/RTX/Source/rtx_mempool.o
    0x08008bd6   0x0000004a   Code   RO          689    .text.osRtxMemoryPoolFree  BUILD/NUCLEO_F411RE/ARMC6/mbed-os/cmsis/CMSIS_5/CMSIS/RTOS2/RTX/Source/rtx_mempool.o
    0x08008c20   0x00000038   Code   RO          685    .text.osRtxMemoryPoolInit  BUILD/NUCLEO_F411RE/ARMC6/mbed-os/cmsis/CMSIS_5/CMSIS/RTOS2/RTX/Source/rtx_mempool.o
    0x08008c58   0x000000aa   Code   RO          763    .text.osRtxMessageQueuePostProcess  BUILD/NUCLEO_F411RE/ARMC6/mbed-os/cmsis/CMSIS_5/CMSIS/RTOS2/RTX/Source/rtx_msgqueue.o
    0x08008d02   0x00000048   Code   RO          787    .text.osRtxMutexOwnerRelease  BUILD/NUCLEO_F411RE/ARMC6/mbed-os/cmsis/CMSIS_5/CMSIS/RTOS2/RTX/Source/rtx_mutex.o
    0x08008d4a   0x00000042   Code   RO          789    .text.osRtxMutexOwnerRestore  BUILD/NUCLEO_F411RE/ARMC6/mbed-os/cmsis/CMSIS_5/CMSIS/RTOS2/RTX/Source/rtx_mutex.o
    0x08008d8c   0x00000088   Code   RO          859    .text.osRtxPendSV_Handler  BUILD/NUCLEO_F411RE/ARMC6/mbed-os/cmsis/CMSIS_5/CMSIS/RTOS2/RTX/Source/rtx_system.o
    0x08008e14   0x00000070   Code   RO          861    .text.osRtxPostProcess  BUILD/NUCLEO_F411RE/ARMC6/mbed-os/cmsis/CMSIS_5/CMSIS/RTOS2/RTX/Source/rtx_system.o
    0x08008e84   0x00000034   Code   RO          887    .text.osRtxThreadBlock  BUILD/NUCLEO_F411RE/ARMC6/mbed-os/cmsis/CMSIS_5/CMSIS/RTOS2/RTX/Source/rtx_thread.o
    0x08008eb8   0x0000007c   Code   RO          895    .text.osRtxThreadDelayInsert  BUILD/NUCLEO_F411RE/ARMC6/mbed-os/cmsis/CMSIS_5/CMSIS/RTOS2/RTX/Source/rtx_thread.o
    0x08008f34   0x00000038   Code   RO          891    .text.osRtxThreadDelayRemove  BUILD/NUCLEO_F411RE/ARMC6/mbed-os/cmsis/CMSIS_5/CMSIS/RTOS2/RTX/Source/rtx_thread.o
    0x08008f6c   0x00000048   Code   RO          875    .text.osRtxThreadDelayTick  BUILD/NUCLEO_F411RE/ARMC6/mbed-os/cmsis/CMSIS_5/CMSIS/RTOS2/RTX/Source/rtx_thread.o
    0x08008fb4   0x00000054   Code   RO          885    .text.osRtxThreadDispatch  BUILD/NUCLEO_F411RE/ARMC6/mbed-os/cmsis/CMSIS_5/CMSIS/RTOS2/RTX/Source/rtx_thread.o
    0x08009008   0x00000054   Code   RO          971    .text.osRtxThreadFree  BUILD/NUCLEO_F411RE/ARMC6/mbed-os/cmsis/CMSIS_5/CMSIS/RTOS2/RTX/Source/rtx_thread.o
    0x0800905c   0x00000012   Code   RO          867    .text.osRtxThreadListGet  BUILD/NUCLEO_F411RE/ARMC6/mbed-os/cmsis/CMSIS_5/CMSIS/RTOS2/RTX/Source/rtx_thread.o
    0x0800906e   0x0000002c   Code   RO          865    .text.osRtxThreadListPut  BUILD/NUCLEO_F411RE/ARMC6/mbed-os/cmsis/CMSIS_5/CMSIS/RTOS2/RTX/Source/rtx_thread.o
    0x0800909a   0x00000014   Code   RO          871    .text.osRtxThreadListRemove  BUILD/NUCLEO_F411RE/ARMC6/mbed-os/cmsis/CMSIS_5/CMSIS/RTOS2/RTX/Source/rtx_thread.o
    0x080090ae   0x0000000c   Code   RO          877    .text.osRtxThreadListRoot  BUILD/NUCLEO_F411RE/ARMC6/mbed-os/cmsis/CMSIS_5/CMSIS/RTOS2/RTX/Source/rtx_thread.o
    0x080090ba   0x00000026   Code   RO          869    .text.osRtxThreadListSort  BUILD/NUCLEO_F411RE/ARMC6/mbed-os/cmsis/CMSIS_5/CMSIS/RTOS2/RTX/Source/rtx_thread.o
    0x080090e0   0x00000020   Code   RO          945    .text.osRtxThreadPostProcess  BUILD/NUCLEO_F411RE/ARMC6/mbed-os/cmsis/CMSIS_5/CMSIS/RTOS2/RTX/Source/rtx_thread.o
    0x08009100   0x00000010   Code   RO          873    .text.osRtxThreadReadyPut  BUILD/NUCLEO_F411RE/ARMC6/mbed-os/cmsis/CMSIS_5/CMSIS/RTOS2/RTX/Source/rtx_thread.o
    0x08009110   0x00000014   Code   RO          879    .text.osRtxThreadRegPtr  BUILD/NUCLEO_F411RE/ARMC6/mbed-os/cmsis/CMSIS_5/CMSIS/RTOS2/RTX/Source/rtx_thread.o
    0x08009124   0x00000028   Code   RO          883    .text.osRtxThreadStackCheck  BUILD/NUCLEO_F411RE/ARMC6/mbed-os/cmsis/CMSIS_5/CMSIS/RTOS2/RTX/Source/rtx_thread.o
    0x0800914c   0x00000034   Code   RO          897    .text.osRtxThreadStartup  BUILD/NUCLEO_F411RE/ARMC6/mbed-os/cmsis/CMSIS_5/CMSIS/RTOS2/RTX/Source/rtx_thread.o
    0x08009180   0x0000000c   Code   RO          881    .text.osRtxThreadSwitch  BUILD/NUCLEO_F411RE/ARMC6/mbed-os/cmsis/CMSIS_5/CMSIS/RTOS2/RTX/Source/rtx_thread.o
    0x0800918c   0x0000003c   Code   RO          893    .text.osRtxThreadWaitEnter  BUILD/NUCLEO_F411RE/ARMC6/mbed-os/cmsis/CMSIS_5/CMSIS/RTOS2/RTX/Source/rtx_thread.o
    0x080091c8   0x00000030   Code   RO          889    .text.osRtxThreadWaitExit  BUILD/NUCLEO_F411RE/ARMC6/mbed-os/cmsis/CMSIS_5/CMSIS/RTOS2/RTX/Source/rtx_thread.o
    0x080091f8   0x00000074   Code   RO          857    .text.osRtxTick_Handler  BUILD/NUCLEO_F411RE/ARMC6/mbed-os/cmsis/CMSIS_5/CMSIS/RTOS2/RTX/Source/rtx_system.o
    0x0800926c   0x0000003c   Code   RO         1015    .text.osRtxTimerThread  BUILD/NUCLEO_F411RE/ARMC6/mbed-os/cmsis/CMSIS_5/CMSIS/RTOS2/RTX/Source/rtx_timer.o
    0x080092a8   0x00000054   Code   RO         1017    .text.osRtxTimerTick  BUILD/NUCLEO_F411RE/ARMC6/mbed-os/cmsis/CMSIS_5/CMSIS/RTOS2/RTX/Source/rtx_timer.o
    0x080092fc   0x0000001c   Code   RO          929    .text.osThreadExit  BUILD/NUCLEO_F411RE/ARMC6/mbed-os/cmsis/CMSIS_5/CMSIS/RTOS2/RTX/Source/rtx_thread.o
    0x08009318   0x00000028   Code   RO          905    .text.osThreadGetId  BUILD/NUCLEO_F411RE/ARMC6/mbed-os/cmsis/CMSIS_5/CMSIS/RTOS2/RTX/Source/rtx_thread.o
    0x08009340   0x00000034   Code   RO          901    .text.osThreadNew   BUILD/NUCLEO_F411RE/ARMC6/mbed-os/cmsis/CMSIS_5/CMSIS/RTOS2/RTX/Source/rtx_thread.o
    0x08009374   0x00000020   Code   RO         1080    .text.os_kernel_is_active  BUILD/NUCLEO_F411RE/ARMC6/mbed-os/cmsis/device/rtos/TOOLCHAIN_ARM_STD/mbed_boot_arm_std.o
    0x08009394   0x00000024   Code   RO        26831    .text.parse_string_to_integer  BUILD/NUCLEO_F411RE/ARMC6/mbed-os/platform/source/minimal-printf/mbed_printf_implementation.o
    0x080093b8   0x000000e0   Code   RO        32345    .text.pin_function  BUILD/NUCLEO_F411RE/ARMC6/mbed-os/targets/TARGET_STM/pinmap.o
    0x08009498   0x00000078   Code   RO        32349    .text.pin_mode      BUILD/NUCLEO_F411RE/ARMC6/mbed-os/targets/TARGET_STM/pinmap.o
    0x08009510   0x00000022   Code   RO        25490    .text.pinmap_find_function  BUILD/NUCLEO_F411RE/ARMC6/mbed-os/hal/source/mbed_pinmap_common.o
    0x08009532   0x00000022   Code   RO        25486    .text.pinmap_find_peripheral  BUILD/NUCLEO_F411RE/ARMC6/mbed-os/hal/source/mbed_pinmap_common.o
    0x08009554   0x00000024   Code   RO        25484    .text.pinmap_merge  BUILD/NUCLEO_F411RE/ARMC6/mbed-os/hal/source/mbed_pinmap_common.o
    0x08009578   0x00000028   Code   RO        25488    .text.pinmap_peripheral  BUILD/NUCLEO_F411RE/ARMC6/mbed-os/hal/source/mbed_pinmap_common.o
    0x080095a0   0x0000015c   Code   RO        26131    .text.print_context_info  BUILD/NUCLEO_F411RE/ARMC6/mbed-os/platform/source/TARGET_CORTEX_M/mbed_fault_handler.o
    0x080096fc   0x00000030   Code   RO        32374    .text.pwmout_init   BUILD/NUCLEO_F411RE/ARMC6/mbed-os/targets/TARGET_STM/pwmout_api.o
    0x0800972c   0x0000013c   Code   RO        32370    .text.pwmout_init_direct  BUILD/NUCLEO_F411RE/ARMC6/mbed-os/targets/TARGET_STM/pwmout_api.o
    0x08009868   0x00000018   Code   RO        32382    .text.pwmout_period  BUILD/NUCLEO_F411RE/ARMC6/mbed-os/targets/TARGET_STM/pwmout_api.o
    0x08009880   0x00000128   Code   RO        32372    .text.pwmout_period_us  BUILD/NUCLEO_F411RE/ARMC6/mbed-os/targets/TARGET_STM/pwmout_api.o
    0x080099a8   0x00000038   Code   RO        32380    .text.pwmout_read   BUILD/NUCLEO_F411RE/ARMC6/mbed-os/targets/TARGET_STM/pwmout_api.o
    0x080099e0   0x0000011c   Code   RO        32378    .text.pwmout_write  BUILD/NUCLEO_F411RE/ARMC6/mbed-os/targets/TARGET_STM/pwmout_api.o
    0x08009afc   0x00000014   Code   RO        32563    .text.restore_timer_ctx  BUILD/NUCLEO_F411RE/ARMC6/mbed-os/targets/TARGET_STM/us_ticker.o
    0x08009b10   0x0000000c   Code   RO         1144    .text.rtos_idle_loop  BUILD/NUCLEO_F411RE/ARMC6/mbed-os/cmsis/device/rtos/source/mbed_rtx_idle.o
    0x08009b1c   0x0000001c   Code   RO        32561    .text.save_timer_ctx  BUILD/NUCLEO_F411RE/ARMC6/mbed-os/targets/TARGET_STM/us_ticker.o
    0x08009b38   0x000000ca   Code   RO        25535    .text.schedule_interrupt  BUILD/NUCLEO_F411RE/ARMC6/mbed-os/hal/source/mbed_ticker_api.o
    0x08009c02   0x00000006   Code   RO        32446    .text.serial_baud   BUILD/NUCLEO_F411RE/ARMC6/mbed-os/targets/TARGET_STM/serial_api.o
    0x08009c08   0x0000003c   Code   RO        32104    .text.serial_getc   BUILD/NUCLEO_F411RE/ARMC6/mbed-os/targets/TARGET_STM/TARGET_STM32F4/serial_device.o
    0x08009c44   0x000000dc   Code   RO        32436    .text.serial_init_direct  BUILD/NUCLEO_F411RE/ARMC6/mbed-os/targets/TARGET_STM/serial_api.o
    0x08009d20   0x00000044   Code   RO        32466    .text.serial_is_tx_ongoing  BUILD/NUCLEO_F411RE/ARMC6/mbed-os/targets/TARGET_STM/serial_api.o
    0x08009d64   0x00000024   Code   RO        32106    .text.serial_putc   BUILD/NUCLEO_F411RE/ARMC6/mbed-os/targets/TARGET_STM/TARGET_STM32F4/serial_device.o
    0x08009d88   0x0000002c   Code   RO        32458    .text.serial_readable  BUILD/NUCLEO_F411RE/ARMC6/mbed-os/targets/TARGET_STM/serial_api.o
    0x08009db4   0x00000018   Code   RO        32460    .text.serial_writable  BUILD/NUCLEO_F411RE/ARMC6/mbed-os/targets/TARGET_STM/serial_api.o
    0x08009dcc   0x000000f8   Code   RO          357    .text.set_sequence_step_timeout  BUILD/NUCLEO_F411RE/ARMC6/VL53L0X/core/src/vl53l0x_api_core.o
    0x08009ec4   0x00000024   Code   RO        26416    .text.sleep_manager_lock_deep_sleep_internal  BUILD/NUCLEO_F411RE/ARMC6/mbed-os/platform/source/mbed_power_mgmt.o
    0x08009ee8   0x00000020   Code   RO        26424    .text.sleep_manager_sleep_auto  BUILD/NUCLEO_F411RE/ARMC6/mbed-os/platform/source/mbed_power_mgmt.o
    0x08009f08   0x00000030   Code   RO        26418    .text.sleep_manager_unlock_deep_sleep_internal  BUILD/NUCLEO_F411RE/ARMC6/mbed-os/platform/source/mbed_power_mgmt.o
    0x08009f38   0x0000003a   Code   RO        32347    .text.stm_pin_PullConfig  BUILD/NUCLEO_F411RE/ARMC6/mbed-os/targets/TARGET_STM/pinmap.o
    0x08009f72   0x00000002   PAD
    0x08009f74   0x00000008   Code   RO          605    .text.svcRtxKernelGetState  BUILD/NUCLEO_F411RE/ARMC6/mbed-os/cmsis/CMSIS_5/CMSIS/RTOS2/RTX/Source/rtx_kernel.o
    0x08009f7c   0x00000104   Code   RO          635    .text.svcRtxKernelInitialize  BUILD/NUCLEO_F411RE/ARMC6/mbed-os/cmsis/CMSIS_5/CMSIS/RTOS2/RTX/Source/rtx_kernel.o
    0x0800a080   0x00000094   Code   RO          637    .text.svcRtxKernelStart  BUILD/NUCLEO_F411RE/ARMC6/mbed-os/cmsis/CMSIS_5/CMSIS/RTOS2/RTX/Source/rtx_kernel.o
    0x0800a114   0x000000d0   Code   RO          775    .text.svcRtxMessageQueueGet  BUILD/NUCLEO_F411RE/ARMC6/mbed-os/cmsis/CMSIS_5/CMSIS/RTOS2/RTX/Source/rtx_msgqueue.o
    0x0800a1e4   0x0000013c   Code   RO          761    .text.svcRtxMessageQueueNew  BUILD/NUCLEO_F411RE/ARMC6/mbed-os/cmsis/CMSIS_5/CMSIS/RTOS2/RTX/Source/rtx_msgqueue.o
    0x0800a320   0x000000c0   Code   RO          771    .text.svcRtxMessageQueuePut  BUILD/NUCLEO_F411RE/ARMC6/mbed-os/cmsis/CMSIS_5/CMSIS/RTOS2/RTX/Source/rtx_msgqueue.o
    0x0800a3e0   0x0000009c   Code   RO          807    .text.svcRtxMutexAcquire  BUILD/NUCLEO_F411RE/ARMC6/mbed-os/cmsis/CMSIS_5/CMSIS/RTOS2/RTX/Source/rtx_mutex.o
    0x0800a47c   0x000000ac   Code   RO          813    .text.svcRtxMutexDelete  BUILD/NUCLEO_F411RE/ARMC6/mbed-os/cmsis/CMSIS_5/CMSIS/RTOS2/RTX/Source/rtx_mutex.o
    0x0800a528   0x00000078   Code   RO          803    .text.svcRtxMutexNew  BUILD/NUCLEO_F411RE/ARMC6/mbed-os/cmsis/CMSIS_5/CMSIS/RTOS2/RTX/Source/rtx_mutex.o
    0x0800a5a0   0x000000c4   Code   RO          809    .text.svcRtxMutexRelease  BUILD/NUCLEO_F411RE/ARMC6/mbed-os/cmsis/CMSIS_5/CMSIS/RTOS2/RTX/Source/rtx_mutex.o
    0x0800a664   0x00000064   Code   RO          975    .text.svcRtxThreadExit  BUILD/NUCLEO_F411RE/ARMC6/mbed-os/cmsis/CMSIS_5/CMSIS/RTOS2/RTX/Source/rtx_thread.o
    0x0800a6c8   0x0000000c   Code   RO          907    .text.svcRtxThreadGetId  BUILD/NUCLEO_F411RE/ARMC6/mbed-os/cmsis/CMSIS_5/CMSIS/RTOS2/RTX/Source/rtx_thread.o
    0x0800a6d4   0x00000204   Code   RO          899    .text.svcRtxThreadNew  BUILD/NUCLEO_F411RE/ARMC6/mbed-os/cmsis/CMSIS_5/CMSIS/RTOS2/RTX/Source/rtx_thread.o
    0x0800a8d8   0x00000004   Code   RO        26300    .text.system_reset  BUILD/NUCLEO_F411RE/ARMC6/mbed-os/platform/source/mbed_error.o
    0x0800a8dc   0x0000005e   Code   RO        25531    .text.ticker_irq_handler  BUILD/NUCLEO_F411RE/ARMC6/mbed-os/hal/source/mbed_ticker_api.o
    0x0800a93a   0x00000020   Code   RO        25547    .text.ticker_read_us  BUILD/NUCLEO_F411RE/ARMC6/mbed-os/hal/source/mbed_ticker_api.o
    0x0800a95a   0x00000002   PAD
    0x0800a95c   0x00000024   Code   RO        32545    .text.timer_irq_handler  BUILD/NUCLEO_F411RE/ARMC6/mbed-os/targets/TARGET_STM/us_ticker.o
    0x0800a980   0x0000007c   Code   RO        25533    .text.update_present_time  BUILD/NUCLEO_F411RE/ARMC6/mbed-os/hal/source/mbed_ticker_api.o
    0x0800a9fc   0x0000000c   Code   RO        32559    .text.us_ticker_clear_interrupt  BUILD/NUCLEO_F411RE/ARMC6/mbed-os/targets/TARGET_STM/us_ticker.o
    0x0800aa08   0x00000010   Code   RO        32557    .text.us_ticker_disable_interrupt  BUILD/NUCLEO_F411RE/ARMC6/mbed-os/targets/TARGET_STM/us_ticker.o
    0x0800aa18   0x0000001c   Code   RO        32555    .text.us_ticker_fire_interrupt  BUILD/NUCLEO_F411RE/ARMC6/mbed-os/targets/TARGET_STM/us_ticker.o
    0x0800aa34   0x00000008   Code   RO        32543    .text.us_ticker_get_info  BUILD/NUCLEO_F411RE/ARMC6/mbed-os/targets/TARGET_STM/us_ticker.o
    0x0800aa3c   0x00000014   Code   RO        32549    .text.us_ticker_init  BUILD/NUCLEO_F411RE/ARMC6/mbed-os/targets/TARGET_STM/us_ticker.o
    0x0800aa50   0x00000014   Code   RO        25571    .text.us_ticker_irq_handler  BUILD/NUCLEO_F411RE/ARMC6/mbed-os/hal/source/mbed_us_ticker_api.o
    0x0800aa64   0x0000000c   Code   RO        32551    .text.us_ticker_read  BUILD/NUCLEO_F411RE/ARMC6/mbed-os/targets/TARGET_STM/us_ticker.o
    0x0800aa70   0x0000001c   Code   RO        32553    .text.us_ticker_set_interrupt  BUILD/NUCLEO_F411RE/ARMC6/mbed-os/targets/TARGET_STM/us_ticker.o
    0x0800aa8c   0x0000002a   Code   RO        26479    .text.write         BUILD/NUCLEO_F411RE/ARMC6/mbed-os/platform/source/mbed_retarget.o
    0x0800aab6   0x0000001a   Code   RO        32695    i.fputc             /Library/Application Support/Mbed Studio/mbed-studio-tools/ac6/bin/../lib/armlib/c_w.l(fputc.o)
    0x0800aad0   0x00000150   Code   RO        32806    x$fpl$dadd          /Library/Application Support/Mbed Studio/mbed-studio-tools/ac6/bin/../lib/armlib/fz_wm.l(daddsub_clz.o)
    0x0800ac20   0x0000005a   Code   RO        32818    x$fpl$dfixu         /Library/Application Support/Mbed Studio/mbed-studio-tools/ac6/bin/../lib/armlib/fz_wm.l(dfixu.o)
    0x0800ac7a   0x0000009c   Code   RO        33067    x$fpl$dnaninf       /Library/Application Support/Mbed Studio/mbed-studio-tools/ac6/bin/../lib/armlib/fz_wm.l(dnaninf.o)
    0x0800ad16   0x0000000c   Code   RO        33069    x$fpl$dretinf       /Library/Application Support/Mbed Studio/mbed-studio-tools/ac6/bin/../lib/armlib/fz_wm.l(dretinf.o)
    0x0800ad22   0x00000002   PAD
    0x0800ad24   0x000001dc   Code   RO        32808    x$fpl$dsub          /Library/Application Support/Mbed Studio/mbed-studio-tools/ac6/bin/../lib/armlib/fz_wm.l(daddsub_clz.o)
    0x0800af00   0x00000056   Code   RO        32830    x$fpl$f2d           /Library/Application Support/Mbed Studio/mbed-studio-tools/ac6/bin/../lib/armlib/fz_wm.l(f2d.o)
    0x0800af56   0x0000008c   Code   RO        33071    x$fpl$fnaninf       /Library/Application Support/Mbed Studio/mbed-studio-tools/ac6/bin/../lib/armlib/fz_wm.l(fnaninf.o)
    0x0800afe2   0x0000001a   Code   RO        33189    x$fpl$fpinit        /Library/Application Support/Mbed Studio/mbed-studio-tools/ac6/bin/../lib/armlib/fz_wm.l(fpinit.o)
    0x0800affc   0x00000000   Code   RO        33075    x$fpl$usenofp       /Library/Application Support/Mbed Studio/mbed-studio-tools/ac6/bin/../lib/armlib/fz_wm.l(usenofp.o)
    0x0800affc   0x000000a0   Data   RO          667    .rodata             BUILD/NUCLEO_F411RE/ARMC6/mbed-os/cmsis/CMSIS_5/CMSIS/RTOS2/RTX/Source/rtx_lib.o
    0x0800b09c   0x00000010   Data   RO         1123    .rodata..L__const.mbed_rtos_init_singleton_mutex.singleton_mutex_attr  BUILD/NUCLEO_F411RE/ARMC6/mbed-os/cmsis/device/rtos/source/mbed_rtos_rtx.o
    0x0800b0ac   0x00000010   Data   RO        32024    .rodata.AHBPrescTable  BUILD/NUCLEO_F411RE/ARMC6/mbed-os/targets/TARGET_STM/TARGET_STM32F4/STM32Cube_FW/system_stm32f4xx.o
    0x0800b0bc   0x00000008   Data   RO        32025    .rodata.APBPrescTable  BUILD/NUCLEO_F411RE/ARMC6/mbed-os/targets/TARGET_STM/TARGET_STM32F4/STM32Cube_FW/system_stm32f4xx.o
    0x0800b0c4   0x00000030   Data   RO        32031    .rodata.PinMap_I2C_SCL  BUILD/NUCLEO_F411RE/ARMC6/mbed-os/targets/TARGET_STM/TARGET_STM32F4/TARGET_STM32F411xE/TARGET_NUCLEO_F411RE/PeripheralPins.o
    0x0800b0f4   0x00000060   Data   RO        32030    .rodata.PinMap_I2C_SDA  BUILD/NUCLEO_F411RE/ARMC6/mbed-os/targets/TARGET_STM/TARGET_STM32F4/TARGET_STM32F411xE/TARGET_NUCLEO_F411RE/PeripheralPins.o
    0x0800b154   0x0000018c   Data   RO        32032    .rodata.PinMap_PWM  BUILD/NUCLEO_F411RE/ARMC6/mbed-os/targets/TARGET_STM/TARGET_STM32F4/TARGET_STM32F411xE/TARGET_NUCLEO_F411RE/PeripheralPins.o
    0x0800b2e0   0x00000050   Data   RO        26617    .rodata._ZTV12DirectSerial  BUILD/NUCLEO_F411RE/ARMC6/mbed-os/platform/source/mbed_retarget.o
    0x0800b330   0x00000010   Data   RO        22883    .rodata._ZTVN4mbed11InterruptInE  BUILD/NUCLEO_F411RE/ARMC6/mbed-os/drivers/source/InterruptIn.o
    0x0800b340   0x00000018   Data   RO        22824    .rodata._ZTVN4mbed3I2CE  BUILD/NUCLEO_F411RE/ARMC6/mbed-os/drivers/source/I2C.o
    0x0800b358   0x00000018   Data   RO        26624    .rodata._ZZL15default_consolevE14console_pinmap  BUILD/NUCLEO_F411RE/ARMC6/mbed-os/platform/source/mbed_retarget.o
    0x0800b370   0x00000008   Data   RO        26613    .rodata.__stderr_name  BUILD/NUCLEO_F411RE/ARMC6/mbed-os/platform/source/mbed_retarget.o
    0x0800b378   0x00000007   Data   RO        26611    .rodata.__stdin_name  BUILD/NUCLEO_F411RE/ARMC6/mbed-os/platform/source/mbed_retarget.o
    0x0800b37f   0x00000008   Data   RO        26612    .rodata.__stdout_name  BUILD/NUCLEO_F411RE/ARMC6/mbed-os/platform/source/mbed_retarget.o
    0x0800b387   0x00000001   PAD
    0x0800b388   0x00000040   Data   RO        32351    .rodata.ll_pin_defines  BUILD/NUCLEO_F411RE/ARMC6/mbed-os/targets/TARGET_STM/pinmap.o
    0x0800b3c8   0x00000004   Data   RO          669    .rodata.osRtxUserSVC  BUILD/NUCLEO_F411RE/ARMC6/mbed-os/cmsis/CMSIS_5/CMSIS/RTOS2/RTX/Source/rtx_lib.o
    0x0800b3cc   0x00000024   Data   RO          664    .rodata.os_idle_thread_attr  BUILD/NUCLEO_F411RE/ARMC6/mbed-os/cmsis/CMSIS_5/CMSIS/RTOS2/RTX/Source/rtx_lib.o
    0x0800b3f0   0x00000018   Data   RO          666    .rodata.os_timer_mq_attr  BUILD/NUCLEO_F411RE/ARMC6/mbed-os/cmsis/CMSIS_5/CMSIS/RTOS2/RTX/Source/rtx_lib.o
    0x0800b408   0x00000024   Data   RO          665    .rodata.os_timer_thread_attr  BUILD/NUCLEO_F411RE/ARMC6/mbed-os/cmsis/CMSIS_5/CMSIS/RTOS2/RTX/Source/rtx_lib.o
    0x0800b42c   0x000000c0   Data   RO        32090    .rodata.pin_lines_desc  BUILD/NUCLEO_F411RE/ARMC6/mbed-os/targets/TARGET_STM/TARGET_STM32F4/gpio_irq_device.o
    0x0800b4ec   0x00000048   Data   RO        32092    .rodata.pwm_apb_map_table  BUILD/NUCLEO_F411RE/ARMC6/mbed-os/targets/TARGET_STM/TARGET_STM32F4/pwmout_device.o
    0x0800b534   0x00000013   Data   RO          670    .rodata.str1.1      BUILD/NUCLEO_F411RE/ARMC6/mbed-os/cmsis/CMSIS_5/CMSIS/RTOS2/RTX/Source/rtx_lib.o
    0x0800b547   0x00000010   Data   RO         1121    .rodata.str1.1      BUILD/NUCLEO_F411RE/ARMC6/mbed-os/cmsis/device/rtos/source/mbed_rtos_rtx.o
    0x0800b557   0x000000c8   Data   RO        26135    .rodata.str1.1      BUILD/NUCLEO_F411RE/ARMC6/mbed-os/platform/source/TARGET_CORTEX_M/mbed_fault_handler.o
    0x0800b61f   0x00000017   Data   RO        32401    .rodata.str1.1      BUILD/NUCLEO_F411RE/ARMC6/mbed-os/targets/TARGET_STM/pwmout_api.o
    0x0800b636   0x00000002   PAD
    0x0800b638   0x0000000b   Data   RO          657    .rodata.str1.4      BUILD/NUCLEO_F411RE/ARMC6/mbed-os/cmsis/CMSIS_5/CMSIS/RTOS2/RTX/Source/rtx_kernel.o
    0x0800b643   0x00000001   PAD
    0x0800b644   0x00000008   Data   RO        25575    .rodata.us_data     BUILD/NUCLEO_F411RE/ARMC6/mbed-os/hal/source/mbed_us_ticker_api.o
    0x0800b64c   0x00000024   Data   RO        25577    .rodata.us_interface  BUILD/NUCLEO_F411RE/ARMC6/mbed-os/hal/source/mbed_us_ticker_api.o
    0x0800b670   0x00000008   Data   RO        32567    .rodata.us_ticker_get_info.info  BUILD/NUCLEO_F411RE/ARMC6/mbed-os/targets/TARGET_STM/us_ticker.o
    0x0800b678   0x00000020   Data   RO        33346    Region$$Table       anon$$obj.o
    0x0800b698   0x00000004   Data   RO          462    .init_array         BUILD/NUCLEO_F411RE/ARMC6/main.o
    0x0800b69c   0x00000000   Data   RO        32801    .init_array         /Library/Application Support/Mbed Studio/mbed-studio-tools/ac6/bin/../lib/armlib/c_w.l(init_aeabi.o)


    Execution Region RW_m_crash_data (Base: 0x20000198, Size: 0x00000100, Max: 0x00000100, ABSOLUTE)

    Base Addr    Size         Type   Attr      Idx    E Section Name        Object

    0x20000198   0x00000100   Zero   RW            1    RW_m_crash_data.bss  anon$$obj.o


    Execution Region RW_IRAM1 (Base: 0x20000298, Size: 0x00002848, Max: 0x0001fd68, ABSOLUTE, COMPRESSED[0x000002a8])

    Base Addr    Size         Type   Attr      Idx    E Section Name        Object

    0x20000298   0x00000004   Data   RW        32719    .data               /Library/Application Support/Mbed Studio/mbed-studio-tools/ac6/bin/../lib/armlib/c_w.l(stdio_streams.o)
    0x2000029c   0x00000004   Data   RW        32720    .data               /Library/Application Support/Mbed Studio/mbed-studio-tools/ac6/bin/../lib/armlib/c_w.l(stdio_streams.o)
    0x200002a0   0x00000004   Data   RW        32721    .data               /Library/Application Support/Mbed Studio/mbed-studio-tools/ac6/bin/../lib/armlib/c_w.l(stdio_streams.o)
    0x200002a4   0x00000004   Data   RW        32982    .data               /Library/Application Support/Mbed Studio/mbed-studio-tools/ac6/bin/../lib/armlib/c_w.l(streamlock.o)
    0x200002a8   0x00000008   Data   RW        28838    .data..L_MergedGlobals  BUILD/NUCLEO_F411RE/ARMC6/mbed-os/targets/TARGET_STM/TARGET_STM32F4/STM32Cube_FW/STM32F4xx_HAL_Driver/stm32f4xx_hal.o
    0x200002b0   0x000000f3   Data   RW          268    .data.DefaultTuningSettings  BUILD/NUCLEO_F411RE/ARMC6/VL53L0X/core/src/vl53l0x_api.o
    0x200003a3   0x000001b6   Data   RW          269    .data.InterruptThresholdSettings  BUILD/NUCLEO_F411RE/ARMC6/VL53L0X/core/src/vl53l0x_api.o
    0x20000559   0x00000003   PAD
    0x2000055c   0x00000004   Data   RW        32023    .data.SystemCoreClock  BUILD/NUCLEO_F411RE/ARMC6/mbed-os/targets/TARGET_STM/TARGET_STM32F4/STM32Cube_FW/system_stm32f4xx.o
    0x20000560   0x00000040   Data   RW        26623    .data._ZL11filehandles  BUILD/NUCLEO_F411RE/ARMC6/mbed-os/platform/source/mbed_retarget.o
    0x200005a0   0x00000004   Data   RW         1146    .data._ZL14idle_hook_fptr  BUILD/NUCLEO_F411RE/ARMC6/mbed-os/cmsis/device/rtos/source/mbed_rtx_idle.o
    0x200005a4   0x00000004   Data   RW        25576    .data.irq_handler   BUILD/NUCLEO_F411RE/ARMC6/mbed-os/hal/source/mbed_us_ticker_api.o
    0x200005a8   0x000000a4   Data   RW          658    .data.os            BUILD/NUCLEO_F411RE/ARMC6/mbed-os/cmsis/CMSIS_5/CMSIS/RTOS2/RTX/Source/rtx_kernel.o
    0x2000064c   0x00000010   Data   RW          326    .data.refArrayQuadrants  BUILD/NUCLEO_F411RE/ARMC6/VL53L0X/core/src/vl53l0x_api_calibration.o
    0x2000065c   0x00000054   Zero   RW        32716    .bss                /Library/Application Support/Mbed Studio/mbed-studio-tools/ac6/bin/../lib/armlib/c_w.l(stdio_streams.o)
    0x200006b0   0x00000054   Zero   RW        32717    .bss                /Library/Application Support/Mbed Studio/mbed-studio-tools/ac6/bin/../lib/armlib/c_w.l(stdio_streams.o)
    0x20000704   0x00000054   Zero   RW        32718    .bss                /Library/Application Support/Mbed Studio/mbed-studio-tools/ac6/bin/../lib/armlib/c_w.l(stdio_streams.o)
    0x20000758   0x00000060   Zero   RW        32906    .bss                /Library/Application Support/Mbed Studio/mbed-studio-tools/ac6/bin/../lib/armlib/c_w.l(libspace.o)
    0x200007b8   0x00000002   Zero   RW        25407    .bss..L_MergedGlobals  BUILD/NUCLEO_F411RE/ARMC6/mbed-os/hal/source/mbed_critical_section_api.o
    0x200007ba   0x00000002   PAD
    0x200007bc   0x00000024   Zero   RW        25748    .bss..L_MergedGlobals  BUILD/NUCLEO_F411RE/ARMC6/mbed-os/platform/source/CThunkBase.o
    0x200007e0   0x00000030   Zero   RW        25812    .bss..L_MergedGlobals  BUILD/NUCLEO_F411RE/ARMC6/mbed-os/platform/source/FileBase.o
    0x20000810   0x0000004c   Zero   RW        26325    .bss..L_MergedGlobals  BUILD/NUCLEO_F411RE/ARMC6/mbed-os/platform/source/mbed_error.o
    0x2000085c   0x00000028   Zero   RW        26625    .bss..L_MergedGlobals  BUILD/NUCLEO_F411RE/ARMC6/mbed-os/platform/source/mbed_retarget.o
    0x20000884   0x00000008   Zero   RW        32196    .bss..L_MergedGlobals  BUILD/NUCLEO_F411RE/ARMC6/mbed-os/targets/TARGET_STM/gpio_irq_api.o
    0x2000088c   0x0000000c   Zero   RW        32207    .bss..L_MergedGlobals  BUILD/NUCLEO_F411RE/ARMC6/mbed-os/targets/TARGET_STM/hal_tick_overrides.o
    0x20000898   0x00000050   Zero   RW        32471    .bss..L_MergedGlobals  BUILD/NUCLEO_F411RE/ARMC6/mbed-os/targets/TARGET_STM/serial_api.o
    0x200008e8   0x00000054   Zero   RW        32568    .bss..L_MergedGlobals  BUILD/NUCLEO_F411RE/ARMC6/mbed-os/targets/TARGET_STM/us_ticker.o
    0x2000093c   0x00000001   Zero   RW         1069    .bss.PendST         BUILD/NUCLEO_F411RE/ARMC6/mbed-os/cmsis/CMSIS_5/CMSIS/RTOS2/Source/os_systick.o
    0x2000093d   0x00000003   PAD
    0x20000940   0x00000048   Zero   RW        32400    .bss.TimHandle      BUILD/NUCLEO_F411RE/ARMC6/mbed-os/targets/TARGET_STM/pwmout_api.o
    0x20000988   0x00000028   Zero   RW        26616    .bss._ZL16filehandle_mutex  BUILD/NUCLEO_F411RE/ARMC6/mbed-os/platform/source/mbed_retarget.o
    0x200009b0   0x00000028   Zero   RW        22823    .bss._ZN4mbed3I2C6_mutexE  BUILD/NUCLEO_F411RE/ARMC6/mbed-os/drivers/source/I2C.o
    0x200009d8   0x00000004   Zero   RW        22822    .bss._ZN4mbed3I2C6_ownerE  BUILD/NUCLEO_F411RE/ARMC6/mbed-os/drivers/source/I2C.o
    0x200009dc   0x00000004   PAD
    0x200009e0   0x00001000   Zero   RW         1118    .bss._main_stack    BUILD/NUCLEO_F411RE/ARMC6/mbed-os/cmsis/device/rtos/source/mbed_rtos_rtx.o
    0x200019e0   0x00000024   Zero   RW         1119    .bss._main_thread_attr  BUILD/NUCLEO_F411RE/ARMC6/mbed-os/cmsis/device/rtos/source/mbed_rtos_rtx.o
    0x20001a04   0x00000020   Zero   RW         1091    .bss._static_mutexes  BUILD/NUCLEO_F411RE/ARMC6/mbed-os/cmsis/device/rtos/TOOLCHAIN_ARM_STD/mbed_boot_arm_std.o
    0x20001a24   0x000000e0   Zero   RW         1092    .bss._static_mutexes_mem  BUILD/NUCLEO_F411RE/ARMC6/mbed-os/cmsis/device/rtos/TOOLCHAIN_ARM_STD/mbed_boot_arm_std.o
    0x20001b04   0x00000214   Zero   RW        32195    .bss.channels       BUILD/NUCLEO_F411RE/ARMC6/mbed-os/targets/TARGET_STM/gpio_irq_api.o
    0x20001d18   0x00000004   Zero   RW        26273    .bss.critical_section_reentrancy_counter  BUILD/NUCLEO_F411RE/ARMC6/mbed-os/platform/source/mbed_critical.o
    0x20001d1c   0x00000002   Zero   RW        26428    .bss.deep_sleep_lock  BUILD/NUCLEO_F411RE/ARMC6/mbed-os/platform/source/mbed_power_mgmt.o
    0x20001d1e   0x00000002   PAD
    0x20001d20   0x00000038   Zero   RW        25578    .bss.events         BUILD/NUCLEO_F411RE/ARMC6/mbed-os/hal/source/mbed_us_ticker_api.o
    0x20001d58   0x00000001   Zero   RW        26324    .bss.halt_in_progress  BUILD/NUCLEO_F411RE/ARMC6/mbed-os/platform/source/mbed_error.o
    0x20001d59   0x00000007   PAD
    0x20001d60   0x00000090   Zero   RW          460    .bss.hcsr04         BUILD/NUCLEO_F411RE/ARMC6/main.o
    0x20001df0   0x000000e0   Zero   RW          458    .bss.i2c            BUILD/NUCLEO_F411RE/ARMC6/main.o
    0x20001ed0   0x00000014   Zero   RW        32314    .bss.i2c_handles    BUILD/NUCLEO_F411RE/ARMC6/mbed-os/targets/TARGET_STM/i2c_api.o
    0x20001ee4   0x00000001   Zero   RW        26322    .bss.is_reboot_error_valid  BUILD/NUCLEO_F411RE/ARMC6/mbed-os/platform/source/mbed_error.o
    0x20001ee5   0x00000003   PAD
    0x20001ee8   0x00000040   Zero   RW        26323    .bss.last_error_ctx  BUILD/NUCLEO_F411RE/ARMC6/mbed-os/platform/source/mbed_error.o
    0x20001f28   0x00000004   Zero   RW        26615    .bss.mbed_heap_size  BUILD/NUCLEO_F411RE/ARMC6/mbed-os/platform/source/mbed_retarget.o
    0x20001f2c   0x00000004   Zero   RW        26614    .bss.mbed_heap_start  BUILD/NUCLEO_F411RE/ARMC6/mbed-os/platform/source/mbed_retarget.o
    0x20001f30   0x00000004   Zero   RW        32341    .bss.mbed_sdk_inited  BUILD/NUCLEO_F411RE/ARMC6/mbed-os/targets/TARGET_STM/mbed_overrides.o
    0x20001f34   0x00000004   Zero   RW         1109    .bss.mbed_stack_isr_size  BUILD/NUCLEO_F411RE/ARMC6/mbed-os/cmsis/device/rtos/source/mbed_boot.o
    0x20001f38   0x00000004   Zero   RW         1108    .bss.mbed_stack_isr_start  BUILD/NUCLEO_F411RE/ARMC6/mbed-os/cmsis/device/rtos/source/mbed_boot.o
    0x20001f3c   0x00000024   Zero   RW          461    .bss.motor_pwm      BUILD/NUCLEO_F411RE/ARMC6/main.o
    0x20001f60   0x00000040   Zero   RW          663    .bss.os             BUILD/NUCLEO_F411RE/ARMC6/mbed-os/cmsis/CMSIS_5/CMSIS/RTOS2/RTX/Source/rtx_lib.o
    0x20001fa0   0x000001f0   Zero   RW         1090    .bss.os.libspace    BUILD/NUCLEO_F411RE/ARMC6/mbed-os/cmsis/device/rtos/TOOLCHAIN_ARM_STD/mbed_boot_arm_std.o
    0x20002190   0x00000034   Zero   RW          673    .bss.os.msgqueue.cb  BUILD/NUCLEO_F411RE/ARMC6/mbed-os/cmsis/CMSIS_5/CMSIS/RTOS2/RTX/Source/rtx_lib.o
    0x200021c4   0x00000050   Zero   RW          674    .bss.os.msgqueue.mem  BUILD/NUCLEO_F411RE/ARMC6/mbed-os/cmsis/CMSIS_5/CMSIS/RTOS2/RTX/Source/rtx_lib.o
    0x20002214   0x00000088   Zero   RW          671    .bss.os.thread.cb   BUILD/NUCLEO_F411RE/ARMC6/mbed-os/cmsis/CMSIS_5/CMSIS/RTOS2/RTX/Source/rtx_lib.o
    0x2000229c   0x00000044   Zero   RW         1120    .bss.os.thread.cb   BUILD/NUCLEO_F411RE/ARMC6/mbed-os/cmsis/device/rtos/source/mbed_rtos_rtx.o
    0x200022e0   0x00000500   Zero   RW          672    .bss.os.thread.stack  BUILD/NUCLEO_F411RE/ARMC6/mbed-os/cmsis/CMSIS_5/CMSIS/RTOS2/RTX/Source/rtx_lib.o
    0x200027e0   0x00000001   Zero   RW         1093    .bss.os_kernel_is_active.os_kernel_active  BUILD/NUCLEO_F411RE/ARMC6/mbed-os/cmsis/device/rtos/TOOLCHAIN_ARM_STD/mbed_boot_arm_std.o
    0x200027e1   0x00000003   PAD
    0x200027e4   0x00000004   Zero   RW         1124    .bss.singleton_mutex_id  BUILD/NUCLEO_F411RE/ARMC6/mbed-os/cmsis/device/rtos/source/mbed_rtos_rtx.o
    0x200027e8   0x0000001c   Zero   RW         1122    .bss.singleton_mutex_obj  BUILD/NUCLEO_F411RE/ARMC6/mbed-os/cmsis/device/rtos/source/mbed_rtos_rtx.o
    0x20002804   0x00000004   Zero   RW         1137    .bss.terminate_hook  BUILD/NUCLEO_F411RE/ARMC6/mbed-os/cmsis/device/rtos/source/mbed_rtx_handlers.o
    0x20002808   0x000000cc   Zero   RW        32138    .bss.uart_handlers  BUILD/NUCLEO_F411RE/ARMC6/mbed-os/targets/TARGET_STM/TARGET_STM32F4/serial_device.o
    0x200028d4   0x0000020c   Zero   RW          459    .bss.vl53l0x        BUILD/NUCLEO_F411RE/ARMC6/main.o


    Execution Region ARM_LIB_HEAP (Base: 0x20002ae0, Size: 0x0001d120, Max: 0x0001d120, ABSOLUTE)

    Base Addr    Size         Type   Attr      Idx    E Section Name        Object

    0x20002ae0   0x0001d120   Zero   RW            2    ARM_LIB_HEAP.bss    anon$$obj.o


    Execution Region ARM_LIB_STACK (Base: 0x2001fc00, Size: 0x00000400, Max: 0x00000400, ABSOLUTE)

    Base Addr    Size         Type   Attr      Idx    E Section Name        Object

    0x2001fc00   0x00000400   Zero   RW            3    ARM_LIB_STACK.bss   anon$$obj.o


==============================================================================

Image component sizes


      Code (inc. data)   RO Data    RW Data    ZI Data      Debug   

     38982       2212       2104        948     129352      44336   Object Totals
         0          0         32          0     120352          0   (incl. Generated)
        80          0          4          3         24          0   (incl. Padding)
      5662        228          0         16        348       5240   Library Totals
        16          0          0          0          0          0   (incl. Padding)

==============================================================================


      Code (inc. data)   RO Data    RW Data    ZI Data      Debug   

     44644       2440       2104        964     129700      44852   Grand Totals
     44644       2440       2104        680     129700      44852   ELF Image Totals (compressed)
     44644       2440       2104        680          0          0   ROM Totals

==============================================================================

    Total RO  Size (Code + RO Data)                46748 (  45.65kB)
    Total RW  Size (RW Data + ZI Data)            130664 ( 127.60kB)
    Total ROM Size (Code + RO Data + RW Data)      47428 (  46.32kB)

==============================================================================

