Component: ARM Compiler 6.16 Tool: armlink [5dfea300]

==============================================================================

Memory Map of the image

  Image Entry point : 0x08000199

  Load Region LR_IROM1 (Base: 0x08000000, Size: 0x0000c008, Max: 0x00080000, ABSOLUTE, COMPRESSED[0x0000beec])

    Execution Region ER_IROM1 (Base: 0x08000000, Size: 0x0000bc44, Max: 0x00080000, ABSOLUTE)

    Base Addr    Size         Type   Attr      Idx    E Section Name        Object

    0x08000000   0x00000198   Data   RO        32052    RESET               BUILD/NUCLEO_F411RE/ARMC6/mbed-os/targets/TARGET_STM/TARGET_STM32F4/TARGET_STM32F411xE/TOOLCHAIN_ARM/startup_stm32f411xe.o
    0x08000198   0x00000008   Code   RO        32808  * !!!main             /Library/Application Support/Mbed Studio/mbed-studio-tools/ac6/bin/../lib/armlib/c_w.l(__main.o)
    0x080001a0   0x00000034   Code   RO        33359    !!!scatter          /Library/Application Support/Mbed Studio/mbed-studio-tools/ac6/bin/../lib/armlib/c_w.l(__scatter.o)
    0x080001d4   0x00000064   Code   RO        33357    !!dclz77c           /Library/Application Support/Mbed Studio/mbed-studio-tools/ac6/bin/../lib/armlib/c_w.l(__dclz77c.o)
    0x08000238   0x0000001c   Code   RO        33361    !!handler_zi        /Library/Application Support/Mbed Studio/mbed-studio-tools/ac6/bin/../lib/armlib/c_w.l(__scatter_zi.o)
    0x08000254   0x00000002   Code   RO        32807    .ARM.Collect$$libinit$$00000000  /Library/Application Support/Mbed Studio/mbed-studio-tools/ac6/bin/../lib/armlib/c_w.l(libinit.o)
    0x08000256   0x00000004   Code   RO        33014    .ARM.Collect$$libinit$$00000001  /Library/Application Support/Mbed Studio/mbed-studio-tools/ac6/bin/../lib/armlib/c_w.l(libinit2.o)
    0x0800025a   0x00000000   Code   RO        33017    .ARM.Collect$$libinit$$00000004  /Library/Application Support/Mbed Studio/mbed-studio-tools/ac6/bin/../lib/armlib/c_w.l(libinit2.o)
    0x0800025a   0x00000008   Code   RO        33018    .ARM.Collect$$libinit$$00000005  /Library/Application Support/Mbed Studio/mbed-studio-tools/ac6/bin/../lib/armlib/c_w.l(libinit2.o)
    0x08000262   0x00000000   Code   RO        33020    .ARM.Collect$$libinit$$0000000A  /Library/Application Support/Mbed Studio/mbed-studio-tools/ac6/bin/../lib/armlib/c_w.l(libinit2.o)
    0x08000262   0x00000000   Code   RO        33022    .ARM.Collect$$libinit$$0000000C  /Library/Application Support/Mbed Studio/mbed-studio-tools/ac6/bin/../lib/armlib/c_w.l(libinit2.o)
    0x08000262   0x00000000   Code   RO        33024    .ARM.Collect$$libinit$$0000000E  /Library/Application Support/Mbed Studio/mbed-studio-tools/ac6/bin/../lib/armlib/c_w.l(libinit2.o)
    0x08000262   0x00000000   Code   RO        33027    .ARM.Collect$$libinit$$00000011  /Library/Application Support/Mbed Studio/mbed-studio-tools/ac6/bin/../lib/armlib/c_w.l(libinit2.o)
    0x08000262   0x00000000   Code   RO        33029    .ARM.Collect$$libinit$$00000013  /Library/Application Support/Mbed Studio/mbed-studio-tools/ac6/bin/../lib/armlib/c_w.l(libinit2.o)
    0x08000262   0x00000000   Code   RO        33031    .ARM.Collect$$libinit$$00000015  /Library/Application Support/Mbed Studio/mbed-studio-tools/ac6/bin/../lib/armlib/c_w.l(libinit2.o)
    0x08000262   0x00000000   Code   RO        33033    .ARM.Collect$$libinit$$00000017  /Library/Application Support/Mbed Studio/mbed-studio-tools/ac6/bin/../lib/armlib/c_w.l(libinit2.o)
    0x08000262   0x00000000   Code   RO        33035    .ARM.Collect$$libinit$$00000019  /Library/Application Support/Mbed Studio/mbed-studio-tools/ac6/bin/../lib/armlib/c_w.l(libinit2.o)
    0x08000262   0x00000000   Code   RO        33037    .ARM.Collect$$libinit$$0000001B  /Library/Application Support/Mbed Studio/mbed-studio-tools/ac6/bin/../lib/armlib/c_w.l(libinit2.o)
    0x08000262   0x00000000   Code   RO        33039    .ARM.Collect$$libinit$$0000001D  /Library/Application Support/Mbed Studio/mbed-studio-tools/ac6/bin/../lib/armlib/c_w.l(libinit2.o)
    0x08000262   0x00000000   Code   RO        33041    .ARM.Collect$$libinit$$0000001F  /Library/Application Support/Mbed Studio/mbed-studio-tools/ac6/bin/../lib/armlib/c_w.l(libinit2.o)
    0x08000262   0x00000000   Code   RO        33043    .ARM.Collect$$libinit$$00000021  /Library/Application Support/Mbed Studio/mbed-studio-tools/ac6/bin/../lib/armlib/c_w.l(libinit2.o)
    0x08000262   0x00000000   Code   RO        33045    .ARM.Collect$$libinit$$00000023  /Library/Application Support/Mbed Studio/mbed-studio-tools/ac6/bin/../lib/armlib/c_w.l(libinit2.o)
    0x08000262   0x00000004   Code   RO        33046    .ARM.Collect$$libinit$$00000024  /Library/Application Support/Mbed Studio/mbed-studio-tools/ac6/bin/../lib/armlib/c_w.l(libinit2.o)
    0x08000266   0x00000000   Code   RO        33047    .ARM.Collect$$libinit$$00000025  /Library/Application Support/Mbed Studio/mbed-studio-tools/ac6/bin/../lib/armlib/c_w.l(libinit2.o)
[...]
    0x0800330c   0x00000006   Code   RO          258    .text.OUTLINED_FUNCTION_4  BUILD/NUCLEO_F411RE/ARMC6/VL53L0X/core/src/vl53l0x_api.o
    0x08003312   0x00000006   Code   RO          387    .text.OUTLINED_FUNCTION_4  BUILD/NUCLEO_F411RE/ARMC6/VL53L0X/core/src/vl53l0x_api_core.o
    0x08003318   0x0000000a   Code   RO          450    .text.OUTLINED_FUNCTION_4  BUILD/NUCLEO_F411RE/ARMC6/VL53L0X/platform/src/vl53l0x_platform.o
    0x08003322   0x00000014   Code   RO        22822    .text.OUTLINED_FUNCTION_4  BUILD/NUCLEO_F411RE/ARMC6/mbed-os/drivers/source/I2C.o
    0x08003336   0x00000032   Code   RO        29380    .text.OUTLINED_FUNCTION_4  BUILD/NUCLEO_F411RE/ARMC6/mbed-os/targets/TARGET_STM/TARGET_STM32F4/STM32Cube_FW/STM32F4xx_HAL_Driver/stm32f4xx_hal_i2c.o
    0x08003368   0x0000000a   Code   RO        31233    .text.OUTLINED_FUNCTION_4  BUILD/NUCLEO_F411RE/ARMC6/mbed-os/targets/TARGET_STM/TARGET_STM32F4/STM32Cube_FW/STM32F4xx_HAL_Driver/stm32f4xx_hal_tim_ex.o
    0x08003372   0x00000006   Code   RO        32318    .text.OUTLINED_FUNCTION_4  BUILD/NUCLEO_F411RE/ARMC6/mbed-os/targets/TARGET_STM/i2c_api.o
    0x08003378   0x0000000a   Code   RO        29454    .text.OUTLINED_FUNCTION_41  BUILD/NUCLEO_F411RE/ARMC6/mbed-os/targets/TARGET_STM/TARGET_STM32F4/STM32Cube_FW/STM32F4xx_HAL_Driver/stm32f4xx_hal_i2c.o
    0x08003382   0x00000014   Code   RO        29462    .text.OUTLINED_FUNCTION_45  BUILD/NUCLEO_F411RE/ARMC6/mbed-os/targets/TARGET_STM/TARGET_STM32F4/STM32Cube_FW/STM32F4xx_HAL_Driver/stm32f4xx_hal_i2c.o
    0x08003396   0x0000000a   Code   RO        31089    .text.OUTLINED_FUNCTION_46  BUILD/NUCLEO_F411RE/ARMC6/mbed-os/targets/TARGET_STM/TARGET_STM32F4/STM32Cube_FW/STM32F4xx_HAL_Driver/stm32f4xx_hal_tim.o
    0x080033a0   0x00000008   Code   RO        29466    .text.OUTLINED_FUNCTION_47  BUILD/NUCLEO_F411RE/ARMC6/mbed-os/targets/TARGET_STM/TARGET_STM32F4/STM32Cube_FW/STM32F4xx_HAL_Driver/stm32f4xx_hal_i2c.o
    0x080033a8   0x00000008   Code   RO          260    .text.OUTLINED_FUNCTION_5  BUILD/NUCLEO_F411RE/ARMC6/VL53L0X/core/src/vl53l0x_api.o
    0x080033b0   0x00000010   Code   RO        22824    .text.OUTLINED_FUNCTION_5  BUILD/NUCLEO_F411RE/ARMC6/mbed-os/drivers/source/I2C.o
    0x080033c0   0x0000000e   Code   RO        32320    .text.OUTLINED_FUNCTION_5  BUILD/NUCLEO_F411RE/ARMC6/mbed-os/targets/TARGET_STM/i2c_api.o
    0x080033ce   0x00000006   Code   RO        29476    .text.OUTLINED_FUNCTION_52  BUILD/NUCLEO_F411RE/ARMC6/mbed-os/targets/TARGET_STM/TARGET_STM32F4/STM32Cube_FW/STM32F4xx_HAL_Driver/stm32f4xx_hal_i2c.o
    0x080033d4   0x0000000e   Code   RO        29480    .text.OUTLINED_FUNCTION_54  BUILD/NUCLEO_F411RE/ARMC6/mbed-os/targets/TARGET_STM/TARGET_STM32F4/STM32Cube_FW/STM32F4xx_HAL_Driver/stm32f4xx_hal_i2c.o
    0x080033e2   0x0000000a   Code   RO        29482    .text.OUTLINED_FUNCTION_55  BUILD/NUCLEO_F411RE/ARMC6/mbed-os/targets/TARGET_STM/TARGET_STM32F4/STM32Cube_FW/STM32F4xx_HAL_Driver/stm32f4xx_hal_i2c.o
    0x080033ec   0x0000000a   Code   RO        29484    .text.OUTLINED_FUNCTION_56  BUILD/NUCLEO_F411RE/ARMC6/mbed-os/targets/TARGET_STM/TARGET_STM32F4/STM32Cube_FW/STM32F4xx_HAL_Driver/stm32f4xx_hal_i2c.o
    0x080033f6   0x0000000e   Code   RO        31111    .text.OUTLINED_FUNCTION_57  BUILD/NUCLEO_F411RE/ARMC6/mbed-os/targets/TARGET_STM/TARGET_STM32F4/STM32Cube_FW/STM32F4xx_HAL_Driver/stm32f4xx_hal_tim.o
    0x08003404   0x0000000c   Code   RO        29488    .text.OUTLINED_FUNCTION_58  BUILD/NUCLEO_F411RE/ARMC6/mbed-os/targets/TARGET_STM/TARGET_STM32F4/STM32Cube_FW/STM32F4xx_HAL_Driver/stm32f4xx_hal_i2c.o
    0x08003410   0x00000008   Code   RO          262    .text.OUTLINED_FUNCTION_6  BUILD/NUCLEO_F411RE/ARMC6/VL53L0X/core/src/vl53l0x_api.o
    0x08003418   0x0000000c   Code   RO         1018    .text.OUTLINED_FUNCTION_6  BUILD/NUCLEO_F411RE/ARMC6/mbed-os/cmsis/CMSIS_5/CMSIS/RTOS2/RTX/Source/rtx_thread.o
    0x08003424   0x0000000a   Code   RO        22826    .text.OUTLINED_FUNCTION_6  BUILD/NUCLEO_F411RE/ARMC6/mbed-os/drivers/source/I2C.o
    0x0800342e   0x00000006   Code   RO        32322    .text.OUTLINED_FUNCTION_6  BUILD/NUCLEO_F411RE/ARMC6/mbed-os/targets/TARGET_STM/i2c_api.o
    0x08003434   0x0000000a   Code   RO        29494    .text.OUTLINED_FUNCTION_61  BUILD/NUCLEO_F411RE/ARMC6/mbed-os/targets/TARGET_STM/TARGET_STM32F4/STM32Cube_FW/STM32F4xx_HAL_Driver/stm32f4xx_hal_i2c.o
    0x0800343e   0x0000000a   Code   RO        29496    .text.OUTLINED_FUNCTION_62  BUILD/NUCLEO_F411RE/ARMC6/mbed-os/targets/TARGET_STM/TARGET_STM32F4/STM32Cube_FW/STM32F4xx_HAL_Driver/stm32f4xx_hal_i2c.o
    0x08003448   0x00000012   Code   RO        29500    .text.OUTLINED_FUNCTION_64  BUILD/NUCLEO_F411RE/ARMC6/mbed-os/targets/TARGET_STM/TARGET_STM32F4/STM32Cube_FW/STM32F4xx_HAL_Driver/stm32f4xx_hal_i2c.o
    0x0800345a   0x00000012   Code   RO        29504    .text.OUTLINED_FUNCTION_66  BUILD/NUCLEO_F411RE/ARMC6/mbed-os/targets/TARGET_STM/TARGET_STM32F4/STM32Cube_FW/STM32F4xx_HAL_Driver/stm32f4xx_hal_i2c.o
    0x0800346c   0x0000000e   Code   RO        31133    .text.OUTLINED_FUNCTION_68  BUILD/NUCLEO_F411RE/ARMC6/mbed-os/targets/TARGET_STM/TARGET_STM32F4/STM32Cube_FW/STM32F4xx_HAL_Driver/stm32f4xx_hal_tim.o
    0x0800347a   0x0000000a   Code   RO          393    .text.OUTLINED_FUNCTION_7  BUILD/NUCLEO_F411RE/ARMC6/VL53L0X/core/src/vl53l0x_api_core.o
    0x08003484   0x0000000a   Code   RO        22828    .text.OUTLINED_FUNCTION_7  BUILD/NUCLEO_F411RE/ARMC6/mbed-os/drivers/source/I2C.o
    0x0800348e   0x0000000e   Code   RO        31011    .text.OUTLINED_FUNCTION_7  BUILD/NUCLEO_F411RE/ARMC6/mbed-os/targets/TARGET_STM/TARGET_STM32F4/STM32Cube_FW/STM32F4xx_HAL_Driver/stm32f4xx_hal_tim.o
    0x0800349c   0x0000000c   Code   RO        29512    .text.OUTLINED_FUNCTION_70  BUILD/NUCLEO_F411RE/ARMC6/mbed-os/targets/TARGET_STM/TARGET_STM32F4/STM32Cube_FW/STM32F4xx_HAL_Driver/stm32f4xx_hal_i2c.o
    0x080034a8   0x0000000a   Code   RO        31137    .text.OUTLINED_FUNCTION_70  BUILD/NUCLEO_F411RE/ARMC6/mbed-os/targets/TARGET_STM/TARGET_STM32F4/STM32Cube_FW/STM32F4xx_HAL_Driver/stm32f4xx_hal_tim.o
    0x080034b2   0x0000000e   Code   RO        29520    .text.OUTLINED_FUNCTION_74  BUILD/NUCLEO_F411RE/ARMC6/mbed-os/targets/TARGET_STM/TARGET_STM32F4/STM32Cube_FW/STM32F4xx_HAL_Driver/stm32f4xx_hal_i2c.o
    0x080034c0   0x0000000e   Code   RO        29524    .text.OUTLINED_FUNCTION_76  BUILD/NUCLEO_F411RE/ARMC6/mbed-os/targets/TARGET_STM/TARGET_STM32F4/STM32Cube_FW/STM32F4xx_HAL_Driver/stm32f4xx_hal_i2c.o
    0x080034ce   0x0000000e   Code   RO        29526    .text.OUTLINED_FUNCTION_77  BUILD/NUCLEO_F411RE/ARMC6/mbed-os/targets/TARGET_STM/TARGET_STM32F4/STM32Cube_FW/STM32F4xx_HAL_Driver/stm32f4xx_hal_i2c.o
    0x080034dc   0x0000000e   Code   RO        29528    .text.OUTLINED_FUNCTION_78  BUILD/NUCLEO_F411RE/ARMC6/mbed-os/targets/TARGET_STM/TARGET_STM32F4/STM32Cube_FW/STM32F4xx_HAL_Driver/stm32f4xx_hal_i2c.o
    0x080034ea   0x0000000a   Code   RO          266    .text.OUTLINED_FUNCTION_8  BUILD/NUCLEO_F411RE/ARMC6/VL53L0X/core/src/vl53l0x_api.o
    0x080034f4   0x0000000a   Code   RO        31013    .text.OUTLINED_FUNCTION_8  BUILD/NUCLEO_F411RE/ARMC6/mbed-os/targets/TARGET_STM/TARGET_STM32F4/STM32Cube_FW/STM32F4xx_HAL_Driver/stm32f4xx_hal_tim.o
    0x080034fe   0x0000000e   Code   RO        29532    .text.OUTLINED_FUNCTION_80  BUILD/NUCLEO_F411RE/ARMC6/mbed-os/targets/TARGET_STM/TARGET_STM32F4/STM32Cube_FW/STM32F4xx_HAL_Driver/stm32f4xx_hal_i2c.o
    0x0800350c   0x0000000e   Code   RO        29536    .text.OUTLINED_FUNCTION_82  BUILD/NUCLEO_F411RE/ARMC6/mbed-os/targets/TARGET_STM/TARGET_STM32F4/STM32Cube_FW/STM32F4xx_HAL_Driver/stm32f4xx_hal_i2c.o
    0x0800351a   0x00000008   Code   RO        29546    .text.OUTLINED_FUNCTION_87  BUILD/NUCLEO_F411RE/ARMC6/mbed-os/targets/TARGET_STM/TARGET_STM32F4/STM32Cube_FW/STM32F4xx_HAL_Driver/stm32f4xx_hal_i2c.o
    0x08003522   0x00000002   PAD
    0x08003524   0x0000002c   Code   RO        32056    .text.SetSysClock   BUILD/NUCLEO_F411RE/ARMC6/mbed-os/targets/TARGET_STM/TARGET_STM32F4/TARGET_STM32F411xE/system_clock.o
    0x08003550   0x0000008c   Code   RO        32058    .text.SetSysClock_PLL_HSE  BUILD/NUCLEO_F411RE/ARMC6/mbed-os/targets/TARGET_STM/TARGET_STM32F4/TARGET_STM32F411xE/system_clock.o
    0x080035dc   0x0000007c   Code   RO        32060    .text.SetSysClock_PLL_HSI  BUILD/NUCLEO_F411RE/ARMC6/mbed-os/targets/TARGET_STM/TARGET_STM32F4/TARGET_STM32F411xE/system_clock.o
    0x08003658   0x00000100   Code   RO        32165    .text.Set_GPIO_Clock  BUILD/NUCLEO_F411RE/ARMC6/mbed-os/targets/TARGET_STM/gpio_api.o
    0x08003758   0x0000006c   Code   RO        32031    .text.SystemCoreClockUpdate  BUILD/NUCLEO_F411RE/ARMC6/mbed-os/targets/TARGET_STM/TARGET_STM32F4/STM32Cube_FW/system_stm32f4xx.o
    0x080037c4   0x0000001c   Code   RO        32029    .text.SystemInit    BUILD/NUCLEO_F411RE/ARMC6/mbed-os/targets/TARGET_STM/TARGET_STM32F4/STM32Cube_FW/system_stm32f4xx.o
    0x080037e0   0x0000008c   Code   RO        30769    .text.TIM_Base_SetConfig  BUILD/NUCLEO_F411RE/ARMC6/mbed-os/targets/TARGET_STM/TARGET_STM32F4/STM32Cube_FW/STM32F4xx_HAL_Driver/stm32f4xx_hal_tim.o
    0x0800386c   0x0000001e   Code   RO        30803    .text.TIM_CCxChannelCmd  BUILD/NUCLEO_F411RE/ARMC6/mbed-os/targets/TARGET_STM/TARGET_STM32F4/STM32Cube_FW/STM32F4xx_HAL_Driver/stm32f4xx_hal_tim.o
    0x0800388a   0x0000001e   Code   RO        31163    .text.TIM_CCxNChannelCmd  BUILD/NUCLEO_F411RE/ARMC6/mbed-os/targets/TARGET_STM/TARGET_STM32F4/STM32Cube_FW/STM32F4xx_HAL_Driver/stm32f4xx_hal_tim_ex.o
    0x080038a8   0x00000044   Code   RO        32378    .text.TIM_ChannelConvert_HAL2LL  BUILD/NUCLEO_F411RE/ARMC6/mbed-os/targets/TARGET_STM/pwmout_api.o
    0x080038ec   0x0000004c   Code   RO        30913    .text.TIM_OC1_SetConfig  BUILD/NUCLEO_F411RE/ARMC6/mbed-os/targets/TARGET_STM/TARGET_STM32F4/STM32Cube_FW/STM32F4xx_HAL_Driver/stm32f4xx_hal_tim.o
    0x08003938   0x00000050   Code   RO        30915    .text.TIM_OC2_SetConfig  BUILD/NUCLEO_F411RE/ARMC6/mbed-os/targets/TARGET_STM/TARGET_STM32F4/STM32Cube_FW/STM32F4xx_HAL_Driver/stm32f4xx_hal_tim.o
    0x08003988   0x00000050   Code   RO        30917    .text.TIM_OC3_SetConfig  BUILD/NUCLEO_F411RE/ARMC6/mbed-os/targets/TARGET_STM/TARGET_STM32F4/STM32Cube_FW/STM32F4xx_HAL_Driver/stm32f4xx_hal_tim.o
    0x080039d8   0x00000044   Code   RO        30919    .text.TIM_OC4_SetConfig  BUILD/NUCLEO_F411RE/ARMC6/mbed-os/targets/TARGET_STM/TARGET_STM32F4/STM32Cube_FW/STM32F4xx_HAL_Driver/stm32f4xx_hal_tim.o
    0x08003a1c   0x00000064   Code   RO          962    .text.ThreadFlagsCheck  BUILD/NUCLEO_F411RE/ARMC6/mbed-os/cmsis/CMSIS_5/CMSIS/RTOS2/RTX/Source/rtx_thread.o
    0x08003a80   0x00000048   Code   RO         1046    .text.TimerInsert   BUILD/NUCLEO_F411RE/ARMC6/mbed-os/cmsis/CMSIS_5/CMSIS/RTOS2/RTX/Source/rtx_timer.o
    0x08003ac8   0x000000ac   Code   RO        31299    .text.UART_SetConfig  BUILD/NUCLEO_F411RE/ARMC6/mbed-os/targets/TARGET_STM/TARGET_STM32F4/STM32Cube_FW/STM32F4xx_HAL_Driver/stm32f4xx_hal_uart.o
    0x08003b74   0x0000004c   Code   RO          220    .text.VL53L0X_ClearInterruptMask  BUILD/NUCLEO_F411RE/ARMC6/VL53L0X/core/src/vl53l0x_api.o
    0x08003bc0   0x0000014c   Code   RO           94    .text.VL53L0X_DataInit  BUILD/NUCLEO_F411RE/ARMC6/VL53L0X/core/src/vl53l0x_api.o
    0x08003d0c   0x00000004   Code   RO           58    .text.VL53L0X_GetDeviceInfo  BUILD/NUCLEO_F411RE/ARMC6/VL53L0X/core/src/vl53l0x_api.o
    0x08003d10   0x0000007e   Code   RO           96    .text.VL53L0X_GetDeviceParameters  BUILD/NUCLEO_F411RE/ARMC6/VL53L0X/core/src/vl53l0x_api.o
    0x08003d8e   0x0000001a   Code   RO          108    .text.VL53L0X_GetFractionEnable  BUILD/NUCLEO_F411RE/ARMC6/VL53L0X/core/src/vl53l0x_api.o
    0x08003da8   0x0000003a   Code   RO          132    .text.VL53L0X_GetInterMeasurementPeriodMilliSeconds  BUILD/NUCLEO_F411RE/ARMC6/VL53L0X/core/src/vl53l0x_api.o
    0x08003de2   0x00000024   Code   RO          208    .text.VL53L0X_GetInterruptMaskStatus  BUILD/NUCLEO_F411RE/ARMC6/VL53L0X/core/src/vl53l0x_api.o
    0x08003e06   0x0000003c   Code   RO          202    .text.VL53L0X_GetInterruptThresholds  BUILD/NUCLEO_F411RE/ARMC6/VL53L0X/core/src/vl53l0x_api.o
    0x08003e42   0x00000018   Code   RO          138    .text.VL53L0X_GetLimitCheckEnable  BUILD/NUCLEO_F411RE/ARMC6/VL53L0X/core/src/vl53l0x_api.o
    0x08003e5a   0x00000002   PAD
    0x08003e5c   0x00000088   Code   RO          136    .text.VL53L0X_GetLimitCheckValue  BUILD/NUCLEO_F411RE/ARMC6/VL53L0X/core/src/vl53l0x_api.o
    0x08003ee4   0x0000003a   Code   RO          206    .text.VL53L0X_GetMeasurementDataReady  BUILD/NUCLEO_F411RE/ARMC6/VL53L0X/core/src/vl53l0x_api.o
    0x08003f1e   0x00000106   Code   RO          212    .text.VL53L0X_GetRangingMeasurementData  BUILD/NUCLEO_F411RE/ARMC6/VL53L0X/core/src/vl53l0x_api.o
    0x08004024   0x00000034   Code   RO          156    .text.VL53L0X_GetSequenceStepEnables  BUILD/NUCLEO_F411RE/ARMC6/VL53L0X/core/src/vl53l0x_api.o
    0x08004058   0x00000004   Code   RO          112    .text.VL53L0X_GetVcselPulsePeriod  BUILD/NUCLEO_F411RE/ARMC6/VL53L0X/core/src/vl53l0x_api.o
    0x0800405c   0x00000012   Code   RO           52    .text.VL53L0X_GetVersion  BUILD/NUCLEO_F411RE/ARMC6/VL53L0X/core/src/vl53l0x_api.o
    0x0800406e   0x00000026   Code   RO          140    .text.VL53L0X_GetWrapAroundCheckEnable  BUILD/NUCLEO_F411RE/ARMC6/VL53L0X/core/src/vl53l0x_api.o
    0x08004094   0x00000006   Code   RO          168    .text.VL53L0X_GetXTalkCompensationEnable  BUILD/NUCLEO_F411RE/ARMC6/VL53L0X/core/src/vl53l0x_api.o
    0x0800409a   0x0000002e   Code   RO          134    .text.VL53L0X_GetXTalkCompensationRateMegaCps  BUILD/NUCLEO_F411RE/ARMC6/VL53L0X/core/src/vl53l0x_api.o
    0x080040c8   0x00000006   Code   RO          192    .text.VL53L0X_PerformRefCalibration  BUILD/NUCLEO_F411RE/ARMC6/VL53L0X/core/src/vl53l0x_api.o
    0x080040ce   0x00000004   Code   RO          248    .text.VL53L0X_PerformRefSpadManagement  BUILD/NUCLEO_F411RE/ARMC6/VL53L0X/core/src/vl53l0x_api.o
    0x080040d2   0x0000002e   Code   RO          186    .text.VL53L0X_PerformSingleMeasurement  BUILD/NUCLEO_F411RE/ARMC6/VL53L0X/core/src/vl53l0x_api.o
    0x08004100   0x00000028   Code   RO          218    .text.VL53L0X_PerformSingleRangingMeasurement  BUILD/NUCLEO_F411RE/ARMC6/VL53L0X/core/src/vl53l0x_api.o
    0x08004128   0x0000001a   Code   RO          440    .text.VL53L0X_PollingDelay  BUILD/NUCLEO_F411RE/ARMC6/VL53L0X/platform/src/vl53l0x_platform.o
    0x08004142   0x00000034   Code   RO          434    .text.VL53L0X_RdByte  BUILD/NUCLEO_F411RE/ARMC6/VL53L0X/platform/src/vl53l0x_platform.o
    0x08004176   0x00000034   Code   RO          438    .text.VL53L0X_RdDWord  BUILD/NUCLEO_F411RE/ARMC6/VL53L0X/platform/src/vl53l0x_platform.o
    0x080041aa   0x00000038   Code   RO          436    .text.VL53L0X_RdWord  BUILD/NUCLEO_F411RE/ARMC6/VL53L0X/platform/src/vl53l0x_platform.o
    0x080041e2   0x0000008a   Code   RO          424    .text.VL53L0X_ReadMulti  BUILD/NUCLEO_F411RE/ARMC6/VL53L0X/platform/src/vl53l0x_platform.o
    0x0800426c   0x00000020   Code   RO          120    .text.VL53L0X_SetDeviceMode  BUILD/NUCLEO_F411RE/ARMC6/VL53L0X/core/src/vl53l0x_api.o
    0x0800428c   0x000000e8   Code   RO          106    .text.VL53L0X_SetGpioConfig  BUILD/NUCLEO_F411RE/ARMC6/VL53L0X/core/src/vl53l0x_api.o
    0x08004374   0x00000082   Code   RO           98    .text.VL53L0X_SetLimitCheckEnable  BUILD/NUCLEO_F411RE/ARMC6/VL53L0X/core/src/vl53l0x_api.o
    0x080043f6   0x00000002   PAD
    0x080043f8   0x00000052   Code   RO          100    .text.VL53L0X_SetLimitCheckValue  BUILD/NUCLEO_F411RE/ARMC6/VL53L0X/core/src/vl53l0x_api.o
    0x0800444a   0x00000002   PAD
    0x0800444c   0x000000a2   Code   RO          110    .text.VL53L0X_SetSequenceStepEnable  BUILD/NUCLEO_F411RE/ARMC6/VL53L0X/core/src/vl53l0x_api.o
    0x080044ee   0x00000002   PAD
    0x080044f0   0x000000dc   Code   RO          188    .text.VL53L0X_StartMeasurement  BUILD/NUCLEO_F411RE/ARMC6/VL53L0X/core/src/vl53l0x_api.o
    0x080045cc   0x00000174   Code   RO           74    .text.VL53L0X_StaticInit  BUILD/NUCLEO_F411RE/ARMC6/VL53L0X/core/src/vl53l0x_api.o
    0x08004740   0x0000006c   Code   RO          432    .text.VL53L0X_UpdateByte  BUILD/NUCLEO_F411RE/ARMC6/VL53L0X/platform/src/vl53l0x_platform.o
    0x080047ac   0x0000002a   Code   RO          426    .text.VL53L0X_WrByte  BUILD/NUCLEO_F411RE/ARMC6/VL53L0X/platform/src/vl53l0x_platform.o
    0x080047d6   0x00000030   Code   RO          428    .text.VL53L0X_WrWord  BUILD/NUCLEO_F411RE/ARMC6/VL53L0X/platform/src/vl53l0x_platform.o
    0x08004806   0x00000058   Code   RO          422    .text.VL53L0X_WriteMulti  BUILD/NUCLEO_F411RE/ARMC6/VL53L0X/platform/src/vl53l0x_platform.o
    0x0800485e   0x00000002   PAD
    0x08004860   0x00000250   Code   RO          375    .text.VL53L0X_calc_sigma_estimate  BUILD/NUCLEO_F411RE/ARMC6/VL53L0X/core/src/vl53l0x_api_core.o
    0x08004ab0   0x00000020   Code   RO          347    .text.VL53L0X_encode_timeout  BUILD/NUCLEO_F411RE/ARMC6/VL53L0X/core/src/vl53l0x_api_core.o
    0x08004ad0   0x000000bc   Code   RO          400    .text.VL53L0X_get_device_info  BUILD/NUCLEO_F411RE/ARMC6/VL53L0X/core/src/vl53l0x_api_strings.o
    0x08004b8c   0x00000508   Code   RO          343    .text.VL53L0X_get_info_from_device  BUILD/NUCLEO_F411RE/ARMC6/VL53L0X/core/src/vl53l0x_api_core.o
    0x08005094   0x000000c2   Code   RO          365    .text.VL53L0X_get_measurement_timing_budget_micro_seconds  BUILD/NUCLEO_F411RE/ARMC6/VL53L0X/core/src/vl53l0x_api_core.o
    0x08005156   0x00000002   PAD
    0x08005158   0x00000038   Code   RO          278    .text.VL53L0X_get_offset_calibration_data_micro_meter  BUILD/NUCLEO_F411RE/ARMC6/VL53L0X/core/src/vl53l0x_api_calibration.o
    0x08005190   0x00000202   Code   RO          377    .text.VL53L0X_get_pal_range_status  BUILD/NUCLEO_F411RE/ARMC6/VL53L0X/core/src/vl53l0x_api_core.o
    0x08005392   0x0000001c   Code   RO          371    .text.VL53L0X_get_total_signal_rate  BUILD/NUCLEO_F411RE/ARMC6/VL53L0X/core/src/vl53l0x_api_core.o
    0x080053ae   0x0000002c   Code   RO          369    .text.VL53L0X_get_total_xtalk_rate  BUILD/NUCLEO_F411RE/ARMC6/VL53L0X/core/src/vl53l0x_api_core.o
    0x080053da   0x00000030   Code   RO          361    .text.VL53L0X_get_vcsel_pulse_period  BUILD/NUCLEO_F411RE/ARMC6/VL53L0X/core/src/vl53l0x_api_core.o
    0x0800540a   0x0000002a   Code   RO          337    .text.VL53L0X_isqrt  BUILD/NUCLEO_F411RE/ARMC6/VL53L0X/core/src/vl53l0x_api_core.o
    0x08005434   0x0000008c   Code   RO          367    .text.VL53L0X_load_tuning_settings  BUILD/NUCLEO_F411RE/ARMC6/VL53L0X/core/src/vl53l0x_api_core.o
    0x080054c0   0x0000003a   Code   RO          331    .text.VL53L0X_measurement_poll_for_completion  BUILD/NUCLEO_F411RE/ARMC6/VL53L0X/core/src/vl53l0x_api_core.o
    0x080054fa   0x0000006e   Code   RO          312    .text.VL53L0X_perform_phase_calibration  BUILD/NUCLEO_F411RE/ARMC6/VL53L0X/core/src/vl53l0x_api_calibration.o
    0x08005568   0x00000038   Code   RO          300    .text.VL53L0X_perform_ref_calibration  BUILD/NUCLEO_F411RE/ARMC6/VL53L0X/core/src/vl53l0x_api_calibration.o
    0x080055a0   0x0000027c   Code   RO          298    .text.VL53L0X_perform_ref_spad_management  BUILD/NUCLEO_F411RE/ARMC6/VL53L0X/core/src/vl53l0x_api_calibration.o
    0x0800581c   0x000000be   Code   RO          363    .text.VL53L0X_set_measurement_timing_budget_micro_seconds  BUILD/NUCLEO_F411RE/ARMC6/VL53L0X/core/src/vl53l0x_api_core.o
    0x080058da   0x00000002   PAD
    0x080058dc   0x000000a8   Code   RO          302    .text.VL53L0X_set_reference_spads  BUILD/NUCLEO_F411RE/ARMC6/VL53L0X/core/src/vl53l0x_api_calibration.o
    0x08005984   0x00000060   Code   RO          460    .text._GLOBAL__sub_I_main.cpp  BUILD/NUCLEO_F411RE/ARMC6/main.o
    0x080059e4   0x000000f8   Code   RO          454    .text._Z12takereadingsv  BUILD/NUCLEO_F411RE/ARMC6/main.o
    0x08005adc   0x000000b0   Code   RO          294    .text._Z16enable_ref_spadsP13VL53L0X_Dev_thPhS1_jjjjPj  BUILD/NUCLEO_F411RE/ARMC6/VL53L0X/core/src/vl53l0x_api_calibration.o
    0x08005b8c   0x0000000a   Code   RO          292    .text._Z16get_ref_spad_mapP13VL53L0X_Dev_tPh  BUILD/NUCLEO_F411RE/ARMC6/VL53L0X/core/src/vl53l0x_api_calibration.o
    0x08005b96   0x0000000a   Code   RO          290    .text._Z16set_ref_spad_mapP13VL53L0X_Dev_tPh  BUILD/NUCLEO_F411RE/ARMC6/VL53L0X/core/src/vl53l0x_api_calibration.o
    0x08005ba0   0x000000dc   Code   RO          373    .text._Z17VL53L0X_calc_dmaxP13VL53L0X_Dev_tjjjjjjPj  BUILD/NUCLEO_F411RE/ARMC6/VL53L0X/core/src/vl53l0x_api_core.o
    0x08005c7c   0x00000050   Code   RO          282    .text._Z18get_next_good_spadPhjjPi  BUILD/NUCLEO_F411RE/ARMC6/VL53L0X/core/src/vl53l0x_api_calibration.o
    0x08005ccc   0x00000038   Code   RO          398    .text._Z23VL53L0X_check_part_usedP13VL53L0X_Dev_tPhP20VL53L0X_DeviceInfo_t  BUILD/NUCLEO_F411RE/ARMC6/VL53L0X/core/src/vl53l0x_api_strings.o
    0x08005d04   0x0000004e   Code   RO          341    .text._Z26VL53L0X_device_read_strobeP13VL53L0X_Dev_t  BUILD/NUCLEO_F411RE/ARMC6/VL53L0X/core/src/vl53l0x_api_core.o
    0x08005d52   0x00000002   PAD
    0x08005d54   0x000000b4   Code   RO          308    .text._Z26VL53L0X_ref_calibration_ioP13VL53L0X_Dev_thhhPhS1_hh  BUILD/NUCLEO_F411RE/ARMC6/VL53L0X/core/src/vl53l0x_api_calibration.o
    0x08005e08   0x00000052   Code   RO          296    .text._Z30perform_ref_signal_measurementP13VL53L0X_Dev_tPt  BUILD/NUCLEO_F411RE/ARMC6/VL53L0X/core/src/vl53l0x_api_calibration.o
    0x08005e5a   0x0000006a   Code   RO          310    .text._Z31VL53L0X_perform_vhv_calibrationP13VL53L0X_Dev_tPhhh  BUILD/NUCLEO_F411RE/ARMC6/VL53L0X/core/src/vl53l0x_api_calibration.o
    0x08005ec4   0x00000074   Code   RO          200    .text._Z37VL53L0X_CheckAndLoadInterruptSettingsP13VL53L0X_Dev_th  BUILD/NUCLEO_F411RE/ARMC6/VL53L0X/core/src/vl53l0x_api.o
    0x08005f38   0x00000032   Code   RO          306    .text._Z38VL53L0X_perform_single_ref_calibrationP13VL53L0X_Dev_th  BUILD/NUCLEO_F411RE/ARMC6/VL53L0X/core/src/vl53l0x_api_calibration.o
    0x08005f6a   0x00000002   Code   RO          456    .text._Z7comparev   BUILD/NUCLEO_F411RE/ARMC6/main.o
    0x08005f6c   0x0000000e   Code   RO        26487    .text._ZL12convert_crlfi  BUILD/NUCLEO_F411RE/ARMC6/mbed-os/platform/source/mbed_retarget.o
    0x08005f7a   0x00000002   PAD
    0x08005f7c   0x00000010   Code   RO        21770    .text._ZL14singleton_lockv  BUILD/NUCLEO_F411RE/ARMC6/mbed-os/connectivity/netsocket/source/nsapi_dns.o
    0x08005f8c   0x00000010   Code   RO        26583    .text._ZL14singleton_lockv  BUILD/NUCLEO_F411RE/ARMC6/mbed-os/platform/source/mbed_retarget.o
    0x08005f9c   0x0000000c   Code   RO        21772    .text._ZL16singleton_unlockv  BUILD/NUCLEO_F411RE/ARMC6/mbed-os/connectivity/netsocket/source/nsapi_dns.o
    0x08005fa8   0x00000010   Code   RO        26585    .text._ZL16singleton_unlockv  BUILD/NUCLEO_F411RE/ARMC6/mbed-os/platform/source/mbed_retarget.o
    0x08005fb8   0x0000001a   Code   RO         1157    .text._ZL17default_idle_hookv  BUILD/NUCLEO_F411RE/ARMC6/mbed-os/cmsis/device/rtos/source/mbed_rtx_idle.o
    0x08005fd2   0x00000002   PAD
    0x08005fd4   0x00000018   Code   RO        26479    .text._ZL18handle_open_errorsij  BUILD/NUCLEO_F411RE/ARMC6/mbed-os/platform/source/mbed_retarget.o
    0x08005fec   0x00000048   Code   RO        26465    .text._ZL18reserve_filehandlev  BUILD/NUCLEO_F411RE/ARMC6/mbed-os/platform/source/mbed_retarget.o
    0x08006034   0x00000010   Code   RO        25755    .text._ZN10CThunkBase11cthunk_freeEPFvvE  BUILD/NUCLEO_F411RE/ARMC6/mbed-os/platform/source/CThunkBase.o
    0x08006044   0x00000018   Code   RO        26449    .text._ZN12DirectSerial4readEPvj  BUILD/NUCLEO_F411RE/ARMC6/mbed-os/platform/source/mbed_retarget.o
    0x0800605c   0x00000008   Code   RO        26639    .text._ZN12DirectSerial4seekEli  BUILD/NUCLEO_F411RE/ARMC6/mbed-os/platform/source/mbed_retarget.o
    0x08006064   0x00000006   Code   RO        26645    .text._ZN12DirectSerial4sizeEv  BUILD/NUCLEO_F411RE/ARMC6/mbed-os/platform/source/mbed_retarget.o
    0x0800606a   0x00000004   Code   RO        26641    .text._ZN12DirectSerial5closeEv  BUILD/NUCLEO_F411RE/ARMC6/mbed-os/platform/source/mbed_retarget.o
    0x0800606e   0x00000002   PAD
    0x08006070   0x00000020   Code   RO        26447    .text._ZN12DirectSerial5writeEPKvj  BUILD/NUCLEO_F411RE/ARMC6/mbed-os/platform/source/mbed_retarget.o
    0x08006090   0x00000004   Code   RO        26643    .text._ZN12DirectSerial6isattyEv  BUILD/NUCLEO_F411RE/ARMC6/mbed-os/platform/source/mbed_retarget.o
    0x08006094   0x00000034   Code   RO        26445    .text._ZN12DirectSerialC2ERK15serial_pinmap_ti  BUILD/NUCLEO_F411RE/ARMC6/mbed-os/platform/source/mbed_retarget.o
    0x080060c8   0x00000004   Code   RO        26637    .text._ZN12DirectSerialD0Ev  BUILD/NUCLEO_F411RE/ARMC6/mbed-os/platform/source/mbed_retarget.o
    0x080060cc   0x00000018   Code   RO           25    .text._ZN4mbed10DigitalOutC2E7PinName  BUILD/NUCLEO_F411RE/ARMC6/HCSR04/HCSR04.o
    0x080060e4   0x00000006   Code   RO        24264    .text._ZN4mbed10FileHandle12enable_inputEb  BUILD/NUCLEO_F411RE/ARMC6/mbed-os/drivers/usb/source/USBKeyboard.o
    0x080060ea   0x00000002   PAD
    0x080060ec   0x00000010   Code   RO        23386    .text._ZN4mbed10FileHandle12set_blockingEb  BUILD/NUCLEO_F411RE/ARMC6/mbed-os/drivers/source/UnbufferedSerial.o
    0x080060fc   0x00000006   Code   RO        24266    .text._ZN4mbed10FileHandle13enable_outputEb  BUILD/NUCLEO_F411RE/ARMC6/mbed-os/drivers/usb/source/USBKeyboard.o
    0x08006102   0x00000004   Code   RO        23380    .text._ZN4mbed10FileHandle4syncEv  BUILD/NUCLEO_F411RE/ARMC6/mbed-os/drivers/source/UnbufferedSerial.o
    0x08006106   0x0000000a   Code   RO        22616    .text._ZN4mbed10FileHandle4tellEv  BUILD/NUCLEO_F411RE/ARMC6/mbed-os/drivers/source/BufferedSerial.o
    0x08006110   0x00000002   Code   RO        23390    .text._ZN4mbed10FileHandle5sigioENS_8CallbackIFvvEEE  BUILD/NUCLEO_F411RE/ARMC6/mbed-os/drivers/source/UnbufferedSerial.o
    0x08006112   0x0000000a   Code   RO        22618    .text._ZN4mbed10FileHandle6rewindEv  BUILD/NUCLEO_F411RE/ARMC6/mbed-os/drivers/source/BufferedSerial.o
    0x0800611c   0x00000006   Code   RO        22620    .text._ZN4mbed10FileHandle8truncateEl  BUILD/NUCLEO_F411RE/ARMC6/mbed-os/drivers/source/BufferedSerial.o
    0x08006122   0x00000002   Code   RO        25829    .text._ZN4mbed10FileHandleD2Ev  BUILD/NUCLEO_F411RE/ARMC6/mbed-os/platform/source/FileHandle.o
    0x08006124   0x0000001a   Code   RO        22871    .text._ZN4mbed11InterruptIn12_irq_handlerEj14gpio_irq_event  BUILD/NUCLEO_F411RE/ARMC6/mbed-os/drivers/source/InterruptIn.o
    0x0800613e   0x0000002c   Code   RO        22883    .text._ZN4mbed11InterruptIn4fallENS_8CallbackIFvvEEE  BUILD/NUCLEO_F411RE/ARMC6/mbed-os/drivers/source/InterruptIn.o
    0x0800616a   0x0000002c   Code   RO        22881    .text._ZN4mbed11InterruptIn4riseENS_8CallbackIFvvEEE  BUILD/NUCLEO_F411RE/ARMC6/mbed-os/drivers/source/InterruptIn.o
    0x08006196   0x00000002   PAD
    0x08006198   0x00000010   Code   RO        22867    .text._ZN4mbed11InterruptIn8irq_initE7PinName  BUILD/NUCLEO_F411RE/ARMC6/mbed-os/drivers/source/InterruptIn.o
    0x080061a8   0x00000030   Code   RO        22865    .text._ZN4mbed11InterruptInC2E7PinName  BUILD/NUCLEO_F411RE/ARMC6/mbed-os/drivers/source/InterruptIn.o
    0x080061d8   0x0000000e   Code   RO        22875    .text._ZN4mbed11InterruptInD0Ev  BUILD/NUCLEO_F411RE/ARMC6/mbed-os/drivers/source/InterruptIn.o
    0x080061e6   0x00000002   PAD
    0x080061e8   0x0000001c   Code   RO        22873    .text._ZN4mbed11InterruptInD2Ev  BUILD/NUCLEO_F411RE/ARMC6/mbed-os/drivers/source/InterruptIn.o
    0x08006204   0x0000001a   Code   RO        22743    .text._ZN4mbed12DigitalInOut4modeE7PinMode  BUILD/NUCLEO_F411RE/ARMC6/mbed-os/drivers/source/DigitalInOut.o
    0x0800621e   0x00000018   Code   RO        22741    .text._ZN4mbed12DigitalInOut5inputEv  BUILD/NUCLEO_F411RE/ARMC6/mbed-os/drivers/source/DigitalInOut.o
    0x08006236   0x00000018   Code   RO        22739    .text._ZN4mbed12DigitalInOut6outputEv  BUILD/NUCLEO_F411RE/ARMC6/mbed-os/drivers/source/DigitalInOut.o
    0x0800624e   0x00000024   Code   RO         2736    .text._ZN4mbed12DigitalInOutC2E7PinName12PinDirection7PinModei  BUILD/NUCLEO_F411RE/ARMC6/mbed-os/connectivity/drivers/cellular/Altair/ALT1250/PPP/ALT1250_PPP.o
    0x08006272   0x00000002   PAD
    0x08006274   0x00000070   Code   RO        26461    .text._ZN4mbed16mbed_file_handleEi  BUILD/NUCLEO_F411RE/ARMC6/mbed-os/platform/source/mbed_retarget.o
    0x080062e4   0x0000000c   Code   RO        25777    .text._ZN4mbed19CriticalSectionLockC2Ev  BUILD/NUCLEO_F411RE/ARMC6/mbed-os/platform/source/CriticalSectionLock.o
    0x080062f0   0x0000000c   Code   RO        25779    .text._ZN4mbed19CriticalSectionLockD2Ev  BUILD/NUCLEO_F411RE/ARMC6/mbed-os/platform/source/CriticalSectionLock.o
    0x080062fc   0x00000010   Code   RO        22800    .text._ZN4mbed3I2C4lockEv  BUILD/NUCLEO_F411RE/ARMC6/mbed-os/drivers/source/I2C.o
    0x0800630c   0x00000020   Code   RO        22792    .text._ZN4mbed3I2C4readEiPcib  BUILD/NUCLEO_F411RE/ARMC6/mbed-os/drivers/source/I2C.o
    0x0800632c   0x00000020   Code   RO        22788    .text._ZN4mbed3I2C5writeEiPKcib  BUILD/NUCLEO_F411RE/ARMC6/mbed-os/drivers/source/I2C.o
    0x0800634c   0x00000028   Code   RO        22786    .text._ZN4mbed3I2C6aquireEv  BUILD/NUCLEO_F411RE/ARMC6/mbed-os/drivers/source/I2C.o
    0x08006374   0x00000014   Code   RO        22802    .text._ZN4mbed3I2C6unlockEv  BUILD/NUCLEO_F411RE/ARMC6/mbed-os/drivers/source/I2C.o
    0x08006388   0x000000dc   Code   RO        22780    .text._ZN4mbed3I2C7recoverE7PinNameS1_  BUILD/NUCLEO_F411RE/ARMC6/mbed-os/drivers/source/I2C.o
    0x08006464   0x0000005c   Code   RO        22778    .text._ZN4mbed3I2CC2E7PinNameS1_  BUILD/NUCLEO_F411RE/ARMC6/mbed-os/drivers/source/I2C.o
    0x080064c0   0x0000000e   Code   RO        22838    .text._ZN4mbed3I2CD0Ev  BUILD/NUCLEO_F411RE/ARMC6/mbed-os/drivers/source/I2C.o
    0x080064ce   0x00000002   PAD
    0x080064d0   0x0000001c   Code   RO         2411    .text._ZN4mbed3I2CD2Ev  BUILD/NUCLEO_F411RE/ARMC6/mbed-os/connectivity/drivers/802.15.4_RF/atmel-rf-driver/source/NanostackRfPhyAtmel.o
    0x080064ec   0x00000026   Code   RO        22907    .text._ZN4mbed4impl7MbedCRCILj79764919ELh32ELNS_7CrcModeE2EE20compute_partial_stopEPj  BUILD/NUCLEO_F411RE/ARMC6/mbed-os/drivers/source/MbedCRC.o
    0x08006512   0x00000020   Code   RO        22905    .text._ZN4mbed4impl7MbedCRCILj79764919ELh32ELNS_7CrcModeE2EE7computeEPKvjPj  BUILD/NUCLEO_F411RE/ARMC6/mbed-os/drivers/source/MbedCRC.o
    0x08006532   0x00000016   Code   RO        23293    .text._ZN4mbed5TimerC2Ev  BUILD/NUCLEO_F411RE/ARMC6/mbed-os/drivers/source/Timer.o
    0x08006548   0x00000014   Code   RO        22967    .text._ZN4mbed6PwmOut15lock_deep_sleepEv  BUILD/NUCLEO_F411RE/ARMC6/mbed-os/drivers/source/PwmOut.o
    0x0800655c   0x00000026   Code   RO        22935    .text._ZN4mbed6PwmOut4initEv  BUILD/NUCLEO_F411RE/ARMC6/mbed-os/drivers/source/PwmOut.o
    0x08006582   0x0000001c   Code   RO        22933    .text._ZN4mbed6PwmOutC2E7PinName  BUILD/NUCLEO_F411RE/ARMC6/mbed-os/drivers/source/PwmOut.o
    0x0800659e   0x00000004   Code   RO           27    .text._ZN4mbed8CallbackIFvvEE11target_callIZNS2_C1IP6HCSR04MS5_FvvELi0EEET_T0_EUlvE_EEvPKNS_6detail12CallbackBaseE  BUILD/NUCLEO_F411RE/ARMC6/HCSR04/HCSR04.o
    0x080065a2   0x00000002   PAD
    0x080065a4   0x0000007c   Code   RO        25811    .text._ZN4mbed8FileBase6lookupEPKcj  BUILD/NUCLEO_F411RE/ARMC6/mbed-os/platform/source/FileBase.o
    0x08006620   0x00000018   Code   RO        25842    .text._ZN4mbed8FilePath10fileSystemEv  BUILD/NUCLEO_F411RE/ARMC6/mbed-os/platform/source/FilePath.o
    0x08006638   0x00000018   Code   RO        25840    .text._ZN4mbed8FilePath12isFileSystemEv  BUILD/NUCLEO_F411RE/ARMC6/mbed-os/platform/source/FilePath.o
    0x08006650   0x00000018   Code   RO        25846    .text._ZN4mbed8FilePath4fileEv  BUILD/NUCLEO_F411RE/ARMC6/mbed-os/platform/source/FilePath.o
    0x08006668   0x0000000a   Code   RO        25848    .text._ZN4mbed8FilePath6existsEv  BUILD/NUCLEO_F411RE/ARMC6/mbed-os/platform/source/FilePath.o
    0x08006672   0x00000016   Code   RO        25844    .text._ZN4mbed8FilePath6isFileEv  BUILD/NUCLEO_F411RE/ARMC6/mbed-os/platform/source/FilePath.o
    0x08006688   0x0000003c   Code   RO        25836    .text._ZN4mbed8FilePathC2EPKc  BUILD/NUCLEO_F411RE/ARMC6/mbed-os/platform/source/FilePath.o
    0x080066c4   0x00000032   Code   RO        23277    .text._ZN4mbed9TimerBase4stopEv  BUILD/NUCLEO_F411RE/ARMC6/mbed-os/drivers/source/Timer.o
    0x080066f6   0x00000022   Code   RO        23267    .text._ZN4mbed9TimerBase5resetEv  BUILD/NUCLEO_F411RE/ARMC6/mbed-os/drivers/source/Timer.o
    0x08006718   0x0000002c   Code   RO        23275    .text._ZN4mbed9TimerBase5startEv  BUILD/NUCLEO_F411RE/ARMC6/mbed-os/drivers/source/Timer.o
    0x08006744   0x0000001e   Code   RO        23265    .text._ZN4mbed9TimerBaseC2EPK13ticker_data_tb  BUILD/NUCLEO_F411RE/ARMC6/mbed-os/drivers/source/Timer.o
    0x08006762   0x00000012   Code   RO           33    .text._ZN4mstd4impl6INVOKEI6HCSR04FvvERKPS2_JEEENSt3__29enable_ifIXaaaasr3std11is_functionIT0_EE5valuentsr3std10is_base_ofIT_NS7_5decayIT1_E4typeEEE5valuentsr20is_reference_wrapperISE_EE5valueEDTcldsdeclsr3stdE7forwardISC_Efp0_Efp_spclsr3stdE7forwardIT2_Efp1_EEEE4typeEMSA_S9_OSC_DpOSF_  BUILD/NUCLEO_F411RE/ARMC6/HCSR04/HCSR04.o
    0x08006774   0x0000000c   Code   RO           31    .text._ZN4mstd6invokeIRKM6HCSR04FvvEJRKPS1_EEENS_13invoke_resultIT_JDpT0_EE4typeEOSA_DpOSB_  BUILD/NUCLEO_F411RE/ARMC6/HCSR04/HCSR04.o
    0x08006780   0x0000001c   Code   RO        26901    .text._ZN4rtos10EventFlags11constructorEPKc  BUILD/NUCLEO_F411RE/ARMC6/mbed-os/rtos/source/EventFlags.o
    0x0800679c   0x00000006   Code   RO        26905    .text._ZN4rtos10EventFlags3setEj  BUILD/NUCLEO_F411RE/ARMC6/mbed-os/rtos/source/EventFlags.o
    0x080067a2   0x0000000c   Code   RO        26903    .text._ZN4rtos10EventFlagsC2EPKc  BUILD/NUCLEO_F411RE/ARMC6/mbed-os/rtos/source/EventFlags.o
    0x080067ae   0x00000002   PAD
    0x080067b0   0x00000044   Code   RO        26945    .text._ZN4rtos5Mutex11constructorEPKc  BUILD/NUCLEO_F411RE/ARMC6/mbed-os/rtos/source/Mutex.o
    0x080067f4   0x00000030   Code   RO        26949    .text._ZN4rtos5Mutex4lockEv  BUILD/NUCLEO_F411RE/ARMC6/mbed-os/rtos/source/Mutex.o
    0x08006824   0x0000002c   Code   RO        26961    .text._ZN4rtos5Mutex6unlockEv  BUILD/NUCLEO_F411RE/ARMC6/mbed-os/rtos/source/Mutex.o
    0x08006850   0x0000000e   Code   RO        26943    .text._ZN4rtos5MutexC2Ev  BUILD/NUCLEO_F411RE/ARMC6/mbed-os/rtos/source/Mutex.o
    0x0800685e   0x00000002   PAD
    0x08006860   0x0000002c   Code   RO        26933    .text._ZN4rtos6Kernel4impl14get_tick_countEv  BUILD/NUCLEO_F411RE/ARMC6/mbed-os/rtos/source/Kernel.o
    0x0800688c   0x00000028   Code   RO        22840    .text._ZN6CThunkIN4mbed3I2CEE10trampolineEP10CThunkBase  BUILD/NUCLEO_F411RE/ARMC6/mbed-os/drivers/source/I2C.o
    0x080068b4   0x00000014   Code   RO         2413    .text._ZN6CThunkIN4mbed3I2CEED2Ev  BUILD/NUCLEO_F411RE/ARMC6/mbed-os/connectivity/drivers/802.15.4_RF/atmel-rf-driver/source/NanostackRfPhyAtmel.o
    0x080068c8   0x00000048   Code   RO           11    .text._ZN6HCSR045startEv  BUILD/NUCLEO_F411RE/ARMC6/HCSR04/HCSR04.o
    0x08006910   0x0000002c   Code   RO           13    .text._ZN6HCSR048isr_fallEv  BUILD/NUCLEO_F411RE/ARMC6/HCSR04/HCSR04.o
    0x0800693c   0x00000004   Code   RO            9    .text._ZN6HCSR048isr_riseEv  BUILD/NUCLEO_F411RE/ARMC6/HCSR04/HCSR04.o
    0x08006940   0x00000036   Code   RO            5    .text._ZN6HCSR04C2E7PinNameS0_  BUILD/NUCLEO_F411RE/ARMC6/HCSR04/HCSR04.o
    0x08006976   0x00000004   Code   RO          477    .text._ZN6events10EventQueue13function_callIPFvvEEEvPv  BUILD/NUCLEO_F411RE/ARMC6/main.o
    0x0800697a   0x00000002   Code   RO          475    .text._ZN6events10EventQueue13function_dtorIPFvvEEEvPv  BUILD/NUCLEO_F411RE/ARMC6/main.o
    0x0800697c   0x0000003c   Code   RO          473    .text._ZN6events10EventQueue7call_inIPFvvEEEiNSt3__26chrono8durationIiNS4_5ratioILx1ELx1000EEEEET_  BUILD/NUCLEO_F411RE/ARMC6/main.o
    0x080069b8   0x00000020   Code   RO        24652    .text._ZN6events10EventQueueC2EjPh  BUILD/NUCLEO_F411RE/ARMC6/mbed-os/events/source/EventQueue.o
    0x080069d8   0x0000000a   Code   RO           46    .text._ZN7VL53L0X15startContinuousEv  BUILD/NUCLEO_F411RE/ARMC6/VL53L0X/VL53L0X.o
    0x080069e2   0x0000002e   Code   RO           44    .text._ZN7VL53L0X17setModeContinuousEv  BUILD/NUCLEO_F411RE/ARMC6/VL53L0X/VL53L0X.o
    0x08006a10   0x00000012   Code   RO           48    .text._ZN7VL53L0X19getRangeMillimetersEv  BUILD/NUCLEO_F411RE/ARMC6/VL53L0X/VL53L0X.o
    0x08006a22   0x00000022   Code   RO           42    .text._ZN7VL53L0X4initEv  BUILD/NUCLEO_F411RE/ARMC6/VL53L0X/VL53L0X.o
    0x08006a44   0x00000014   Code   RO           38    .text._ZN7VL53L0XC2EPN4mbed3I2CE  BUILD/NUCLEO_F411RE/ARMC6/VL53L0X/VL53L0X.o
    0x08006a58   0x00000034   Code   RO        26451    .text._ZNK12DirectSerial4pollEs  BUILD/NUCLEO_F411RE/ARMC6/mbed-os/platform/source/mbed_retarget.o
    0x08006a8c   0x00000022   Code   RO        21801    .text._ZNK12SingletonPtrIN4rtos5MutexEE3getEv  BUILD/NUCLEO_F411RE/ARMC6/mbed-os/connectivity/netsocket/source/nsapi_dns.o
    0x08006aae   0x00000004   Code   RO        23388    .text._ZNK4mbed10FileHandle11is_blockingEv  BUILD/NUCLEO_F411RE/ARMC6/mbed-os/drivers/source/UnbufferedSerial.o
    0x08006ab2   0x00000002   PAD
    0x08006ab4   0x00000058   Code   RO        22909    .text._ZNK4mbed4impl7MbedCRCILj79764919ELh32ELNS_7CrcModeE2EE18do_compute_partialILS2_2EEENSt3__29enable_ifIXeqT_LS2_2EEiE4typeEPKhjPj  BUILD/NUCLEO_F411RE/ARMC6/mbed-os/drivers/source/MbedCRC.o
    0x08006b0c   0x00000026   Code   RO        23283    .text._ZNK4mbed9TimerBase12elapsed_timeEv  BUILD/NUCLEO_F411RE/ARMC6/mbed-os/drivers/source/Timer.o
    0x08006b32   0x00000030   Code   RO        23279    .text._ZNK4mbed9TimerBase9slicetimeEv  BUILD/NUCLEO_F411RE/ARMC6/mbed-os/drivers/source/Timer.o
    0x08006b62   0x00000008   Code   RO           29    .text._ZZN4mbed8CallbackIFvvEEC1IP6HCSR04MS4_FvvELi0EEET_T0_ENKUlvE_clEv  BUILD/NUCLEO_F411RE/ARMC6/HCSR04/HCSR04.o
    0x08006b6a   0x00000004   Code   RO        26539    .text._ZdlPv        BUILD/NUCLEO_F411RE/ARMC6/mbed-os/platform/source/mbed_retarget.o
    0x08006b6e   0x00000002   PAD
    0x08006b70   0x0000001c   Code   RO        32224    .text.__NVIC_EnableIRQ  BUILD/NUCLEO_F411RE/ARMC6/mbed-os/targets/TARGET_STM/i2c_api.o
    0x08006b8c   0x00000024   Code   RO        32222    .text.__NVIC_SetPriority  BUILD/NUCLEO_F411RE/ARMC6/mbed-os/targets/TARGET_STM/i2c_api.o
    0x08006bb0   0x00000024   Code   RO        26328    .text.__NVIC_SystemReset  BUILD/NUCLEO_F411RE/ARMC6/mbed-os/platform/source/mbed_error.o
    0x08006bd4   0x0000002e   Code   RO        26581    .text.__cxa_guard_acquire  BUILD/NUCLEO_F411RE/ARMC6/mbed-os/platform/source/mbed_retarget.o
    0x08006c02   0x0000000e   Code   RO        26587    .text.__cxa_guard_release  BUILD/NUCLEO_F411RE/ARMC6/mbed-os/platform/source/mbed_retarget.o
    0x08006c10   0x00000038   Code   RO         1089    .text.__rt_entry    BUILD/NUCLEO_F411RE/ARMC6/mbed-os/cmsis/device/rtos/TOOLCHAIN_ARM_STD/mbed_boot_arm_std.o
    0x08006c48   0x0000004c   Code   RO         1093    .text.__user_perthread_libspace  BUILD/NUCLEO_F411RE/ARMC6/mbed-os/cmsis/device/rtos/TOOLCHAIN_ARM_STD/mbed_boot_arm_std.o
    0x08006c94   0x00000004   Code   RO        26517    .text.__user_setup_stackheap  BUILD/NUCLEO_F411RE/ARMC6/mbed-os/platform/source/mbed_retarget.o
    0x08006c98   0x00000026   Code   RO        25430    .text._gpio_init_in  BUILD/NUCLEO_F411RE/ARMC6/mbed-os/hal/source/mbed_gpio.o
    0x08006cbe   0x00000030   Code   RO        25436    .text._gpio_init_out  BUILD/NUCLEO_F411RE/ARMC6/mbed-os/hal/source/mbed_gpio.o
    0x08006cee   0x00000002   PAD
    0x08006cf0   0x0000002c   Code   RO        26513    .text._mbed_user_setup_stackheap  BUILD/NUCLEO_F411RE/ARMC6/mbed-os/platform/source/mbed_retarget.o
    0x08006d1c   0x0000001a   Code   RO         1099    .text._mutex_acquire  BUILD/NUCLEO_F411RE/ARMC6/mbed-os/cmsis/device/rtos/TOOLCHAIN_ARM_STD/mbed_boot_arm_std.o
    0x08006d36   0x00000002   PAD
    0x08006d38   0x00000044   Code   RO         1103    .text._mutex_free   BUILD/NUCLEO_F411RE/ARMC6/mbed-os/cmsis/device/rtos/TOOLCHAIN_ARM_STD/mbed_boot_arm_std.o
    0x08006d7c   0x0000009c   Code   RO         1097    .text._mutex_initialize  BUILD/NUCLEO_F411RE/ARMC6/mbed-os/cmsis/device/rtos/TOOLCHAIN_ARM_STD/mbed_boot_arm_std.o
    0x08006e18   0x00000016   Code   RO         1101    .text._mutex_release  BUILD/NUCLEO_F411RE/ARMC6/mbed-os/cmsis/device/rtos/TOOLCHAIN_ARM_STD/mbed_boot_arm_std.o
    0x08006e2e   0x00000004   Code   RO          676    .text._platform_post_stackheap_init  BUILD/NUCLEO_F411RE/ARMC6/mbed-os/cmsis/CMSIS_5/CMSIS/RTOS2/RTX/Source/rtx_lib.o
    0x08006e32   0x00000004   Code   RO        26481    .text._sys_close    BUILD/NUCLEO_F411RE/ARMC6/mbed-os/platform/source/mbed_retarget.o
    0x08006e36   0x00000002   Code   RO        26491    .text._sys_exit     BUILD/NUCLEO_F411RE/ARMC6/mbed-os/platform/source/mbed_retarget.o
    0x08006e38   0x00000026   Code   RO        26511    .text._sys_flen     BUILD/NUCLEO_F411RE/ARMC6/mbed-os/platform/source/mbed_retarget.o
    0x08006e5e   0x00000004   Code   RO        26499    .text._sys_istty    BUILD/NUCLEO_F411RE/ARMC6/mbed-os/platform/source/mbed_retarget.o
    0x08006e62   0x00000002   PAD
    0x08006e64   0x00000084   Code   RO        26475    .text._sys_open     BUILD/NUCLEO_F411RE/ARMC6/mbed-os/platform/source/mbed_retarget.o
    0x08006ee8   0x00000006   Code   RO        26501    .text._sys_seek     BUILD/NUCLEO_F411RE/ARMC6/mbed-os/platform/source/mbed_retarget.o
    0x08006eee   0x00000002   PAD
    0x08006ef0   0x000000c0   Code   RO        26485    .text._sys_write    BUILD/NUCLEO_F411RE/ARMC6/mbed-os/platform/source/mbed_retarget.o
    0x08006fb0   0x00000014   Code   RO        26493    .text._ttywrch      BUILD/NUCLEO_F411RE/ARMC6/mbed-os/platform/source/mbed_retarget.o
    0x08006fc4   0x00000014   Code   RO        26698    .text._wait_us_ticks  BUILD/NUCLEO_F411RE/ARMC6/mbed-os/platform/source/mbed_wait_api_no_rtos.o
    0x08006fd8   0x00000002   Code   RO        25583    .text.block_us_ticker_free  BUILD/NUCLEO_F411RE/ARMC6/mbed-os/hal/source/mbed_us_ticker_api.o
    0x08006fda   0x00000002   PAD
    0x08006fdc   0x00000038   Code   RO        26483    .text.close         BUILD/NUCLEO_F411RE/ARMC6/mbed-os/platform/source/mbed_retarget.o
    0x08007014   0x0000000c   Code   RO        26273    .text.core_util_are_interrupts_enabled  BUILD/NUCLEO_F411RE/ARMC6/mbed-os/platform/source/mbed_critical.o
    0x08007020   0x00000012   Code   RO        26176    .text.core_util_atomic_decr_u16  BUILD/NUCLEO_F411RE/ARMC6/mbed-os/platform/source/mbed_atomic_impl.o
    0x08007032   0x00000010   Code   RO        26162    .text.core_util_atomic_exchange_u8  BUILD/NUCLEO_F411RE/ARMC6/mbed-os/platform/source/mbed_atomic_impl.o
    0x08007042   0x00000014   Code   RO        26160    .text.core_util_atomic_flag_test_and_set  BUILD/NUCLEO_F411RE/ARMC6/mbed-os/platform/source/mbed_atomic_impl.o
    0x08007056   0x00000012   Code   RO        26170    .text.core_util_atomic_incr_u16  BUILD/NUCLEO_F411RE/ARMC6/mbed-os/platform/source/mbed_atomic_impl.o
    0x08007068   0x00000010   Code   RO        26279    .text.core_util_critical_section_enter  BUILD/NUCLEO_F411RE/ARMC6/mbed-os/platform/source/mbed_critical.o
    0x08007078   0x00000018   Code   RO        26281    .text.core_util_critical_section_exit  BUILD/NUCLEO_F411RE/ARMC6/mbed-os/platform/source/mbed_critical.o
    0x08007090   0x0000000c   Code   RO        26275    .text.core_util_is_isr_active  BUILD/NUCLEO_F411RE/ARMC6/mbed-os/platform/source/mbed_critical.o
    0x0800709c   0x00000076   Code   RO        24686    .text.equeue_alloc  BUILD/NUCLEO_F411RE/ARMC6/mbed-os/events/source/equeue.o
    0x08007112   0x00000024   Code   RO        24680    .text.equeue_create  BUILD/NUCLEO_F411RE/ARMC6/mbed-os/events/source/equeue.o
    0x08007136   0x00000072   Code   RO        24682    .text.equeue_create_inplace  BUILD/NUCLEO_F411RE/ARMC6/mbed-os/events/source/equeue.o
    0x080071a8   0x0000009e   Code   RO        24690    .text.equeue_enqueue  BUILD/NUCLEO_F411RE/ARMC6/mbed-os/events/source/equeue.o
    0x08007246   0x00000004   Code   RO        24748    .text.equeue_mutex_lock  BUILD/NUCLEO_F411RE/ARMC6/mbed-os/events/source/equeue_mbed.o
    0x0800724a   0x00000004   Code   RO        24750    .text.equeue_mutex_unlock  BUILD/NUCLEO_F411RE/ARMC6/mbed-os/events/source/equeue_mbed.o
    0x0800724e   0x00000042   Code   RO        24692    .text.equeue_post   BUILD/NUCLEO_F411RE/ARMC6/mbed-os/events/source/equeue.o
    0x08007290   0x00000014   Code   RO        24752    .text.equeue_sema_create  BUILD/NUCLEO_F411RE/ARMC6/mbed-os/events/source/equeue_mbed.o
    0x080072a4   0x00000006   Code   RO        24756    .text.equeue_sema_signal  BUILD/NUCLEO_F411RE/ARMC6/mbed-os/events/source/equeue_mbed.o
    0x080072aa   0x00000008   Code   RO        24742    .text.equeue_tick   BUILD/NUCLEO_F411RE/ARMC6/mbed-os/events/source/equeue_mbed.o
    0x080072b2   0x00000002   PAD
    0x080072b4   0x00000024   Code   RO        26286    .text.error         BUILD/NUCLEO_F411RE/ARMC6/mbed-os/platform/source/mbed_error.o
    0x080072d8   0x0000001c   Code   RO        25567    .text.exact_log2    BUILD/NUCLEO_F411RE/ARMC6/mbed-os/hal/source/mbed_ticker_api.o
    0x080072f4   0x0000002c   Code   RO        26557    .text.exit          BUILD/NUCLEO_F411RE/ARMC6/mbed-os/platform/source/mbed_retarget.o
    0x08007320   0x00000028   Code   RO        26509    .text.fsync         BUILD/NUCLEO_F411RE/ARMC6/mbed-os/platform/source/mbed_retarget.o
    0x08007348   0x00000138   Code   RO          355    .text.get_sequence_step_timeout  BUILD/NUCLEO_F411RE/ARMC6/VL53L0X/core/src/vl53l0x_api_core.o
    0x08007480   0x00000008   Code   RO        25577    .text.get_us_ticker_data  BUILD/NUCLEO_F411RE/ARMC6/mbed-os/hal/source/mbed_us_ticker_api.o
    0x08007488   0x0000002a   Code   RO        32173    .text.gpio_dir      BUILD/NUCLEO_F411RE/ARMC6/mbed-os/targets/TARGET_STM/gpio_api.o
    0x080074b2   0x00000002   PAD
    0x080074b4   0x00000044   Code   RO        32169    .text.gpio_init     BUILD/NUCLEO_F411RE/ARMC6/mbed-os/targets/TARGET_STM/gpio_api.o
    0x080074f8   0x00000006   Code   RO        25426    .text.gpio_init_in  BUILD/NUCLEO_F411RE/ARMC6/mbed-os/hal/source/mbed_gpio.o
    0x080074fe   0x00000036   Code   RO        25438    .text.gpio_init_inout  BUILD/NUCLEO_F411RE/ARMC6/mbed-os/hal/source/mbed_gpio.o
    0x08007534   0x00000006   Code   RO        25432    .text.gpio_init_out  BUILD/NUCLEO_F411RE/ARMC6/mbed-os/hal/source/mbed_gpio.o
    0x0800753a   0x00000008   Code   RO        25434    .text.gpio_init_out_ex  BUILD/NUCLEO_F411RE/ARMC6/mbed-os/hal/source/mbed_gpio.o
    0x08007542   0x00000006   Code   RO        32179    .text.gpio_irq0     BUILD/NUCLEO_F411RE/ARMC6/mbed-os/targets/TARGET_STM/gpio_irq_api.o
    0x08007548   0x00000006   Code   RO        32181    .text.gpio_irq1     BUILD/NUCLEO_F411RE/ARMC6/mbed-os/targets/TARGET_STM/gpio_irq_api.o
    0x0800754e   0x00000006   Code   RO        32183    .text.gpio_irq2     BUILD/NUCLEO_F411RE/ARMC6/mbed-os/targets/TARGET_STM/gpio_irq_api.o
    0x08007554   0x00000006   Code   RO        32185    .text.gpio_irq3     BUILD/NUCLEO_F411RE/ARMC6/mbed-os/targets/TARGET_STM/gpio_irq_api.o
    0x0800755a   0x00000006   Code   RO        32187    .text.gpio_irq4     BUILD/NUCLEO_F411RE/ARMC6/mbed-os/targets/TARGET_STM/gpio_irq_api.o
    0x08007560   0x00000008   Code   RO        32189    .text.gpio_irq5     BUILD/NUCLEO_F411RE/ARMC6/mbed-os/targets/TARGET_STM/gpio_irq_api.o
    0x08007568   0x00000008   Code   RO        32191    .text.gpio_irq6     BUILD/NUCLEO_F411RE/ARMC6/mbed-os/targets/TARGET_STM/gpio_irq_api.o
    0x08007570   0x000000a4   Code   RO        32197    .text.gpio_irq_disable  BUILD/NUCLEO_F411RE/ARMC6/mbed-os/targets/TARGET_STM/gpio_irq_api.o
    0x08007614   0x00000094   Code   RO        32193    .text.gpio_irq_enable  BUILD/NUCLEO_F411RE/ARMC6/mbed-os/targets/TARGET_STM/gpio_irq_api.o
    0x080076a8   0x00000064   Code   RO        32195    .text.gpio_irq_free  BUILD/NUCLEO_F411RE/ARMC6/mbed-os/targets/TARGET_STM/gpio_irq_api.o
    0x0800770c   0x00000190   Code   RO        32177    .text.gpio_irq_init  BUILD/NUCLEO_F411RE/ARMC6/mbed-os/targets/TARGET_STM/gpio_irq_api.o
    0x0800789c   0x00000064   Code   RO        32199    .text.gpio_irq_set  BUILD/NUCLEO_F411RE/ARMC6/mbed-os/targets/TARGET_STM/gpio_irq_api.o
    0x08007900   0x00000008   Code   RO        32171    .text.gpio_mode     BUILD/NUCLEO_F411RE/ARMC6/mbed-os/targets/TARGET_STM/gpio_api.o
    0x08007908   0x00000018   Code   RO        32167    .text.gpio_set      BUILD/NUCLEO_F411RE/ARMC6/mbed-os/targets/TARGET_STM/gpio_api.o
    0x08007920   0x00000014   Code   RO        25424    .text.gpio_write    BUILD/NUCLEO_F411RE/ARMC6/mbed-os/hal/source/mbed_gpio.o
    0x08007934   0x0000001c   Code   RO        25411    .text.hal_critical_section_enter  BUILD/NUCLEO_F411RE/ARMC6/mbed-os/hal/source/mbed_critical_section_api.o
    0x08007950   0x00000014   Code   RO        25413    .text.hal_critical_section_exit  BUILD/NUCLEO_F411RE/ARMC6/mbed-os/hal/source/mbed_critical_section_api.o
    0x08007964   0x00000114   Code   RO        32486    .text.hal_deepsleep  BUILD/NUCLEO_F411RE/ARMC6/mbed-os/targets/TARGET_STM/sleep.o
    0x08007a78   0x00000020   Code   RO        32484    .text.hal_sleep     BUILD/NUCLEO_F411RE/ARMC6/mbed-os/targets/TARGET_STM/sleep.o
    0x08007a98   0x00000090   Code   RO        26288    .text.handle_error  BUILD/NUCLEO_F411RE/ARMC6/mbed-os/platform/source/mbed_error.o
    0x08007b28   0x000000b4   Code   RO        32201    .text.handle_interrupt_in  BUILD/NUCLEO_F411RE/ARMC6/mbed-os/targets/TARGET_STM/gpio_irq_api.o
    0x08007bdc   0x00000018   Code   RO        32230    .text.i2c1_irq      BUILD/NUCLEO_F411RE/ARMC6/mbed-os/targets/TARGET_STM/i2c_api.o
    0x08007bf4   0x00000018   Code   RO        32232    .text.i2c2_irq      BUILD/NUCLEO_F411RE/ARMC6/mbed-os/targets/TARGET_STM/i2c_api.o
    0x08007c0c   0x00000018   Code   RO        32234    .text.i2c3_irq      BUILD/NUCLEO_F411RE/ARMC6/mbed-os/targets/TARGET_STM/i2c_api.o
    0x08007c24   0x00000018   Code   RO        32226    .text.i2c_ev_err_disable  BUILD/NUCLEO_F411RE/ARMC6/mbed-os/targets/TARGET_STM/i2c_api.o
    0x08007c3c   0x0000004c   Code   RO        32220    .text.i2c_ev_err_enable  BUILD/NUCLEO_F411RE/ARMC6/mbed-os/targets/TARGET_STM/i2c_api.o
    0x08007c88   0x00000050   Code   RO        32242    .text.i2c_frequency  BUILD/NUCLEO_F411RE/ARMC6/mbed-os/targets/TARGET_STM/i2c_api.o
    0x08007cd8   0x00000038   Code   RO        32228    .text.i2c_get_irq_handler  BUILD/NUCLEO_F411RE/ARMC6/mbed-os/targets/TARGET_STM/i2c_api.o
    0x08007d10   0x0000005c   Code   RO        32236    .text.i2c_hw_reset  BUILD/NUCLEO_F411RE/ARMC6/mbed-os/targets/TARGET_STM/i2c_api.o
    0x08007d6c   0x00000068   Code   RO        32248    .text.i2c_init      BUILD/NUCLEO_F411RE/ARMC6/mbed-os/targets/TARGET_STM/i2c_api.o
    0x08007dd4   0x00000018   Code   RO        32246    .text.i2c_init_direct  BUILD/NUCLEO_F411RE/ARMC6/mbed-os/targets/TARGET_STM/i2c_api.o
    0x08007dec   0x00000110   Code   RO        32240    .text.i2c_init_internal  BUILD/NUCLEO_F411RE/ARMC6/mbed-os/targets/TARGET_STM/i2c_api.o
    0x08007efc   0x00000074   Code   RO        32264    .text.i2c_read      BUILD/NUCLEO_F411RE/ARMC6/mbed-os/targets/TARGET_STM/i2c_api.o
    0x08007f70   0x00000026   Code   RO        32274    .text.i2c_slave_address  BUILD/NUCLEO_F411RE/ARMC6/mbed-os/targets/TARGET_STM/i2c_api.o
    0x08007f96   0x00000002   PAD
    0x08007f98   0x00000078   Code   RO        32266    .text.i2c_write     BUILD/NUCLEO_F411RE/ARMC6/mbed-os/targets/TARGET_STM/i2c_api.o
    0x08008010   0x000000a8   Code   RO        32557    .text.init_32bit_timer  BUILD/NUCLEO_F411RE/ARMC6/mbed-os/targets/TARGET_STM/us_ticker.o
    0x080080b8   0x00000060   Code   RO        32450    .text.init_uart     BUILD/NUCLEO_F411RE/ARMC6/mbed-os/targets/TARGET_STM/serial_api.o
    0x08008118   0x000000e4   Code   RO        25539    .text.initialize    BUILD/NUCLEO_F411RE/ARMC6/mbed-os/hal/source/mbed_ticker_api.o
    0x080081fc   0x00000028   Code   RO        26469    .text.isatty        BUILD/NUCLEO_F411RE/ARMC6/mbed-os/platform/source/mbed_retarget.o
    0x08008224   0x0000002a   Code   RO        26503    .text.lseek         BUILD/NUCLEO_F411RE/ARMC6/mbed-os/platform/source/mbed_retarget.o
    0x0800824e   0x00000002   PAD
    0x08008250   0x00000058   Code   RO          458    .text.main          BUILD/NUCLEO_F411RE/ARMC6/main.o
    0x080082a8   0x00000064   Code   RO        26262    .text.mbed_die      BUILD/NUCLEO_F411RE/ARMC6/mbed-os/platform/source/mbed_board.o
    0x0800830c   0x00000064   Code   RO        26308    .text.mbed_error    BUILD/NUCLEO_F411RE/ARMC6/mbed-os/platform/source/mbed_error.o
    0x08008370   0x00000068   Code   RO        26296    .text.mbed_error_initialize  BUILD/NUCLEO_F411RE/ARMC6/mbed-os/platform/source/mbed_error.o
    0x080083d8   0x00000018   Code   RO        26264    .text.mbed_error_printf  BUILD/NUCLEO_F411RE/ARMC6/mbed-os/platform/source/mbed_board.o
    0x080083f0   0x0000004c   Code   RO        26268    .text.mbed_error_puts  BUILD/NUCLEO_F411RE/ARMC6/mbed-os/platform/source/mbed_board.o
    0x0800843c   0x00000034   Code   RO        26266    .text.mbed_error_vprintf  BUILD/NUCLEO_F411RE/ARMC6/mbed-os/platform/source/mbed_board.o
    0x08008470   0x000000f4   Code   RO        26139    .text.mbed_fault_handler  BUILD/NUCLEO_F411RE/ARMC6/mbed-os/platform/source/TARGET_CORTEX_M/mbed_fault_handler.o
    0x08008564   0x0000000c   Code   RO        26304    .text.mbed_get_error_in_progress  BUILD/NUCLEO_F411RE/ARMC6/mbed-os/platform/source/mbed_error.o
    0x08008570   0x00000030   Code   RO        26290    .text.mbed_halt_system  BUILD/NUCLEO_F411RE/ARMC6/mbed-os/platform/source/mbed_error.o
    0x080085a0   0x0000003c   Code   RO         1111    .text.mbed_init     BUILD/NUCLEO_F411RE/ARMC6/mbed-os/cmsis/device/rtos/source/mbed_boot.o
    0x080085dc   0x000002a6   Code   RO        26839    .text.mbed_minimal_formatted_string  BUILD/NUCLEO_F411RE/ARMC6/mbed-os/platform/source/minimal-printf/mbed_printf_implementation.o
    0x08008882   0x00000002   PAD
    0x08008884   0x0000012c   Code   RO        26843    .text.mbed_minimal_formatted_string_integer  BUILD/NUCLEO_F411RE/ARMC6/mbed-os/platform/source/minimal-printf/mbed_printf_implementation.o
    0x080089b0   0x0000003c   Code   RO        26845    .text.mbed_minimal_putchar  BUILD/NUCLEO_F411RE/ARMC6/mbed-os/platform/source/minimal-printf/mbed_printf_implementation.o
    0x080089ec   0x0000005c   Code   RO        25591    .text.mbed_mpu_init  BUILD/NUCLEO_F411RE/ARMC6/mbed-os/hal/source/mpu/mbed_mpu_v7m.o
    0x08008a48   0x00000004   Code   RO         1127    .text.mbed_rtos_init  BUILD/NUCLEO_F411RE/ARMC6/mbed-os/cmsis/device/rtos/source/mbed_rtos_rtx.o
    0x08008a4c   0x00000024   Code   RO         1131    .text.mbed_rtos_init_singleton_mutex  BUILD/NUCLEO_F411RE/ARMC6/mbed-os/cmsis/device/rtos/source/mbed_rtos_rtx.o
    0x08008a70   0x00000068   Code   RO         1129    .text.mbed_rtos_start  BUILD/NUCLEO_F411RE/ARMC6/mbed-os/cmsis/device/rtos/source/mbed_rtos_rtx.o
    0x08008ad8   0x00000038   Code   RO        32349    .text.mbed_sdk_init  BUILD/NUCLEO_F411RE/ARMC6/mbed-os/targets/TARGET_STM/mbed_overrides.o
    0x08008b10   0x0000001e   Code   RO         1115    .text.mbed_start    BUILD/NUCLEO_F411RE/ARMC6/mbed-os/cmsis/device/rtos/source/mbed_boot.o
    0x08008b2e   0x0000001e   Code   RO        22896    .text.mbed_tiny_compute_crc32  BUILD/NUCLEO_F411RE/ARMC6/mbed-os/drivers/source/MbedCRC.o
    0x08008b4c   0x00000018   Code   RO         1091    .text.mbed_toolchain_init  BUILD/NUCLEO_F411RE/ARMC6/mbed-os/cmsis/device/rtos/TOOLCHAIN_ARM_STD/mbed_boot_arm_std.o
    0x08008b64   0x00000084   Code   RO        26477    .text.open          BUILD/NUCLEO_F411RE/ARMC6/mbed-os/platform/source/mbed_retarget.o
    0x08008be8   0x00000034   Code   RO          544    .text.osEventFlagsNew  BUILD/NUCLEO_F411RE/ARMC6/mbed-os/cmsis/CMSIS_5/CMSIS/RTOS2/RTX/Source/rtx_evflags.o
    0x08008c1c   0x00000050   Code   RO          548    .text.osEventFlagsSet  BUILD/NUCLEO_F411RE/ARMC6/mbed-os/cmsis/CMSIS_5/CMSIS/RTOS2/RTX/Source/rtx_evflags.o
    0x08008c6c   0x0000002c   Code   RO          618    .text.osKernelGetState  BUILD/NUCLEO_F411RE/ARMC6/mbed-os/cmsis/CMSIS_5/CMSIS/RTOS2/RTX/Source/rtx_kernel.o
    0x08008c98   0x00000028   Code   RO          634    .text.osKernelGetTickCount  BUILD/NUCLEO_F411RE/ARMC6/mbed-os/cmsis/CMSIS_5/CMSIS/RTOS2/RTX/Source/rtx_kernel.o
    0x08008cc0   0x0000002c   Code   RO          612    .text.osKernelInitialize  BUILD/NUCLEO_F411RE/ARMC6/mbed-os/cmsis/CMSIS_5/CMSIS/RTOS2/RTX/Source/rtx_kernel.o
    0x08008cec   0x00000028   Code   RO          622    .text.osKernelStart  BUILD/NUCLEO_F411RE/ARMC6/mbed-os/cmsis/CMSIS_5/CMSIS/RTOS2/RTX/Source/rtx_kernel.o
    0x08008d14   0x00000070   Code   RO          754    .text.osMessageQueueGet  BUILD/NUCLEO_F411RE/ARMC6/mbed-os/cmsis/CMSIS_5/CMSIS/RTOS2/RTX/Source/rtx_msgqueue.o
    0x08008d84   0x00000034   Code   RO          748    .text.osMessageQueueNew  BUILD/NUCLEO_F411RE/ARMC6/mbed-os/cmsis/CMSIS_5/CMSIS/RTOS2/RTX/Source/rtx_msgqueue.o
    0x08008db8   0x0000007c   Code   RO          752    .text.osMessageQueuePut  BUILD/NUCLEO_F411RE/ARMC6/mbed-os/cmsis/CMSIS_5/CMSIS/RTOS2/RTX/Source/rtx_msgqueue.o
    0x08008e34   0x0000002c   Code   RO          810    .text.osMutexAcquire  BUILD/NUCLEO_F411RE/ARMC6/mbed-os/cmsis/CMSIS_5/CMSIS/RTOS2/RTX/Source/rtx_mutex.o
    0x08008e60   0x0000002c   Code   RO          816    .text.osMutexDelete  BUILD/NUCLEO_F411RE/ARMC6/mbed-os/cmsis/CMSIS_5/CMSIS/RTOS2/RTX/Source/rtx_mutex.o
    0x08008e8c   0x00000034   Code   RO          806    .text.osMutexNew    BUILD/NUCLEO_F411RE/ARMC6/mbed-os/cmsis/CMSIS_5/CMSIS/RTOS2/RTX/Source/rtx_mutex.o
    0x08008ec0   0x0000002c   Code   RO          812    .text.osMutexRelease  BUILD/NUCLEO_F411RE/ARMC6/mbed-os/cmsis/CMSIS_5/CMSIS/RTOS2/RTX/Source/rtx_mutex.o
    0x08008eec   0x00000050   Code   RO         1146    .text.osRtxErrorNotify  BUILD/NUCLEO_F411RE/ARMC6/mbed-os/cmsis/device/rtos/source/mbed_rtx_handlers.o
    0x08008f3c   0x00000032   Code   RO          564    .text.osRtxEventFlagsPostProcess  BUILD/NUCLEO_F411RE/ARMC6/mbed-os/cmsis/CMSIS_5/CMSIS/RTOS2/RTX/Source/rtx_evflags.o
    0x08008f6e   0x00000004   Code   RO         1144    .text.osRtxIdleThread  BUILD/NUCLEO_F411RE/ARMC6/mbed-os/cmsis/device/rtos/source/mbed_rtx_handlers.o
    0x08008f72   0x0000006c   Code   RO          694    .text.osRtxMemoryAlloc  BUILD/NUCLEO_F411RE/ARMC6/mbed-os/cmsis/CMSIS_5/CMSIS/RTOS2/RTX/Source/rtx_memory.o
    0x08008fde   0x00000042   Code   RO          696    .text.osRtxMemoryFree  BUILD/NUCLEO_F411RE/ARMC6/mbed-os/cmsis/CMSIS_5/CMSIS/RTOS2/RTX/Source/rtx_memory.o
    0x08009020   0x00000036   Code   RO          692    .text.osRtxMemoryInit  BUILD/NUCLEO_F411RE/ARMC6/mbed-os/cmsis/CMSIS_5/CMSIS/RTOS2/RTX/Source/rtx_memory.o
    0x08009056   0x0000003a   Code   RO          702    .text.osRtxMemoryPoolAlloc  BUILD/NUCLEO_F411RE/ARMC6/mbed-os/cmsis/CMSIS_5/CMSIS/RTOS2/RTX/Source/rtx_mempool.o
    0x08009090   0x0000004a   Code   RO          704    .text.osRtxMemoryPoolFree  BUILD/NUCLEO_F411RE/ARMC6/mbed-os/cmsis/CMSIS_5/CMSIS/RTOS2/RTX/Source/rtx_mempool.o
    0x080090da   0x00000038   Code   RO          700    .text.osRtxMemoryPoolInit  BUILD/NUCLEO_F411RE/ARMC6/mbed-os/cmsis/CMSIS_5/CMSIS/RTOS2/RTX/Source/rtx_mempool.o
    0x08009112   0x000000aa   Code   RO          778    .text.osRtxMessageQueuePostProcess  BUILD/NUCLEO_F411RE/ARMC6/mbed-os/cmsis/CMSIS_5/CMSIS/RTOS2/RTX/Source/rtx_msgqueue.o
    0x080091bc   0x00000048   Code   RO          802    .text.osRtxMutexOwnerRelease  BUILD/NUCLEO_F411RE/ARMC6/mbed-os/cmsis/CMSIS_5/CMSIS/RTOS2/RTX/Source/rtx_mutex.o
    0x08009204   0x00000042   Code   RO          804    .text.osRtxMutexOwnerRestore  BUILD/NUCLEO_F411RE/ARMC6/mbed-os/cmsis/CMSIS_5/CMSIS/RTOS2/RTX/Source/rtx_mutex.o
    0x08009246   0x00000002   PAD
    0x08009248   0x00000088   Code   RO          874    .text.osRtxPendSV_Handler  BUILD/NUCLEO_F411RE/ARMC6/mbed-os/cmsis/CMSIS_5/CMSIS/RTOS2/RTX/Source/rtx_system.o
    0x080092d0   0x00000070   Code   RO          876    .text.osRtxPostProcess  BUILD/NUCLEO_F411RE/ARMC6/mbed-os/cmsis/CMSIS_5/CMSIS/RTOS2/RTX/Source/rtx_system.o
    0x08009340   0x00000034   Code   RO          902    .text.osRtxThreadBlock  BUILD/NUCLEO_F411RE/ARMC6/mbed-os/cmsis/CMSIS_5/CMSIS/RTOS2/RTX/Source/rtx_thread.o
    0x08009374   0x0000007c   Code   RO          910    .text.osRtxThreadDelayInsert  BUILD/NUCLEO_F411RE/ARMC6/mbed-os/cmsis/CMSIS_5/CMSIS/RTOS2/RTX/Source/rtx_thread.o
    0x080093f0   0x00000038   Code   RO          906    .text.osRtxThreadDelayRemove  BUILD/NUCLEO_F411RE/ARMC6/mbed-os/cmsis/CMSIS_5/CMSIS/RTOS2/RTX/Source/rtx_thread.o
    0x08009428   0x00000048   Code   RO          890    .text.osRtxThreadDelayTick  BUILD/NUCLEO_F411RE/ARMC6/mbed-os/cmsis/CMSIS_5/CMSIS/RTOS2/RTX/Source/rtx_thread.o
    0x08009470   0x00000054   Code   RO          900    .text.osRtxThreadDispatch  BUILD/NUCLEO_F411RE/ARMC6/mbed-os/cmsis/CMSIS_5/CMSIS/RTOS2/RTX/Source/rtx_thread.o
    0x080094c4   0x00000054   Code   RO          986    .text.osRtxThreadFree  BUILD/NUCLEO_F411RE/ARMC6/mbed-os/cmsis/CMSIS_5/CMSIS/RTOS2/RTX/Source/rtx_thread.o
    0x08009518   0x00000012   Code   RO          882    .text.osRtxThreadListGet  BUILD/NUCLEO_F411RE/ARMC6/mbed-os/cmsis/CMSIS_5/CMSIS/RTOS2/RTX/Source/rtx_thread.o
    0x0800952a   0x0000002c   Code   RO          880    .text.osRtxThreadListPut  BUILD/NUCLEO_F411RE/ARMC6/mbed-os/cmsis/CMSIS_5/CMSIS/RTOS2/RTX/Source/rtx_thread.o
    0x08009556   0x00000014   Code   RO          886    .text.osRtxThreadListRemove  BUILD/NUCLEO_F411RE/ARMC6/mbed-os/cmsis/CMSIS_5/CMSIS/RTOS2/RTX/Source/rtx_thread.o
    0x0800956a   0x0000000c   Code   RO          892    .text.osRtxThreadListRoot  BUILD/NUCLEO_F411RE/ARMC6/mbed-os/cmsis/CMSIS_5/CMSIS/RTOS2/RTX/Source/rtx_thread.o
    0x08009576   0x00000026   Code   RO          884    .text.osRtxThreadListSort  BUILD/NUCLEO_F411RE/ARMC6/mbed-os/cmsis/CMSIS_5/CMSIS/RTOS2/RTX/Source/rtx_thread.o
    0x0800959c   0x00000020   Code   RO          960    .text.osRtxThreadPostProcess  BUILD/NUCLEO_F411RE/ARMC6/mbed-os/cmsis/CMSIS_5/CMSIS/RTOS2/RTX/Source/rtx_thread.o
    0x080095bc   0x00000010   Code   RO          888    .text.osRtxThreadReadyPut  BUILD/NUCLEO_F411RE/ARMC6/mbed-os/cmsis/CMSIS_5/CMSIS/RTOS2/RTX/Source/rtx_thread.o
    0x080095cc   0x00000014   Code   RO          894    .text.osRtxThreadRegPtr  BUILD/NUCLEO_F411RE/ARMC6/mbed-os/cmsis/CMSIS_5/CMSIS/RTOS2/RTX/Source/rtx_thread.o
    0x080095e0   0x00000028   Code   RO          898    .text.osRtxThreadStackCheck  BUILD/NUCLEO_F411RE/ARMC6/mbed-os/cmsis/CMSIS_5/CMSIS/RTOS2/RTX/Source/rtx_thread.o
    0x08009608   0x00000034   Code   RO          912    .text.osRtxThreadStartup  BUILD/NUCLEO_F411RE/ARMC6/mbed-os/cmsis/CMSIS_5/CMSIS/RTOS2/RTX/Source/rtx_thread.o
    0x0800963c   0x0000000c   Code   RO          896    .text.osRtxThreadSwitch  BUILD/NUCLEO_F411RE/ARMC6/mbed-os/cmsis/CMSIS_5/CMSIS/RTOS2/RTX/Source/rtx_thread.o
    0x08009648   0x0000003c   Code   RO          908    .text.osRtxThreadWaitEnter  BUILD/NUCLEO_F411RE/ARMC6/mbed-os/cmsis/CMSIS_5/CMSIS/RTOS2/RTX/Source/rtx_thread.o
    0x08009684   0x00000030   Code   RO          904    .text.osRtxThreadWaitExit  BUILD/NUCLEO_F411RE/ARMC6/mbed-os/cmsis/CMSIS_5/CMSIS/RTOS2/RTX/Source/rtx_thread.o
    0x080096b4   0x00000074   Code   RO          872    .text.osRtxTick_Handler  BUILD/NUCLEO_F411RE/ARMC6/mbed-os/cmsis/CMSIS_5/CMSIS/RTOS2/RTX/Source/rtx_system.o
    0x08009728   0x0000003c   Code   RO         1030    .text.osRtxTimerThread  BUILD/NUCLEO_F411RE/ARMC6/mbed-os/cmsis/CMSIS_5/CMSIS/RTOS2/RTX/Source/rtx_timer.o
    0x08009764   0x00000054   Code   RO         1032    .text.osRtxTimerTick  BUILD/NUCLEO_F411RE/ARMC6/mbed-os/cmsis/CMSIS_5/CMSIS/RTOS2/RTX/Source/rtx_timer.o
    0x080097b8   0x0000001c   Code   RO          944    .text.osThreadExit  BUILD/NUCLEO_F411RE/ARMC6/mbed-os/cmsis/CMSIS_5/CMSIS/RTOS2/RTX/Source/rtx_thread.o
    0x080097d4   0x00000028   Code   RO          920    .text.osThreadGetId  BUILD/NUCLEO_F411RE/ARMC6/mbed-os/cmsis/CMSIS_5/CMSIS/RTOS2/RTX/Source/rtx_thread.o
    0x080097fc   0x00000034   Code   RO          916    .text.osThreadNew   BUILD/NUCLEO_F411RE/ARMC6/mbed-os/cmsis/CMSIS_5/CMSIS/RTOS2/RTX/Source/rtx_thread.o
    0x08009830   0x00000020   Code   RO         1095    .text.os_kernel_is_active  BUILD/NUCLEO_F411RE/ARMC6/mbed-os/cmsis/device/rtos/TOOLCHAIN_ARM_STD/mbed_boot_arm_std.o
    0x08009850   0x00000024   Code   RO        26841    .text.parse_string_to_integer  BUILD/NUCLEO_F411RE/ARMC6/mbed-os/platform/source/minimal-printf/mbed_printf_implementation.o
    0x08009874   0x000000e0   Code   RO        32355    .text.pin_function  BUILD/NUCLEO_F411RE/ARMC6/mbed-os/targets/TARGET_STM/pinmap.o
    0x08009954   0x00000078   Code   RO        32359    .text.pin_mode      BUILD/NUCLEO_F411RE/ARMC6/mbed-os/targets/TARGET_STM/pinmap.o
    0x080099cc   0x00000022   Code   RO        25500    .text.pinmap_find_function  BUILD/NUCLEO_F411RE/ARMC6/mbed-os/hal/source/mbed_pinmap_common.o
    0x080099ee   0x00000022   Code   RO        25496    .text.pinmap_find_peripheral  BUILD/NUCLEO_F411RE/ARMC6/mbed-os/hal/source/mbed_pinmap_common.o
    0x08009a10   0x00000024   Code   RO        25494    .text.pinmap_merge  BUILD/NUCLEO_F411RE/ARMC6/mbed-os/hal/source/mbed_pinmap_common.o
    0x08009a34   0x00000028   Code   RO        25498    .text.pinmap_peripheral  BUILD/NUCLEO_F411RE/ARMC6/mbed-os/hal/source/mbed_pinmap_common.o
    0x08009a5c   0x0000015c   Code   RO        26141    .text.print_context_info  BUILD/NUCLEO_F411RE/ARMC6/mbed-os/platform/source/TARGET_CORTEX_M/mbed_fault_handler.o
    0x08009bb8   0x00000030   Code   RO        32384    .text.pwmout_init   BUILD/NUCLEO_F411RE/ARMC6/mbed-os/targets/TARGET_STM/pwmout_api.o
    0x08009be8   0x0000013c   Code   RO        32380    .text.pwmout_init_direct  BUILD/NUCLEO_F411RE/ARMC6/mbed-os/targets/TARGET_STM/pwmout_api.o
    0x08009d24   0x00000128   Code   RO        32382    .text.pwmout_period_us  BUILD/NUCLEO_F411RE/ARMC6/mbed-os/targets/TARGET_STM/pwmout_api.o
    0x08009e4c   0x00000038   Code   RO        32390    .text.pwmout_read   BUILD/NUCLEO_F411RE/ARMC6/mbed-os/targets/TARGET_STM/pwmout_api.o
    0x08009e84   0x00000004   PAD
    0x08009e88   0x0000011c   Code   RO        32388    .text.pwmout_write  BUILD/NUCLEO_F411RE/ARMC6/mbed-os/targets/TARGET_STM/pwmout_api.o
    0x08009fa4   0x00000014   Code   RO        32573    .text.restore_timer_ctx  BUILD/NUCLEO_F411RE/ARMC6/mbed-os/targets/TARGET_STM/us_ticker.o
    0x08009fb8   0x0000000c   Code   RO         1159    .text.rtos_idle_loop  BUILD/NUCLEO_F411RE/ARMC6/mbed-os/cmsis/device/rtos/source/mbed_rtx_idle.o
    0x08009fc4   0x0000001c   Code   RO        32571    .text.save_timer_ctx  BUILD/NUCLEO_F411RE/ARMC6/mbed-os/targets/TARGET_STM/us_ticker.o
    0x08009fe0   0x000000ca   Code   RO        25545    .text.schedule_interrupt  BUILD/NUCLEO_F411RE/ARMC6/mbed-os/hal/source/mbed_ticker_api.o
    0x0800a0aa   0x00000006   Code   RO        32456    .text.serial_baud   BUILD/NUCLEO_F411RE/ARMC6/mbed-os/targets/TARGET_STM/serial_api.o
    0x0800a0b0   0x0000003c   Code   RO        32114    .text.serial_getc   BUILD/NUCLEO_F411RE/ARMC6/mbed-os/targets/TARGET_STM/TARGET_STM32F4/serial_device.o
    0x0800a0ec   0x000000dc   Code   RO        32446    .text.serial_init_direct  BUILD/NUCLEO_F411RE/ARMC6/mbed-os/targets/TARGET_STM/serial_api.o
    0x0800a1c8   0x00000044   Code   RO        32476    .text.serial_is_tx_ongoing  BUILD/NUCLEO_F411RE/ARMC6/mbed-os/targets/TARGET_STM/serial_api.o
    0x0800a20c   0x00000024   Code   RO        32116    .text.serial_putc   BUILD/NUCLEO_F411RE/ARMC6/mbed-os/targets/TARGET_STM/TARGET_STM32F4/serial_device.o
    0x0800a230   0x0000002c   Code   RO        32468    .text.serial_readable  BUILD/NUCLEO_F411RE/ARMC6/mbed-os/targets/TARGET_STM/serial_api.o
    0x0800a25c   0x00000018   Code   RO        32470    .text.serial_writable  BUILD/NUCLEO_F411RE/ARMC6/mbed-os/targets/TARGET_STM/serial_api.o
    0x0800a274   0x000000f8   Code   RO          357    .text.set_sequence_step_timeout  BUILD/NUCLEO_F411RE/ARMC6/VL53L0X/core/src/vl53l0x_api_core.o
    0x0800a36c   0x00000024   Code   RO        26426    .text.sleep_manager_lock_deep_sleep_internal  BUILD/NUCLEO_F411RE/ARMC6/mbed-os/platform/source/mbed_power_mgmt.o
    0x0800a390   0x00000020   Code   RO        26434    .text.sleep_manager_sleep_auto  BUILD/NUCLEO_F411RE/ARMC6/mbed-os/platform/source/mbed_power_mgmt.o
    0x0800a3b0   0x00000030   Code   RO        26428    .text.sleep_manager_unlock_deep_sleep_internal  BUILD/NUCLEO_F411RE/ARMC6/mbed-os/platform/source/mbed_power_mgmt.o
    0x0800a3e0   0x0000003a   Code   RO        32357    .text.stm_pin_PullConfig  BUILD/NUCLEO_F411RE/ARMC6/mbed-os/targets/TARGET_STM/pinmap.o
    0x0800a41a   0x00000002   PAD
    0x0800a41c   0x00000074   Code   RO          562    .text.svcRtxEventFlagsNew  BUILD/NUCLEO_F411RE/ARMC6/mbed-os/cmsis/CMSIS_5/CMSIS/RTOS2/RTX/Source/rtx_evflags.o
    0x0800a490   0x00000080   Code   RO          570    .text.svcRtxEventFlagsSet  BUILD/NUCLEO_F411RE/ARMC6/mbed-os/cmsis/CMSIS_5/CMSIS/RTOS2/RTX/Source/rtx_evflags.o
    0x0800a510   0x00000008   Code   RO          620    .text.svcRtxKernelGetState  BUILD/NUCLEO_F411RE/ARMC6/mbed-os/cmsis/CMSIS_5/CMSIS/RTOS2/RTX/Source/rtx_kernel.o
    0x0800a518   0x00000008   Code   RO          636    .text.svcRtxKernelGetTickCount  BUILD/NUCLEO_F411RE/ARMC6/mbed-os/cmsis/CMSIS_5/CMSIS/RTOS2/RTX/Source/rtx_kernel.o
    0x0800a520   0x00000104   Code   RO          650    .text.svcRtxKernelInitialize  BUILD/NUCLEO_F411RE/ARMC6/mbed-os/cmsis/CMSIS_5/CMSIS/RTOS2/RTX/Source/rtx_kernel.o
    0x0800a624   0x00000094   Code   RO          652    .text.svcRtxKernelStart  BUILD/NUCLEO_F411RE/ARMC6/mbed-os/cmsis/CMSIS_5/CMSIS/RTOS2/RTX/Source/rtx_kernel.o
    0x0800a6b8   0x000000d4   Code   RO          790    .text.svcRtxMessageQueueGet  BUILD/NUCLEO_F411RE/ARMC6/mbed-os/cmsis/CMSIS_5/CMSIS/RTOS2/RTX/Source/rtx_msgqueue.o
    0x0800a78c   0x0000013c   Code   RO          776    .text.svcRtxMessageQueueNew  BUILD/NUCLEO_F411RE/ARMC6/mbed-os/cmsis/CMSIS_5/CMSIS/RTOS2/RTX/Source/rtx_msgqueue.o
    0x0800a8c8   0x000000c0   Code   RO          786    .text.svcRtxMessageQueuePut  BUILD/NUCLEO_F411RE/ARMC6/mbed-os/cmsis/CMSIS_5/CMSIS/RTOS2/RTX/Source/rtx_msgqueue.o
    0x0800a988   0x0000009c   Code   RO          822    .text.svcRtxMutexAcquire  BUILD/NUCLEO_F411RE/ARMC6/mbed-os/cmsis/CMSIS_5/CMSIS/RTOS2/RTX/Source/rtx_mutex.o
    0x0800aa24   0x000000ac   Code   RO          828    .text.svcRtxMutexDelete  BUILD/NUCLEO_F411RE/ARMC6/mbed-os/cmsis/CMSIS_5/CMSIS/RTOS2/RTX/Source/rtx_mutex.o
    0x0800aad0   0x00000078   Code   RO          818    .text.svcRtxMutexNew  BUILD/NUCLEO_F411RE/ARMC6/mbed-os/cmsis/CMSIS_5/CMSIS/RTOS2/RTX/Source/rtx_mutex.o
    0x0800ab48   0x000000c4   Code   RO          824    .text.svcRtxMutexRelease  BUILD/NUCLEO_F411RE/ARMC6/mbed-os/cmsis/CMSIS_5/CMSIS/RTOS2/RTX/Source/rtx_mutex.o
    0x0800ac0c   0x00000064   Code   RO          990    .text.svcRtxThreadExit  BUILD/NUCLEO_F411RE/ARMC6/mbed-os/cmsis/CMSIS_5/CMSIS/RTOS2/RTX/Source/rtx_thread.o
    0x0800ac70   0x0000000c   Code   RO          922    .text.svcRtxThreadGetId  BUILD/NUCLEO_F411RE/ARMC6/mbed-os/cmsis/CMSIS_5/CMSIS/RTOS2/RTX/Source/rtx_thread.o
    0x0800ac7c   0x00000204   Code   RO          914    .text.svcRtxThreadNew  BUILD/NUCLEO_F411RE/ARMC6/mbed-os/cmsis/CMSIS_5/CMSIS/RTOS2/RTX/Source/rtx_thread.o
    0x0800ae80   0x00000004   Code   RO        26310    .text.system_reset  BUILD/NUCLEO_F411RE/ARMC6/mbed-os/platform/source/mbed_error.o
    0x0800ae84   0x0000005e   Code   RO        25541    .text.ticker_irq_handler  BUILD/NUCLEO_F411RE/ARMC6/mbed-os/hal/source/mbed_ticker_api.o
    0x0800aee2   0x00000020   Code   RO        25557    .text.ticker_read_us  BUILD/NUCLEO_F411RE/ARMC6/mbed-os/hal/source/mbed_ticker_api.o
    0x0800af02   0x00000002   PAD
    0x0800af04   0x00000024   Code   RO        32555    .text.timer_irq_handler  BUILD/NUCLEO_F411RE/ARMC6/mbed-os/targets/TARGET_STM/us_ticker.o
    0x0800af28   0x0000007c   Code   RO        25543    .text.update_present_time  BUILD/NUCLEO_F411RE/ARMC6/mbed-os/hal/source/mbed_ticker_api.o
    0x0800afa4   0x0000000c   Code   RO        32569    .text.us_ticker_clear_interrupt  BUILD/NUCLEO_F411RE/ARMC6/mbed-os/targets/TARGET_STM/us_ticker.o
    0x0800afb0   0x00000010   Code   RO        32567    .text.us_ticker_disable_interrupt  BUILD/NUCLEO_F411RE/ARMC6/mbed-os/targets/TARGET_STM/us_ticker.o
    0x0800afc0   0x0000001c   Code   RO        32565    .text.us_ticker_fire_interrupt  BUILD/NUCLEO_F411RE/ARMC6/mbed-os/targets/TARGET_STM/us_ticker.o
    0x0800afdc   0x00000008   Code   RO        32553    .text.us_ticker_get_info  BUILD/NUCLEO_F411RE/ARMC6/mbed-os/targets/TARGET_STM/us_ticker.o
    0x0800afe4   0x00000014   Code   RO        32559    .text.us_ticker_init  BUILD/NUCLEO_F411RE/ARMC6/mbed-os/targets/TARGET_STM/us_ticker.o
    0x0800aff8   0x00000014   Code   RO        25581    .text.us_ticker_irq_handler  BUILD/NUCLEO_F411RE/ARMC6/mbed-os/hal/source/mbed_us_ticker_api.o
    0x0800b00c   0x0000000c   Code   RO        32561    .text.us_ticker_read  BUILD/NUCLEO_F411RE/ARMC6/mbed-os/targets/TARGET_STM/us_ticker.o
    0x0800b018   0x0000001c   Code   RO        32563    .text.us_ticker_set_interrupt  BUILD/NUCLEO_F411RE/ARMC6/mbed-os/targets/TARGET_STM/us_ticker.o
    0x0800b034   0x0000002a   Code   RO        26489    .text.write         BUILD/NUCLEO_F411RE/ARMC6/mbed-os/platform/source/mbed_retarget.o
    0x0800b05e   0x0000001a   Code   RO        32705    i.fputc             /Library/Application Support/Mbed Studio/mbed-studio-tools/ac6/bin/../lib/armlib/c_w.l(fputc.o)
    0x0800b078   0x00000150   Code   RO        32816    x$fpl$dadd          /Library/Application Support/Mbed Studio/mbed-studio-tools/ac6/bin/../lib/armlib/fz_wm.l(daddsub_clz.o)
    0x0800b1c8   0x0000005a   Code   RO        32828    x$fpl$dfixu         /Library/Application Support/Mbed Studio/mbed-studio-tools/ac6/bin/../lib/armlib/fz_wm.l(dfixu.o)
    0x0800b222   0x0000009c   Code   RO        33077    x$fpl$dnaninf       /Library/Application Support/Mbed Studio/mbed-studio-tools/ac6/bin/../lib/armlib/fz_wm.l(dnaninf.o)
    0x0800b2be   0x0000000c   Code   RO        33079    x$fpl$dretinf       /Library/Application Support/Mbed Studio/mbed-studio-tools/ac6/bin/../lib/armlib/fz_wm.l(dretinf.o)
    0x0800b2ca   0x00000002   PAD
    0x0800b2cc   0x000001dc   Code   RO        32818    x$fpl$dsub          /Library/Application Support/Mbed Studio/mbed-studio-tools/ac6/bin/../lib/armlib/fz_wm.l(daddsub_clz.o)
    0x0800b4a8   0x00000056   Code   RO        32840    x$fpl$f2d           /Library/Application Support/Mbed Studio/mbed-studio-tools/ac6/bin/../lib/armlib/fz_wm.l(f2d.o)
    0x0800b4fe   0x0000008c   Code   RO        33081    x$fpl$fnaninf       /Library/Application Support/Mbed Studio/mbed-studio-tools/ac6/bin/../lib/armlib/fz_wm.l(fnaninf.o)
    0x0800b58a   0x0000001a   Code   RO        33199    x$fpl$fpinit        /Library/Application Support/Mbed Studio/mbed-studio-tools/ac6/bin/../lib/armlib/fz_wm.l(fpinit.o)
    0x0800b5a4   0x00000000   Code   RO        33085    x$fpl$usenofp       /Library/Application Support/Mbed Studio/mbed-studio-tools/ac6/bin/../lib/armlib/fz_wm.l(usenofp.o)
    0x0800b5a4   0x000000a0   Data   RO          682    .rodata             BUILD/NUCLEO_F411RE/ARMC6/mbed-os/cmsis/CMSIS_5/CMSIS/RTOS2/RTX/Source/rtx_lib.o
    0x0800b644   0x00000010   Data   RO         1138    .rodata..L__const.mbed_rtos_init_singleton_mutex.singleton_mutex_attr  BUILD/NUCLEO_F411RE/ARMC6/mbed-os/cmsis/device/rtos/source/mbed_rtos_rtx.o
    0x0800b654   0x00000010   Data   RO        32034    .rodata.AHBPrescTable  BUILD/NUCLEO_F411RE/ARMC6/mbed-os/targets/TARGET_STM/TARGET_STM32F4/STM32Cube_FW/system_stm32f4xx.o
    0x0800b664   0x00000008   Data   RO        32035    .rodata.APBPrescTable  BUILD/NUCLEO_F411RE/ARMC6/mbed-os/targets/TARGET_STM/TARGET_STM32F4/STM32Cube_FW/system_stm32f4xx.o
    0x0800b66c   0x00000030   Data   RO        32041    .rodata.PinMap_I2C_SCL  BUILD/NUCLEO_F411RE/ARMC6/mbed-os/targets/TARGET_STM/TARGET_STM32F4/TARGET_STM32F411xE/TARGET_NUCLEO_F411RE/PeripheralPins.o
    0x0800b69c   0x00000060   Data   RO        32040    .rodata.PinMap_I2C_SDA  BUILD/NUCLEO_F411RE/ARMC6/mbed-os/targets/TARGET_STM/TARGET_STM32F4/TARGET_STM32F411xE/TARGET_NUCLEO_F411RE/PeripheralPins.o
    0x0800b6fc   0x0000018c   Data   RO        32042    .rodata.PinMap_PWM  BUILD/NUCLEO_F411RE/ARMC6/mbed-os/targets/TARGET_STM/TARGET_STM32F4/TARGET_STM32F411xE/TARGET_NUCLEO_F411RE/PeripheralPins.o
    0x0800b888   0x00000050   Data   RO        26627    .rodata._ZTV12DirectSerial  BUILD/NUCLEO_F411RE/ARMC6/mbed-os/platform/source/mbed_retarget.o
    0x0800b8d8   0x00000010   Data   RO        22893    .rodata._ZTVN4mbed11InterruptInE  BUILD/NUCLEO_F411RE/ARMC6/mbed-os/drivers/source/InterruptIn.o
    0x0800b8e8   0x00000018   Data   RO        22834    .rodata._ZTVN4mbed3I2CE  BUILD/NUCLEO_F411RE/ARMC6/mbed-os/drivers/source/I2C.o
    0x0800b900   0x00000018   Data   RO        26634    .rodata._ZZL15default_consolevE14console_pinmap  BUILD/NUCLEO_F411RE/ARMC6/mbed-os/platform/source/mbed_retarget.o
    0x0800b918   0x00000008   Data   RO        26623    .rodata.__stderr_name  BUILD/NUCLEO_F411RE/ARMC6/mbed-os/platform/source/mbed_retarget.o
    0x0800b920   0x00000007   Data   RO        26621    .rodata.__stdin_name  BUILD/NUCLEO_F411RE/ARMC6/mbed-os/platform/source/mbed_retarget.o
    0x0800b927   0x00000008   Data   RO        26622    .rodata.__stdout_name  BUILD/NUCLEO_F411RE/ARMC6/mbed-os/platform/source/mbed_retarget.o
    0x0800b92f   0x00000001   PAD
    0x0800b930   0x00000040   Data   RO        32361    .rodata.ll_pin_defines  BUILD/NUCLEO_F411RE/ARMC6/mbed-os/targets/TARGET_STM/pinmap.o
    0x0800b970   0x00000004   Data   RO          684    .rodata.osRtxUserSVC  BUILD/NUCLEO_F411RE/ARMC6/mbed-os/cmsis/CMSIS_5/CMSIS/RTOS2/RTX/Source/rtx_lib.o
    0x0800b974   0x00000024   Data   RO          679    .rodata.os_idle_thread_attr  BUILD/NUCLEO_F411RE/ARMC6/mbed-os/cmsis/CMSIS_5/CMSIS/RTOS2/RTX/Source/rtx_lib.o
    0x0800b998   0x00000018   Data   RO          681    .rodata.os_timer_mq_attr  BUILD/NUCLEO_F411RE/ARMC6/mbed-os/cmsis/CMSIS_5/CMSIS/RTOS2/RTX/Source/rtx_lib.o
    0x0800b9b0   0x00000024   Data   RO          680    .rodata.os_timer_thread_attr  BUILD/NUCLEO_F411RE/ARMC6/mbed-os/cmsis/CMSIS_5/CMSIS/RTOS2/RTX/Source/rtx_lib.o
    0x0800b9d4   0x000000c0   Data   RO        32100    .rodata.pin_lines_desc  BUILD/NUCLEO_F411RE/ARMC6/mbed-os/targets/TARGET_STM/TARGET_STM32F4/gpio_irq_device.o
    0x0800ba94   0x00000048   Data   RO        32102    .rodata.pwm_apb_map_table  BUILD/NUCLEO_F411RE/ARMC6/mbed-os/targets/TARGET_STM/TARGET_STM32F4/pwmout_device.o
    0x0800badc   0x00000013   Data   RO          685    .rodata.str1.1      BUILD/NUCLEO_F411RE/ARMC6/mbed-os/cmsis/CMSIS_5/CMSIS/RTOS2/RTX/Source/rtx_lib.o
    0x0800baef   0x00000010   Data   RO         1136    .rodata.str1.1      BUILD/NUCLEO_F411RE/ARMC6/mbed-os/cmsis/device/rtos/source/mbed_rtos_rtx.o
    0x0800baff   0x000000c8   Data   RO        26145    .rodata.str1.1      BUILD/NUCLEO_F411RE/ARMC6/mbed-os/platform/source/TARGET_CORTEX_M/mbed_fault_handler.o
    0x0800bbc7   0x00000017   Data   RO        32411    .rodata.str1.1      BUILD/NUCLEO_F411RE/ARMC6/mbed-os/targets/TARGET_STM/pwmout_api.o
    0x0800bbde   0x00000002   PAD
    0x0800bbe0   0x0000000b   Data   RO          672    .rodata.str1.4      BUILD/NUCLEO_F411RE/ARMC6/mbed-os/cmsis/CMSIS_5/CMSIS/RTOS2/RTX/Source/rtx_kernel.o
    0x0800bbeb   0x00000001   PAD
    0x0800bbec   0x00000008   Data   RO        25585    .rodata.us_data     BUILD/NUCLEO_F411RE/ARMC6/mbed-os/hal/source/mbed_us_ticker_api.o
    0x0800bbf4   0x00000024   Data   RO        25587    .rodata.us_interface  BUILD/NUCLEO_F411RE/ARMC6/mbed-os/hal/source/mbed_us_ticker_api.o
    0x0800bc18   0x00000008   Data   RO        32577    .rodata.us_ticker_get_info.info  BUILD/NUCLEO_F411RE/ARMC6/mbed-os/targets/TARGET_STM/us_ticker.o
    0x0800bc20   0x00000020   Data   RO        33356    Region$$Table       anon$$obj.o
    0x0800bc40   0x00000004   Data   RO          468    .init_array         BUILD/NUCLEO_F411RE/ARMC6/main.o
    0x0800bc44   0x00000000   Data   RO        32811    .init_array         /Library/Application Support/Mbed Studio/mbed-studio-tools/ac6/bin/../lib/armlib/c_w.l(init_aeabi.o)


    Execution Region RW_m_crash_data (Base: 0x20000198, Size: 0x00000100, Max: 0x00000100, ABSOLUTE)

    Base Addr    Size         Type   Attr      Idx    E Section Name        Object

    0x20000198   0x00000100   Zero   RW            1    RW_m_crash_data.bss  anon$$obj.o


    Execution Region RW_IRAM1 (Base: 0x20000298, Size: 0x000029a4, Max: 0x0001fd68, ABSOLUTE, COMPRESSED[0x000002a8])

    Base Addr    Size         Type   Attr      Idx    E Section Name        Object

    0x20000298   0x00000004   Data   RW        32729    .data               /Library/Application Support/Mbed Studio/mbed-studio-tools/ac6/bin/../lib/armlib/c_w.l(stdio_streams.o)
    0x2000029c   0x00000004   Data   RW        32730    .data               /Library/Application Support/Mbed Studio/mbed-studio-tools/ac6/bin/../lib/armlib/c_w.l(stdio_streams.o)
    0x200002a0   0x00000004   Data   RW        32731    .data               /Library/Application Support/Mbed Studio/mbed-studio-tools/ac6/bin/../lib/armlib/c_w.l(stdio_streams.o)
    0x200002a4   0x00000004   Data   RW        32992    .data               /Library/Application Support/Mbed Studio/mbed-studio-tools/ac6/bin/../lib/armlib/c_w.l(streamlock.o)
    0x200002a8   0x00000008   Data   RW        28848    .data..L_MergedGlobals  BUILD/NUCLEO_F411RE/ARMC6/mbed-os/targets/TARGET_STM/TARGET_STM32F4/STM32Cube_FW/STM32F4xx_HAL_Driver/stm32f4xx_hal.o
    0x200002b0   0x000000f3   Data   RW          268    .data.DefaultTuningSettings  BUILD/NUCLEO_F411RE/ARMC6/VL53L0X/core/src/vl53l0x_api.o
    0x200003a3   0x000001b6   Data   RW          269    .data.InterruptThresholdSettings  BUILD/NUCLEO_F411RE/ARMC6/VL53L0X/core/src/vl53l0x_api.o
    0x20000559   0x00000003   PAD
    0x2000055c   0x00000004   Data   RW        32033    .data.SystemCoreClock  BUILD/NUCLEO_F411RE/ARMC6/mbed-os/targets/TARGET_STM/TARGET_STM32F4/STM32Cube_FW/system_stm32f4xx.o
    0x20000560   0x00000040   Data   RW        26633    .data._ZL11filehandles  BUILD/NUCLEO_F411RE/ARMC6/mbed-os/platform/source/mbed_retarget.o
    0x200005a0   0x00000004   Data   RW         1161    .data._ZL14idle_hook_fptr  BUILD/NUCLEO_F411RE/ARMC6/mbed-os/cmsis/device/rtos/source/mbed_rtx_idle.o
    0x200005a4   0x00000004   Data   RW        25586    .data.irq_handler   BUILD/NUCLEO_F411RE/ARMC6/mbed-os/hal/source/mbed_us_ticker_api.o
    0x200005a8   0x000000a4   Data   RW          673    .data.os            BUILD/NUCLEO_F411RE/ARMC6/mbed-os/cmsis/CMSIS_5/CMSIS/RTOS2/RTX/Source/rtx_kernel.o
    0x2000064c   0x00000010   Data   RW          326    .data.refArrayQuadrants  BUILD/NUCLEO_F411RE/ARMC6/VL53L0X/core/src/vl53l0x_api_calibration.o
    0x2000065c   0x00000054   Zero   RW        32726    .bss                /Library/Application Support/Mbed Studio/mbed-studio-tools/ac6/bin/../lib/armlib/c_w.l(stdio_streams.o)
    0x200006b0   0x00000054   Zero   RW        32727    .bss                /Library/Application Support/Mbed Studio/mbed-studio-tools/ac6/bin/../lib/armlib/c_w.l(stdio_streams.o)
    0x20000704   0x00000054   Zero   RW        32728    .bss                /Library/Application Support/Mbed Studio/mbed-studio-tools/ac6/bin/../lib/armlib/c_w.l(stdio_streams.o)
    0x20000758   0x00000060   Zero   RW        32916    .bss                /Library/Application Support/Mbed Studio/mbed-studio-tools/ac6/bin/../lib/armlib/c_w.l(libspace.o)
    0x200007b8   0x00000048   Zero   RW          470    .bss..L_MergedGlobals  BUILD/NUCLEO_F411RE/ARMC6/main.o
    0x20000800   0x00000002   Zero   RW        25417    .bss..L_MergedGlobals  BUILD/NUCLEO_F411RE/ARMC6/mbed-os/hal/source/mbed_critical_section_api.o
    0x20000802   0x00000002   PAD
    0x20000804   0x00000024   Zero   RW        25758    .bss..L_MergedGlobals  BUILD/NUCLEO_F411RE/ARMC6/mbed-os/platform/source/CThunkBase.o
    0x20000828   0x00000030   Zero   RW        25822    .bss..L_MergedGlobals  BUILD/NUCLEO_F411RE/ARMC6/mbed-os/platform/source/FileBase.o
    0x20000858   0x0000004c   Zero   RW        26335    .bss..L_MergedGlobals  BUILD/NUCLEO_F411RE/ARMC6/mbed-os/platform/source/mbed_error.o
    0x200008a4   0x00000028   Zero   RW        26635    .bss..L_MergedGlobals  BUILD/NUCLEO_F411RE/ARMC6/mbed-os/platform/source/mbed_retarget.o
    0x200008cc   0x00000008   Zero   RW        26940    .bss..L_MergedGlobals  BUILD/NUCLEO_F411RE/ARMC6/mbed-os/rtos/source/Kernel.o
    0x200008d4   0x00000008   Zero   RW        32206    .bss..L_MergedGlobals  BUILD/NUCLEO_F411RE/ARMC6/mbed-os/targets/TARGET_STM/gpio_irq_api.o
    0x200008dc   0x0000000c   Zero   RW        32217    .bss..L_MergedGlobals  BUILD/NUCLEO_F411RE/ARMC6/mbed-os/targets/TARGET_STM/hal_tick_overrides.o
    0x200008e8   0x00000050   Zero   RW        32481    .bss..L_MergedGlobals  BUILD/NUCLEO_F411RE/ARMC6/mbed-os/targets/TARGET_STM/serial_api.o
    0x20000938   0x00000054   Zero   RW        32578    .bss..L_MergedGlobals  BUILD/NUCLEO_F411RE/ARMC6/mbed-os/targets/TARGET_STM/us_ticker.o
    0x2000098c   0x00000078   Zero   RW          471    .bss..L_MergedGlobals.7  BUILD/NUCLEO_F411RE/ARMC6/main.o
    0x20000a04   0x00000001   Zero   RW         1084    .bss.PendST         BUILD/NUCLEO_F411RE/ARMC6/mbed-os/cmsis/CMSIS_5/CMSIS/RTOS2/Source/os_systick.o
    0x20000a05   0x00000003   PAD
    0x20000a08   0x00000048   Zero   RW        32410    .bss.TimHandle      BUILD/NUCLEO_F411RE/ARMC6/mbed-os/targets/TARGET_STM/pwmout_api.o
    0x20000a50   0x00000028   Zero   RW        26626    .bss._ZL16filehandle_mutex  BUILD/NUCLEO_F411RE/ARMC6/mbed-os/platform/source/mbed_retarget.o
    0x20000a78   0x00000028   Zero   RW        22833    .bss._ZN4mbed3I2C6_mutexE  BUILD/NUCLEO_F411RE/ARMC6/mbed-os/drivers/source/I2C.o
    0x20000aa0   0x00000004   Zero   RW        22832    .bss._ZN4mbed3I2C6_ownerE  BUILD/NUCLEO_F411RE/ARMC6/mbed-os/drivers/source/I2C.o
    0x20000aa4   0x00000004   PAD
    0x20000aa8   0x00001000   Zero   RW         1133    .bss._main_stack    BUILD/NUCLEO_F411RE/ARMC6/mbed-os/cmsis/device/rtos/source/mbed_rtos_rtx.o
    0x20001aa8   0x00000024   Zero   RW         1134    .bss._main_thread_attr  BUILD/NUCLEO_F411RE/ARMC6/mbed-os/cmsis/device/rtos/source/mbed_rtos_rtx.o
    0x20001acc   0x00000020   Zero   RW         1106    .bss._static_mutexes  BUILD/NUCLEO_F411RE/ARMC6/mbed-os/cmsis/device/rtos/TOOLCHAIN_ARM_STD/mbed_boot_arm_std.o
    0x20001aec   0x000000e0   Zero   RW         1107    .bss._static_mutexes_mem  BUILD/NUCLEO_F411RE/ARMC6/mbed-os/cmsis/device/rtos/TOOLCHAIN_ARM_STD/mbed_boot_arm_std.o
    0x20001bcc   0x00000214   Zero   RW        32205    .bss.channels       BUILD/NUCLEO_F411RE/ARMC6/mbed-os/targets/TARGET_STM/gpio_irq_api.o
    0x20001de0   0x00000004   Zero   RW        26283    .bss.critical_section_reentrancy_counter  BUILD/NUCLEO_F411RE/ARMC6/mbed-os/platform/source/mbed_critical.o
    0x20001de4   0x00000002   Zero   RW        26438    .bss.deep_sleep_lock  BUILD/NUCLEO_F411RE/ARMC6/mbed-os/platform/source/mbed_power_mgmt.o
    0x20001de6   0x00000002   PAD
    0x20001de8   0x00000038   Zero   RW        25588    .bss.events         BUILD/NUCLEO_F411RE/ARMC6/mbed-os/hal/source/mbed_us_ticker_api.o
    0x20001e20   0x00000001   Zero   RW        26334    .bss.halt_in_progress  BUILD/NUCLEO_F411RE/ARMC6/mbed-os/platform/source/mbed_error.o
    0x20001e21   0x00000007   PAD
    0x20001e28   0x00000090   Zero   RW          464    .bss.hcsr04         BUILD/NUCLEO_F411RE/ARMC6/main.o
    0x20001eb8   0x000000e0   Zero   RW          462    .bss.i2c            BUILD/NUCLEO_F411RE/ARMC6/main.o
    0x20001f98   0x00000014   Zero   RW        32324    .bss.i2c_handles    BUILD/NUCLEO_F411RE/ARMC6/mbed-os/targets/TARGET_STM/i2c_api.o
    0x20001fac   0x00000001   Zero   RW        26332    .bss.is_reboot_error_valid  BUILD/NUCLEO_F411RE/ARMC6/mbed-os/platform/source/mbed_error.o
    0x20001fad   0x00000003   PAD
    0x20001fb0   0x00000040   Zero   RW        26333    .bss.last_error_ctx  BUILD/NUCLEO_F411RE/ARMC6/mbed-os/platform/source/mbed_error.o
    0x20001ff0   0x0000005c   Zero   RW          466    .bss.mainQueue      BUILD/NUCLEO_F411RE/ARMC6/main.o
    0x2000204c   0x00000004   Zero   RW        26625    .bss.mbed_heap_size  BUILD/NUCLEO_F411RE/ARMC6/mbed-os/platform/source/mbed_retarget.o
    0x20002050   0x00000004   Zero   RW        26624    .bss.mbed_heap_start  BUILD/NUCLEO_F411RE/ARMC6/mbed-os/platform/source/mbed_retarget.o
    0x20002054   0x00000004   Zero   RW        32351    .bss.mbed_sdk_inited  BUILD/NUCLEO_F411RE/ARMC6/mbed-os/targets/TARGET_STM/mbed_overrides.o
    0x20002058   0x00000004   Zero   RW         1124    .bss.mbed_stack_isr_size  BUILD/NUCLEO_F411RE/ARMC6/mbed-os/cmsis/device/rtos/source/mbed_boot.o
    0x2000205c   0x00000004   Zero   RW         1123    .bss.mbed_stack_isr_start  BUILD/NUCLEO_F411RE/ARMC6/mbed-os/cmsis/device/rtos/source/mbed_boot.o
    0x20002060   0x00000040   Zero   RW          678    .bss.os             BUILD/NUCLEO_F411RE/ARMC6/mbed-os/cmsis/CMSIS_5/CMSIS/RTOS2/RTX/Source/rtx_lib.o
    0x200020a0   0x000001f0   Zero   RW         1105    .bss.os.libspace    BUILD/NUCLEO_F411RE/ARMC6/mbed-os/cmsis/device/rtos/TOOLCHAIN_ARM_STD/mbed_boot_arm_std.o
    0x20002290   0x00000034   Zero   RW          688    .bss.os.msgqueue.cb  BUILD/NUCLEO_F411RE/ARMC6/mbed-os/cmsis/CMSIS_5/CMSIS/RTOS2/RTX/Source/rtx_lib.o
    0x200022c4   0x00000050   Zero   RW          689    .bss.os.msgqueue.mem  BUILD/NUCLEO_F411RE/ARMC6/mbed-os/cmsis/CMSIS_5/CMSIS/RTOS2/RTX/Source/rtx_lib.o
    0x20002314   0x00000088   Zero   RW          686    .bss.os.thread.cb   BUILD/NUCLEO_F411RE/ARMC6/mbed-os/cmsis/CMSIS_5/CMSIS/RTOS2/RTX/Source/rtx_lib.o
    0x2000239c   0x00000044   Zero   RW         1135    .bss.os.thread.cb   BUILD/NUCLEO_F411RE/ARMC6/mbed-os/cmsis/device/rtos/source/mbed_rtos_rtx.o
    0x200023e0   0x00000500   Zero   RW          687    .bss.os.thread.stack  BUILD/NUCLEO_F411RE/ARMC6/mbed-os/cmsis/CMSIS_5/CMSIS/RTOS2/RTX/Source/rtx_lib.o
    0x200028e0   0x00000001   Zero   RW         1108    .bss.os_kernel_is_active.os_kernel_active  BUILD/NUCLEO_F411RE/ARMC6/mbed-os/cmsis/device/rtos/TOOLCHAIN_ARM_STD/mbed_boot_arm_std.o
    0x200028e1   0x00000003   PAD
    0x200028e4   0x00000004   Zero   RW         1139    .bss.singleton_mutex_id  BUILD/NUCLEO_F411RE/ARMC6/mbed-os/cmsis/device/rtos/source/mbed_rtos_rtx.o
    0x200028e8   0x0000001c   Zero   RW         1137    .bss.singleton_mutex_obj  BUILD/NUCLEO_F411RE/ARMC6/mbed-os/cmsis/device/rtos/source/mbed_rtos_rtx.o
    0x20002904   0x00000004   Zero   RW         1152    .bss.terminate_hook  BUILD/NUCLEO_F411RE/ARMC6/mbed-os/cmsis/device/rtos/source/mbed_rtx_handlers.o
    0x20002908   0x000000cc   Zero   RW        32148    .bss.uart_handlers  BUILD/NUCLEO_F411RE/ARMC6/mbed-os/targets/TARGET_STM/TARGET_STM32F4/serial_device.o
    0x200029d4   0x0000020c   Zero   RW          463    .bss.vl53l0x        BUILD/NUCLEO_F411RE/ARMC6/main.o
    0x20002be0   0x0000005c   Zero   RW          467    .bss.workerQueue    BUILD/NUCLEO_F411RE/ARMC6/main.o


    Execution Region ARM_LIB_HEAP (Base: 0x20002c40, Size: 0x0001cfc0, Max: 0x0001cfc0, ABSOLUTE)

    Base Addr    Size         Type   Attr      Idx    E Section Name        Object

    0x20002c40   0x0001cfc0   Zero   RW            2    ARM_LIB_HEAP.bss    anon$$obj.o


    Execution Region ARM_LIB_STACK (Base: 0x2001fc00, Size: 0x00000400, Max: 0x00000400, ABSOLUTE)

    Base Addr    Size         Type   Attr      Idx    E Section Name        Object

    0x2001fc00   0x00000400   Zero   RW            3    ARM_LIB_STACK.bss   anon$$obj.o


==============================================================================

Image component sizes


      Code (inc. data)   RO Data    RW Data    ZI Data      Debug   

     40430       2256       2104        948     129348      46600   Object Totals
         0          0         32          0     120000          0   (incl. Generated)
        90          4          4          3         24          0   (incl. Padding)
      5662        228          0         16        348       5240   Library Totals
        16          0          0          0          0          0   (incl. Padding)

==============================================================================


      Code (inc. data)   RO Data    RW Data    ZI Data      Debug   

     46092       2484       2104        964     129696      46996   Grand Totals
     46092       2484       2104        680     129696      46996   ELF Image Totals (compressed)
     46092       2484       2104        680          0          0   ROM Totals

==============================================================================

    Total RO  Size (Code + RO Data)                48196 (  47.07kB)
    Total RW  Size (RW Data + ZI Data)            130660 ( 127.60kB)
    Total ROM Size (Code + RO Data + RW Data)      48876 (  47.73kB)

==============================================================================

